Component: ARM Compiler 6.16 Tool: armlink [5dfeaa00]

==============================================================================

Section Cross References

    main.o(.ARM.exidx.text.SystemCoreClockConfigure) refers to main.o(.text.SystemCoreClockConfigure) for [Anonymous Symbol]
    main.o(.text.main) refers to main.o(.text.SystemCoreClockConfigure) for SystemCoreClockConfigure
    main.o(.text.main) refers to system_stm32f10x.o(.text.SystemCoreClockUpdate) for SystemCoreClockUpdate
    main.o(.text.main) refers to main.o(.text.InitGPIO) for InitGPIO
    main.o(.text.main) refers to main.o(.text.InitUSART) for InitUSART
    main.o(.text.main) refers to main.o(.text.InitSysTick) for InitSysTick
    main.o(.text.main) refers to main.o(.text.InitTIM3) for InitTIM3
    main.o(.text.main) refers to main.o(.text.InitSPI) for InitSPI
    main.o(.text.main) refers to main.o(.text.InitADC) for InitADC
    main.o(.text.main) refers to mux57.o(.text.hw_segment_disable_all) for hw_segment_disable_all
    main.o(.text.main) refers to mux57.o(.text.hw_digit_driver_initialize) for hw_digit_driver_initialize
    main.o(.text.main) refers to main.o(.rodata.str_version) for str_version
    main.o(.text.main) refers to usart_utilities.o(.text.UU_PutString) for UU_PutString
    main.o(.text.main) refers to main.o(.rodata.str_splash) for str_splash
    main.o(.text.main) refers to mux57.o(.text.mux57_splash) for mux57_splash
    main.o(.text.main) refers to main.o(.bss.ee_status_shadow) for ee_status_shadow
    main.o(.text.main) refers to addon57.o(.text.addon57_validate_status_block) for addon57_validate_status_block
    main.o(.text.main) refers to main.o(.rodata.str_ee_fail) for str_ee_fail
    main.o(.text.main) refers to mux57.o(.text.hw_digit_driver_intensity) for hw_digit_driver_intensity
    main.o(.text.main) refers to ti57.o(.text.ti57_init) for ti57_init
    main.o(.text.main) refers to ti57.o(.text.ti57_next) for ti57_next
    main.o(.text.main) refers to mux57.o(.text.hw_display_cycle) for hw_display_cycle
    main.o(.text.main) refers to usart_utilities.o(.text.UU_PutChar) for UU_PutChar
    main.o(.text.main) refers to usart_utilities.o(.text.UU_PutHexByte) for UU_PutHexByte
    main.o(.text.main) refers to addon57.o(.text.addon57_powersave) for addon57_powersave
    main.o(.ARM.exidx.text.main) refers to main.o(.text.main) for [Anonymous Symbol]
    main.o(.text.InitGPIO) refers to stm32f10x_rcc.o(.text.RCC_APB2PeriphClockCmd) for RCC_APB2PeriphClockCmd
    main.o(.text.InitGPIO) refers to stm32f10x_gpio.o(.text.GPIO_Init) for GPIO_Init
    main.o(.text.InitGPIO) refers to stm32f10x_gpio.o(.text.GPIO_SetBits) for GPIO_SetBits
    main.o(.text.InitGPIO) refers to stm32f10x_gpio.o(.text.GPIO_ResetBits) for GPIO_ResetBits
    main.o(.text.InitGPIO) refers to stm32f10x_gpio.o(.text.GPIO_PinRemapConfig) for GPIO_PinRemapConfig
    main.o(.ARM.exidx.text.InitGPIO) refers to main.o(.text.InitGPIO) for [Anonymous Symbol]
    main.o(.text.InitUSART) refers to stm32f10x_rcc.o(.text.RCC_APB2PeriphClockCmd) for RCC_APB2PeriphClockCmd
    main.o(.text.InitUSART) refers to stm32f10x_usart.o(.text.USART_Init) for USART_Init
    main.o(.text.InitUSART) refers to stm32f10x_usart.o(.text.USART_Cmd) for USART_Cmd
    main.o(.ARM.exidx.text.InitUSART) refers to main.o(.text.InitUSART) for [Anonymous Symbol]
    main.o(.text.InitTIM3) refers to stm32f10x_rcc.o(.text.RCC_APB1PeriphClockCmd) for RCC_APB1PeriphClockCmd
    main.o(.text.InitTIM3) refers to stm32f10x_tim.o(.text.TIM_DeInit) for TIM_DeInit
    main.o(.text.InitTIM3) refers to system_stm32f10x.o(.data.SystemCoreClock) for SystemCoreClock
    main.o(.text.InitTIM3) refers to stm32f10x_tim.o(.text.TIM_TimeBaseInit) for TIM_TimeBaseInit
    main.o(.text.InitTIM3) refers to stm32f10x_tim.o(.text.TIM_SelectOnePulseMode) for TIM_SelectOnePulseMode
    main.o(.ARM.exidx.text.InitTIM3) refers to main.o(.text.InitTIM3) for [Anonymous Symbol]
    main.o(.text.InitSPI) refers to stm32f10x_rcc.o(.text.RCC_APB2PeriphClockCmd) for RCC_APB2PeriphClockCmd
    main.o(.text.InitSPI) refers to stm32f10x_spi.o(.text.SPI_Init) for SPI_Init
    main.o(.text.InitSPI) refers to stm32f10x_spi.o(.text.SPI_Cmd) for SPI_Cmd
    main.o(.ARM.exidx.text.InitSPI) refers to main.o(.text.InitSPI) for [Anonymous Symbol]
    main.o(.text.InitADC) refers to stm32f10x_rcc.o(.text.RCC_APB2PeriphClockCmd) for RCC_APB2PeriphClockCmd
    main.o(.text.InitADC) refers to stm32f10x_rcc.o(.text.RCC_ADCCLKConfig) for RCC_ADCCLKConfig
    main.o(.text.InitADC) refers to stm32f10x_adc.o(.text.ADC_Init) for ADC_Init
    main.o(.text.InitADC) refers to stm32f10x_adc.o(.text.ADC_RegularChannelConfig) for ADC_RegularChannelConfig
    main.o(.text.InitADC) refers to stm32f10x_adc.o(.text.ADC_InjectedSequencerLengthConfig) for ADC_InjectedSequencerLengthConfig
    main.o(.text.InitADC) refers to stm32f10x_adc.o(.text.ADC_InjectedChannelConfig) for ADC_InjectedChannelConfig
[...]
    Removing stm32f10x_usart.o(.text.USART_SetAddress), (16 bytes).
    Removing stm32f10x_usart.o(.ARM.exidx.text.USART_SetAddress), (8 bytes).
    Removing stm32f10x_usart.o(.text.USART_WakeUpConfig), (16 bytes).
    Removing stm32f10x_usart.o(.ARM.exidx.text.USART_WakeUpConfig), (8 bytes).
    Removing stm32f10x_usart.o(.text.USART_ReceiverWakeUpCmd), (20 bytes).
    Removing stm32f10x_usart.o(.ARM.exidx.text.USART_ReceiverWakeUpCmd), (8 bytes).
    Removing stm32f10x_usart.o(.text.USART_LINBreakDetectLengthConfig), (16 bytes).
    Removing stm32f10x_usart.o(.ARM.exidx.text.USART_LINBreakDetectLengthConfig), (8 bytes).
    Removing stm32f10x_usart.o(.text.USART_LINCmd), (20 bytes).
    Removing stm32f10x_usart.o(.ARM.exidx.text.USART_LINCmd), (8 bytes).
    Removing stm32f10x_usart.o(.text.USART_SendData), (8 bytes).
    Removing stm32f10x_usart.o(.ARM.exidx.text.USART_SendData), (8 bytes).
    Removing stm32f10x_usart.o(.text.USART_ReceiveData), (8 bytes).
    Removing stm32f10x_usart.o(.ARM.exidx.text.USART_ReceiveData), (8 bytes).
    Removing stm32f10x_usart.o(.text.USART_SendBreak), (10 bytes).
    Removing stm32f10x_usart.o(.ARM.exidx.text.USART_SendBreak), (8 bytes).
    Removing stm32f10x_usart.o(.text.USART_SetGuardTime), (16 bytes).
    Removing stm32f10x_usart.o(.ARM.exidx.text.USART_SetGuardTime), (8 bytes).
    Removing stm32f10x_usart.o(.text.USART_SetPrescaler), (16 bytes).
    Removing stm32f10x_usart.o(.ARM.exidx.text.USART_SetPrescaler), (8 bytes).
    Removing stm32f10x_usart.o(.text.USART_SmartCardCmd), (20 bytes).
    Removing stm32f10x_usart.o(.ARM.exidx.text.USART_SmartCardCmd), (8 bytes).
    Removing stm32f10x_usart.o(.text.USART_SmartCardNACKCmd), (20 bytes).
    Removing stm32f10x_usart.o(.ARM.exidx.text.USART_SmartCardNACKCmd), (8 bytes).
    Removing stm32f10x_usart.o(.text.USART_HalfDuplexCmd), (20 bytes).
    Removing stm32f10x_usart.o(.ARM.exidx.text.USART_HalfDuplexCmd), (8 bytes).
    Removing stm32f10x_usart.o(.text.USART_OverSampling8Cmd), (20 bytes).
    Removing stm32f10x_usart.o(.ARM.exidx.text.USART_OverSampling8Cmd), (8 bytes).
    Removing stm32f10x_usart.o(.text.USART_OneBitMethodCmd), (20 bytes).
    Removing stm32f10x_usart.o(.ARM.exidx.text.USART_OneBitMethodCmd), (8 bytes).
    Removing stm32f10x_usart.o(.text.USART_IrDAConfig), (16 bytes).
    Removing stm32f10x_usart.o(.ARM.exidx.text.USART_IrDAConfig), (8 bytes).
    Removing stm32f10x_usart.o(.text.USART_IrDACmd), (20 bytes).
    Removing stm32f10x_usart.o(.ARM.exidx.text.USART_IrDACmd), (8 bytes).
    Removing stm32f10x_usart.o(.text.USART_GetFlagStatus), (10 bytes).
    Removing stm32f10x_usart.o(.ARM.exidx.text.USART_GetFlagStatus), (8 bytes).
    Removing stm32f10x_usart.o(.text.USART_ClearFlag), (6 bytes).
    Removing stm32f10x_usart.o(.ARM.exidx.text.USART_ClearFlag), (8 bytes).
    Removing stm32f10x_usart.o(.text.USART_GetITStatus), (48 bytes).
    Removing stm32f10x_usart.o(.ARM.exidx.text.USART_GetITStatus), (8 bytes).
    Removing stm32f10x_usart.o(.text.USART_ClearITPendingBit), (14 bytes).
    Removing stm32f10x_usart.o(.ARM.exidx.text.USART_ClearITPendingBit), (8 bytes).
    Removing system_stm32f10x.o(.text), (0 bytes).
    Removing system_stm32f10x.o(.ARM.exidx.text.SystemInit), (8 bytes).
    Removing system_stm32f10x.o(.ARM.exidx.text.SetSysClock), (8 bytes).
    Removing system_stm32f10x.o(.ARM.exidx.text.SystemCoreClockUpdate), (8 bytes).
    Removing system_stm32f10x.o(.ARM.exidx.text.SetSysClockTo24), (8 bytes).

626 unused section(s) (total 15904 bytes) removed from the image.

==============================================================================

Image Symbol Table

    Local Symbols

    Symbol Name                              Value     Ov Type        Size  Object(Section)

    ../clib/angel/boardlib.s                 0x00000000   Number         0  boardinit1.o ABSOLUTE
    ../clib/angel/boardlib.s                 0x00000000   Number         0  boardinit2.o ABSOLUTE
    ../clib/angel/boardlib.s                 0x00000000   Number         0  boardinit3.o ABSOLUTE
    ../clib/angel/boardlib.s                 0x00000000   Number         0  boardshut.o ABSOLUTE
    ../clib/angel/dclz77c.s                  0x00000000   Number         0  __dclz77c.o ABSOLUTE
    ../clib/angel/handlers.s                 0x00000000   Number         0  __scatter_zi.o ABSOLUTE
    ../clib/angel/kernel.s                   0x00000000   Number         0  __rtentry.o ABSOLUTE
    ../clib/angel/kernel.s                   0x00000000   Number         0  __rtentry2.o ABSOLUTE
    ../clib/angel/kernel.s                   0x00000000   Number         0  __rtentry4.o ABSOLUTE
    ../clib/angel/kernel.s                   0x00000000   Number         0  rtexit.o ABSOLUTE
    ../clib/angel/kernel.s                   0x00000000   Number         0  rtexit2.o ABSOLUTE
    ../clib/angel/rt.s                       0x00000000   Number         0  rt_ctype_table.o ABSOLUTE
    ../clib/angel/rt.s                       0x00000000   Number         0  rt_locale.o ABSOLUTE
    ../clib/angel/rt.s                       0x00000000   Number         0  rt_locale_intlibspace.o ABSOLUTE
    ../clib/angel/rt.s                       0x00000000   Number         0  rt_raise.o ABSOLUTE
    ../clib/angel/scatter.s                  0x00000000   Number         0  __scatter.o ABSOLUTE
    ../clib/angel/startup.s                  0x00000000   Number         0  __main.o ABSOLUTE
    ../clib/angel/sys.s                      0x00000000   Number         0  libspace.o ABSOLUTE
    ../clib/angel/sys.s                      0x00000000   Number         0  sys_stackheap_outer.o ABSOLUTE
    ../clib/angel/sys.s                      0x00000000   Number         0  use_no_semi.o ABSOLUTE
    ../clib/angel/sys.s                      0x00000000   Number         0  indicate_semi.o ABSOLUTE
    ../clib/angel/sysapp.c                   0x00000000   Number         0  sys_command.o ABSOLUTE
    ../clib/angel/sysapp.c                   0x00000000   Number         0  sys_exit.o ABSOLUTE
    ../clib/angel/sysapp.c                   0x00000000   Number         0  sys_command_hlt.o ABSOLUTE
    ../clib/angel/sysapp.c                   0x00000000   Number         0  sys_exit_hlt.o ABSOLUTE
    ../clib/angel/sysapp.c                   0x00000000   Number         0  sys_wrch.o ABSOLUTE
    ../clib/angel/sysapp.c                   0x00000000   Number         0  sys_wrch_hlt.o ABSOLUTE
    ../clib/armsys.c                         0x00000000   Number         0  argv_veneer.o ABSOLUTE
    ../clib/armsys.c                         0x00000000   Number         0  argv_veneer.o ABSOLUTE
    ../clib/armsys.c                         0x00000000   Number         0  _get_argv_nomalloc.o ABSOLUTE
    ../clib/armsys.c                         0x00000000   Number         0  no_argv.o ABSOLUTE
    ../clib/ctype.c                          0x00000000   Number         0  toupper.o ABSOLUTE
    ../clib/heapalloc.c                      0x00000000   Number         0  hrguard.o ABSOLUTE
    ../clib/heapaux.c                        0x00000000   Number         0  heapauxi.o ABSOLUTE
    ../clib/libinit.s                        0x00000000   Number         0  libinit.o ABSOLUTE
    ../clib/libinit.s                        0x00000000   Number         0  libinit2.o ABSOLUTE
    ../clib/libinit.s                        0x00000000   Number         0  libshutdown.o ABSOLUTE
    ../clib/libinit.s                        0x00000000   Number         0  libshutdown2.o ABSOLUTE
    ../clib/locale.s                         0x00000000   Number         0  lc_ctype_c.o ABSOLUTE
    ../clib/memcpset.s                       0x00000000   Number         0  aeabi_memset.o ABSOLUTE
    ../clib/memcpset.s                       0x00000000   Number         0  rt_memclr_w.o ABSOLUTE
    ../clib/memcpset.s                       0x00000000   Number         0  rt_memclr.o ABSOLUTE
    ../clib/memcpset.s                       0x00000000   Number         0  strcmpv7m.o ABSOLUTE
    ../clib/signal.c                         0x00000000   Number         0  defsig_rtmem_outer.o ABSOLUTE
    ../clib/signal.c                         0x00000000   Number         0  defsig_rtmem_formal.o ABSOLUTE
    ../clib/signal.c                         0x00000000   Number         0  defsig_exit.o ABSOLUTE
    ../clib/signal.c                         0x00000000   Number         0  defsig_rtmem_inner.o ABSOLUTE
    ../clib/signal.c                         0x00000000   Number         0  __raise.o ABSOLUTE
    ../clib/signal.c                         0x00000000   Number         0  defsig_general.o ABSOLUTE
    ../clib/signal.c                         0x00000000   Number         0  defsig_abrt_inner.o ABSOLUTE
    ../clib/signal.c                         0x00000000   Number         0  defsig_fpe_inner.o ABSOLUTE
    ../clib/signal.c                         0x00000000   Number         0  defsig_rtred_inner.o ABSOLUTE
    ../clib/signal.c                         0x00000000   Number         0  defsig_stak_inner.o ABSOLUTE
    ../clib/signal.c                         0x00000000   Number         0  defsig_pvfn_inner.o ABSOLUTE
    ../clib/signal.c                         0x00000000   Number         0  defsig_cppl_inner.o ABSOLUTE
    ../clib/signal.c                         0x00000000   Number         0  defsig_segv_inner.o ABSOLUTE
    ../clib/signal.c                         0x00000000   Number         0  defsig_other.o ABSOLUTE
    ../clib/signal.s                         0x00000000   Number         0  defsig.o ABSOLUTE
    ../clib/stdlib.c                         0x00000000   Number         0  exit.o ABSOLUTE
    ../fplib/fpinit.s                        0x00000000   Number         0  fpinit.o ABSOLUTE
    ../fplib/fpinit_empty.s                  0x00000000   Number         0  fpinit_empty.o ABSOLUTE
    RTE/Device/STM32F103TB/startup_stm32f10x_md.s 0x00000000   Number         0  startup_stm32f10x_md.o ABSOLUTE
    UNIO.c                                   0x00000000   Number         0  unio.o ABSOLUTE
    addon57.c                                0x00000000   Number         0  addon57.o ABSOLUTE
    dc.s                                     0x00000000   Number         0  dc.o ABSOLUTE
    key57.c                                  0x00000000   Number         0  key57.o ABSOLUTE
    main.c                                   0x00000000   Number         0  main.o ABSOLUTE
    misc.c                                   0x00000000   Number         0  misc.o ABSOLUTE
    mux57.c                                  0x00000000   Number         0  mux57.o ABSOLUTE
    rom55.c                                  0x00000000   Number         0  rom55.o ABSOLUTE
    rom57.c                                  0x00000000   Number         0  rom57.o ABSOLUTE
    state57.c                                0x00000000   Number         0  state57.o ABSOLUTE
    stm32f10x_adc.c                          0x00000000   Number         0  stm32f10x_adc.o ABSOLUTE
    stm32f10x_gpio.c                         0x00000000   Number         0  stm32f10x_gpio.o ABSOLUTE
    stm32f10x_rcc.c                          0x00000000   Number         0  stm32f10x_rcc.o ABSOLUTE
    stm32f10x_spi.c                          0x00000000   Number         0  stm32f10x_spi.o ABSOLUTE
    stm32f10x_tim.c                          0x00000000   Number         0  stm32f10x_tim.o ABSOLUTE
    stm32f10x_usart.c                        0x00000000   Number         0  stm32f10x_usart.o ABSOLUTE
    system_stm32f10x.c                       0x00000000   Number         0  system_stm32f10x.o ABSOLUTE
    ti57.c                                   0x00000000   Number         0  ti57.o ABSOLUTE
    usart_utilities.c                        0x00000000   Number         0  usart_utilities.o ABSOLUTE
    RESET                                    0x08000000   Section      236  startup_stm32f10x_md.o(RESET)
    !!!main                                  0x080000ec   Section        8  __main.o(!!!main)
    !!!scatter                               0x080000f4   Section       52  __scatter.o(!!!scatter)
    !!dclz77c                                0x08000128   Section      100  __dclz77c.o(!!dclz77c)
    !!handler_zi                             0x0800018c   Section       28  __scatter_zi.o(!!handler_zi)
    .ARM.Collect$$libinit$$00000000          0x080001a8   Section        2  libinit.o(.ARM.Collect$$libinit$$00000000)
    .ARM.Collect$$libinit$$00000002          0x080001aa   Section        0  libinit2.o(.ARM.Collect$$libinit$$00000002)
    .ARM.Collect$$libinit$$00000004          0x080001aa   Section        0  libinit2.o(.ARM.Collect$$libinit$$00000004)
    .ARM.Collect$$libinit$$0000000A          0x080001aa   Section        0  libinit2.o(.ARM.Collect$$libinit$$0000000A)
    .ARM.Collect$$libinit$$0000000C          0x080001aa   Section        0  libinit2.o(.ARM.Collect$$libinit$$0000000C)
    .ARM.Collect$$libinit$$0000000E          0x080001aa   Section        0  libinit2.o(.ARM.Collect$$libinit$$0000000E)
    .ARM.Collect$$libinit$$0000000F          0x080001aa   Section        6  libinit2.o(.ARM.Collect$$libinit$$0000000F)
    .ARM.Collect$$libinit$$00000011          0x080001b0   Section        0  libinit2.o(.ARM.Collect$$libinit$$00000011)
    .ARM.Collect$$libinit$$00000012          0x080001b0   Section       12  libinit2.o(.ARM.Collect$$libinit$$00000012)
    .ARM.Collect$$libinit$$00000013          0x080001bc   Section        0  libinit2.o(.ARM.Collect$$libinit$$00000013)
    .ARM.Collect$$libinit$$00000015          0x080001bc   Section        0  libinit2.o(.ARM.Collect$$libinit$$00000015)
    .ARM.Collect$$libinit$$00000017          0x080001bc   Section        0  libinit2.o(.ARM.Collect$$libinit$$00000017)
    .ARM.Collect$$libinit$$00000019          0x080001bc   Section        0  libinit2.o(.ARM.Collect$$libinit$$00000019)
    .ARM.Collect$$libinit$$0000001B          0x080001bc   Section        0  libinit2.o(.ARM.Collect$$libinit$$0000001B)
    .ARM.Collect$$libinit$$0000001D          0x080001bc   Section        0  libinit2.o(.ARM.Collect$$libinit$$0000001D)
    .ARM.Collect$$libinit$$0000001F          0x080001bc   Section        0  libinit2.o(.ARM.Collect$$libinit$$0000001F)
    .ARM.Collect$$libinit$$00000021          0x080001bc   Section        0  libinit2.o(.ARM.Collect$$libinit$$00000021)
    .ARM.Collect$$libinit$$00000023          0x080001bc   Section        0  libinit2.o(.ARM.Collect$$libinit$$00000023)
    .ARM.Collect$$libinit$$00000025          0x080001bc   Section        0  libinit2.o(.ARM.Collect$$libinit$$00000025)
    .ARM.Collect$$libinit$$0000002C          0x080001bc   Section        0  libinit2.o(.ARM.Collect$$libinit$$0000002C)
    .ARM.Collect$$libinit$$0000002E          0x080001bc   Section        0  libinit2.o(.ARM.Collect$$libinit$$0000002E)
    .ARM.Collect$$libinit$$00000030          0x080001bc   Section        0  libinit2.o(.ARM.Collect$$libinit$$00000030)
    .ARM.Collect$$libinit$$00000032          0x080001bc   Section        0  libinit2.o(.ARM.Collect$$libinit$$00000032)
    .ARM.Collect$$libinit$$00000033          0x080001bc   Section        2  libinit2.o(.ARM.Collect$$libinit$$00000033)
    .ARM.Collect$$libshutdown$$00000000      0x080001be   Section        2  libshutdown.o(.ARM.Collect$$libshutdown$$00000000)
    .ARM.Collect$$libshutdown$$00000002      0x080001c0   Section        0  libshutdown2.o(.ARM.Collect$$libshutdown$$00000002)
    .ARM.Collect$$libshutdown$$00000004      0x080001c0   Section        0  libshutdown2.o(.ARM.Collect$$libshutdown$$00000004)
    .ARM.Collect$$libshutdown$$00000007      0x080001c0   Section        0  libshutdown2.o(.ARM.Collect$$libshutdown$$00000007)
    .ARM.Collect$$libshutdown$$0000000A      0x080001c0   Section        0  libshutdown2.o(.ARM.Collect$$libshutdown$$0000000A)
    .ARM.Collect$$libshutdown$$0000000C      0x080001c0   Section        0  libshutdown2.o(.ARM.Collect$$libshutdown$$0000000C)
    .ARM.Collect$$libshutdown$$0000000F      0x080001c0   Section        0  libshutdown2.o(.ARM.Collect$$libshutdown$$0000000F)
    .ARM.Collect$$libshutdown$$00000010      0x080001c0   Section        2  libshutdown2.o(.ARM.Collect$$libshutdown$$00000010)
    .ARM.Collect$$rtentry$$00000000          0x080001c2   Section        0  __rtentry.o(.ARM.Collect$$rtentry$$00000000)
    .ARM.Collect$$rtentry$$00000002          0x080001c2   Section        0  __rtentry2.o(.ARM.Collect$$rtentry$$00000002)
    .ARM.Collect$$rtentry$$00000004          0x080001c2   Section        6  __rtentry4.o(.ARM.Collect$$rtentry$$00000004)
    .ARM.Collect$$rtentry$$00000009          0x080001c8   Section        0  __rtentry2.o(.ARM.Collect$$rtentry$$00000009)
    .ARM.Collect$$rtentry$$0000000A          0x080001c8   Section        4  __rtentry2.o(.ARM.Collect$$rtentry$$0000000A)
    .ARM.Collect$$rtentry$$0000000C          0x080001cc   Section        0  __rtentry2.o(.ARM.Collect$$rtentry$$0000000C)
    .ARM.Collect$$rtentry$$0000000D          0x080001cc   Section        8  __rtentry2.o(.ARM.Collect$$rtentry$$0000000D)
    .ARM.Collect$$rtexit$$00000000           0x080001d4   Section        2  rtexit.o(.ARM.Collect$$rtexit$$00000000)
    .ARM.Collect$$rtexit$$00000002           0x080001d6   Section        0  rtexit2.o(.ARM.Collect$$rtexit$$00000002)
    .ARM.Collect$$rtexit$$00000003           0x080001d6   Section        4  rtexit2.o(.ARM.Collect$$rtexit$$00000003)
    .ARM.Collect$$rtexit$$00000004           0x080001da   Section        6  rtexit2.o(.ARM.Collect$$rtexit$$00000004)
    .text                                    0x080001e0   Section       64  startup_stm32f10x_md.o(.text)
    .text                                    0x08000220   Section        0  toupper.o(.text)
    .text                                    0x0800023e   Section       16  aeabi_memset.o(.text)
    .text                                    0x0800024e   Section       78  rt_memclr_w.o(.text)
    .text                                    0x0800029c   Section        0  heapauxi.o(.text)
    .text                                    0x080002a4   Section       16  rt_ctype_table.o(.text)
    .text                                    0x080002b4   Section       68  rt_memclr.o(.text)
    .text                                    0x080002f8   Section        8  rt_locale_intlibspace.o(.text)
    .text                                    0x08000300   Section        8  libspace.o(.text)
    .text                                    0x08000308   Section       74  sys_stackheap_outer.o(.text)
    .text                                    0x08000352   Section        0  exit.o(.text)
    .text                                    0x08000364   Section      128  strcmpv7m.o(.text)
    .text                                    0x080003e4   Section        0  sys_exit.o(.text)
    .text                                    0x080003f0   Section        2  use_no_semi.o(.text)
    .text                                    0x080003f2   Section        0  indicate_semi.o(.text)
    [Anonymous Symbol]                       0x080003f4   Section        0  stm32f10x_adc.o(.text.ADC_ClearFlag)
    [Anonymous Symbol]                       0x080003fc   Section        0  stm32f10x_adc.o(.text.ADC_Cmd)
    [Anonymous Symbol]                       0x0800040c   Section        0  stm32f10x_adc.o(.text.ADC_ExternalTrigInjectedConvCmd)
    [Anonymous Symbol]                       0x08000420   Section        0  stm32f10x_adc.o(.text.ADC_ExternalTrigInjectedConvConfig)
    [Anonymous Symbol]                       0x0800042c   Section        0  stm32f10x_adc.o(.text.ADC_GetCalibrationStatus)
    [Anonymous Symbol]                       0x08000434   Section        0  stm32f10x_adc.o(.text.ADC_GetResetCalibrationStatus)
    [Anonymous Symbol]                       0x0800043c   Section        0  stm32f10x_adc.o(.text.ADC_Init)
    [Anonymous Symbol]                       0x08000490   Section        0  stm32f10x_adc.o(.text.ADC_InjectedChannelConfig)
    [Anonymous Symbol]                       0x080004e0   Section        0  stm32f10x_adc.o(.text.ADC_InjectedSequencerLengthConfig)
    [Anonymous Symbol]                       0x080004f8   Section        0  stm32f10x_adc.o(.text.ADC_RegularChannelConfig)
    [Anonymous Symbol]                       0x0800055c   Section        0  stm32f10x_adc.o(.text.ADC_ResetCalibration)
    [Anonymous Symbol]                       0x08000568   Section        0  stm32f10x_adc.o(.text.ADC_SoftwareStartConvCmd)
    [Anonymous Symbol]                       0x0800057c   Section        0  stm32f10x_adc.o(.text.ADC_SoftwareStartInjectedConvCmd)
    [Anonymous Symbol]                       0x08000590   Section        0  stm32f10x_adc.o(.text.ADC_StartCalibration)
    [Anonymous Symbol]                       0x0800059c   Section        0  main.o(.text.Delay)
    [Anonymous Symbol]                       0x080005b8   Section        0  stm32f10x_gpio.o(.text.GPIO_Init)
    [Anonymous Symbol]                       0x08000668   Section        0  stm32f10x_gpio.o(.text.GPIO_PinRemapConfig)
    [Anonymous Symbol]                       0x080006e4   Section        0  stm32f10x_gpio.o(.text.GPIO_ReadInputData)
    [Anonymous Symbol]                       0x080006ec   Section        0  stm32f10x_gpio.o(.text.GPIO_ResetBits)
    [Anonymous Symbol]                       0x080006f0   Section        0  stm32f10x_gpio.o(.text.GPIO_SetBits)
    [Anonymous Symbol]                       0x080006f4   Section        0  main.o(.text.InitADC)
    [Anonymous Symbol]                       0x080007b4   Section        0  main.o(.text.InitGPIO)
    [Anonymous Symbol]                       0x080008ec   Section        0  main.o(.text.InitSPI)
    [Anonymous Symbol]                       0x08000934   Section        0  main.o(.text.InitSysTick)
    [Anonymous Symbol]                       0x08000954   Section        0  main.o(.text.InitTIM3)
    [Anonymous Symbol]                       0x080009ac   Section        0  main.o(.text.InitUSART)
    [Anonymous Symbol]                       0x080009ec   Section        0  stm32f10x_rcc.o(.text.RCC_ADCCLKConfig)
    [Anonymous Symbol]                       0x08000a00   Section        0  stm32f10x_rcc.o(.text.RCC_APB1PeriphClockCmd)
    [Anonymous Symbol]                       0x08000a18   Section        0  stm32f10x_rcc.o(.text.RCC_APB1PeriphResetCmd)
    [Anonymous Symbol]                       0x08000a30   Section        0  stm32f10x_rcc.o(.text.RCC_APB2PeriphClockCmd)
    [Anonymous Symbol]                       0x08000a48   Section        0  stm32f10x_rcc.o(.text.RCC_APB2PeriphResetCmd)
    [Anonymous Symbol]                       0x08000a60   Section        0  stm32f10x_rcc.o(.text.RCC_GetClocksFreq)
    [Anonymous Symbol]                       0x08000b00   Section        0  stm32f10x_spi.o(.text.SPI_Cmd)
    [Anonymous Symbol]                       0x08000b14   Section        0  stm32f10x_spi.o(.text.SPI_I2S_GetFlagStatus)
    [Anonymous Symbol]                       0x08000b20   Section        0  stm32f10x_spi.o(.text.SPI_I2S_SendData)
    [Anonymous Symbol]                       0x08000b24   Section        0  stm32f10x_spi.o(.text.SPI_Init)
    SetSysClock                              0x08000b6d   Thumb Code     8  system_stm32f10x.o(.text.SetSysClock)
    [Anonymous Symbol]                       0x08000b6c   Section        0  system_stm32f10x.o(.text.SetSysClock)
    SetSysClockTo24                          0x08000b75   Thumb Code   182  system_stm32f10x.o(.text.SetSysClockTo24)
    [Anonymous Symbol]                       0x08000b74   Section        0  system_stm32f10x.o(.text.SetSysClockTo24)
    SysTick_Config                           0x08000c2d   Thumb Code    36  main.o(.text.SysTick_Config)
    [Anonymous Symbol]                       0x08000c2c   Section        0  main.o(.text.SysTick_Config)
    SysTick_Config                           0x08000c51   Thumb Code    36  addon57.o(.text.SysTick_Config)
    [Anonymous Symbol]                       0x08000c50   Section        0  addon57.o(.text.SysTick_Config)
    [Anonymous Symbol]                       0x08000c74   Section        0  main.o(.text.SysTick_Handler)
    [Anonymous Symbol]                       0x08000c8c   Section        0  main.o(.text.SystemCoreClockConfigure)
    [Anonymous Symbol]                       0x08000d28   Section        0  system_stm32f10x.o(.text.SystemCoreClockUpdate)
    [Anonymous Symbol]                       0x08000d98   Section        0  system_stm32f10x.o(.text.SystemInit)
    [Anonymous Symbol]                       0x08000df0   Section        0  stm32f10x_tim.o(.text.TIM_DeInit)
    [Anonymous Symbol]                       0x08001020   Section        0  stm32f10x_tim.o(.text.TIM_SelectOnePulseMode)
    [Anonymous Symbol]                       0x08001030   Section        0  stm32f10x_tim.o(.text.TIM_TimeBaseInit)
    [Anonymous Symbol]                       0x080010dc   Section        0  unio.o(.text.UNIO_await_write_complete)
    [Anonymous Symbol]                       0x08001128   Section        0  unio.o(.text.UNIO_enable_write)
    [Anonymous Symbol]                       0x08001150   Section        0  unio.o(.text.UNIO_erase_all)
    [Anonymous Symbol]                       0x08001178   Section        0  unio.o(.text.UNIO_init)
    [Anonymous Symbol]                       0x08001198   Section        0  unio.o(.text.UNIO_read)
    [Anonymous Symbol]                       0x080011d8   Section        0  unio.o(.text.UNIO_simple_write)
    [Anonymous Symbol]                       0x08001234   Section        0  unio.o(.text.UNIO_start_write)
    [Anonymous Symbol]                       0x08001284   Section        0  stm32f10x_usart.o(.text.USART_Cmd)
    [Anonymous Symbol]                       0x08001298   Section        0  stm32f10x_usart.o(.text.USART_Init)
    [Anonymous Symbol]                       0x08001350   Section        0  usart_utilities.o(.text.UU_PutChar)
    [Anonymous Symbol]                       0x0800135c   Section        0  usart_utilities.o(.text.UU_PutHexByte)
    [Anonymous Symbol]                       0x08001390   Section        0  usart_utilities.o(.text.UU_PutString)
    __NVIC_SetPriority                       0x080013b5   Thumb Code    14  main.o(.text.__NVIC_SetPriority)
    [Anonymous Symbol]                       0x080013b4   Section        0  main.o(.text.__NVIC_SetPriority)
    __NVIC_SetPriority                       0x080013c5   Thumb Code    14  addon57.o(.text.__NVIC_SetPriority)
    [Anonymous Symbol]                       0x080013c4   Section        0  addon57.o(.text.__NVIC_SetPriority)
    add                                      0x080013d5   Thumb Code   122  ti57.o(.text.add)
    [Anonymous Symbol]                       0x080013d4   Section        0  ti57.o(.text.add)
    [Anonymous Symbol]                       0x08001450   Section        0  addon57.o(.text.addon57_powersave)
    [Anonymous Symbol]                       0x08001508   Section        0  addon57.o(.text.addon57_validate_status_block)
    [Anonymous Symbol]                       0x08001650   Section        0  unio.o(.text.delayMicroseconds)
    exchange                                 0x08001681   Thumb Code    56  ti57.o(.text.exchange)
    [Anonymous Symbol]                       0x08001680   Section        0  ti57.o(.text.exchange)
    get_base                                 0x080016b9   Thumb Code    24  ti57.o(.text.get_base)
    [Anonymous Symbol]                       0x080016b8   Section        0  ti57.o(.text.get_base)
    [Anonymous Symbol]                       0x080016d0   Section        0  mux57.o(.text.hw_digit_driver_initialize)
    [Anonymous Symbol]                       0x080016f0   Section        0  mux57.o(.text.hw_digit_driver_intensity)
    [Anonymous Symbol]                       0x0800171c   Section        0  mux57.o(.text.hw_digit_driver_load)
    [Anonymous Symbol]                       0x08001728   Section        0  mux57.o(.text.hw_digit_driver_send_word)
    [Anonymous Symbol]                       0x08001788   Section        0  mux57.o(.text.hw_digit_driver_update)
    [Anonymous Symbol]                       0x080017a0   Section        0  mux57.o(.text.hw_display_char_d12)
    [Anonymous Symbol]                       0x08001830   Section        0  mux57.o(.text.hw_display_cycle)
    [Anonymous Symbol]                       0x080018f0   Section        0  mux57.o(.text.hw_raw_keyboard_row)
    [Anonymous Symbol]                       0x08001900   Section        0  mux57.o(.text.hw_read_keyboard_adc_row)
    [Anonymous Symbol]                       0x080019dc   Section        0  mux57.o(.text.hw_read_keyboard_row)
    [Anonymous Symbol]                       0x08001a40   Section        0  mux57.o(.text.hw_segment_disable_all)
    [Anonymous Symbol]                       0x08001a50   Section        0  mux57.o(.text.hw_segment_enable)
    [Anonymous Symbol]                       0x08001a8c   Section        0  mux57.o(.text.hw_segment_enable_all)
    [Anonymous Symbol]                       0x08001a9c   Section        0  mux57.o(.text.hw_wait_for_key_release)
    is_pc_in                                 0x08001af1   Thumb Code    56  ti57.o(.text.is_pc_in)
    [Anonymous Symbol]                       0x08001af0   Section        0  ti57.o(.text.is_pc_in)
    left_shift                               0x08001b29   Thumb Code    42  ti57.o(.text.left_shift)
    [Anonymous Symbol]                       0x08001b28   Section        0  ti57.o(.text.left_shift)
    [Anonymous Symbol]                       0x08001b54   Section        0  main.o(.text.main)
    [Anonymous Symbol]                       0x08001c94   Section        0  mux57.o(.text.mux57_char_code)
    [Anonymous Symbol]                       0x08001d38   Section        0  mux57.o(.text.mux57_is_segment)
    [Anonymous Symbol]                       0x08001d54   Section        0  mux57.o(.text.mux57_paint_digits)
    [Anonymous Symbol]                       0x08001dc0   Section        0  mux57.o(.text.mux57_splash)
    [Anonymous Symbol]                       0x08001dfc   Section        0  mux57.o(.text.mux57_which_outputs)
    op_branch                                0x08001e69   Thumb Code    38  ti57.o(.text.op_branch)
    [Anonymous Symbol]                       0x08001e68   Section        0  ti57.o(.text.op_branch)
    op_call                                  0x08001e91   Thumb Code    32  ti57.o(.text.op_call)
    [Anonymous Symbol]                       0x08001e90   Section        0  ti57.o(.text.op_call)
    op_flag                                  0x08001eb1   Thumb Code   124  ti57.o(.text.op_flag)
    [Anonymous Symbol]                       0x08001eb0   Section        0  ti57.o(.text.op_flag)
    op_mask                                  0x08001f2d   Thumb Code   464  ti57.o(.text.op_mask)
    [Anonymous Symbol]                       0x08001f2c   Section        0  ti57.o(.text.op_mask)
    op_misc                                  0x080020fd   Thumb Code   264  ti57.o(.text.op_misc)
    [Anonymous Symbol]                       0x080020fc   Section        0  ti57.o(.text.op_misc)
    right_shift                              0x08002205   Thumb Code    48  ti57.o(.text.right_shift)
    [Anonymous Symbol]                       0x08002204   Section        0  ti57.o(.text.right_shift)
    stack_pop                                0x08002235   Thumb Code    16  ti57.o(.text.stack_pop)
    [Anonymous Symbol]                       0x08002234   Section        0  ti57.o(.text.stack_pop)
    stack_push                               0x08002245   Thumb Code    14  ti57.o(.text.stack_push)
    [Anonymous Symbol]                       0x08002244   Section        0  ti57.o(.text.stack_push)
    store                                    0x08002255   Thumb Code    52  ti57.o(.text.store)
    [Anonymous Symbol]                       0x08002254   Section        0  ti57.o(.text.store)
    subtract                                 0x08002289   Thumb Code   136  ti57.o(.text.subtract)
    [Anonymous Symbol]                       0x08002288   Section        0  ti57.o(.text.subtract)
    [Anonymous Symbol]                       0x08002310   Section        0  ti57.o(.text.ti57_init)
    [Anonymous Symbol]                       0x0800231c   Section        0  state57.o(.text.ti57_is_error)
    [Anonymous Symbol]                       0x08002330   Section        0  ti57.o(.text.ti57_next)
    unio_inter_command_gap                   0x080023d1   Thumb Code    22  unio.o(.text.unio_inter_command_gap)
    [Anonymous Symbol]                       0x080023d0   Section        0  unio.o(.text.unio_inter_command_gap)
    unio_read_bus                            0x080023e9   Thumb Code    16  unio.o(.text.unio_read_bus)
    [Anonymous Symbol]                       0x080023e8   Section        0  unio.o(.text.unio_read_bus)
    unio_receive_bit                         0x080023f9   Thumb Code    58  unio.o(.text.unio_receive_bit)
    [Anonymous Symbol]                       0x080023f8   Section        0  unio.o(.text.unio_receive_bit)
    unio_receive_byte                        0x08002435   Thumb Code    40  unio.o(.text.unio_receive_byte)
    [Anonymous Symbol]                       0x08002434   Section        0  unio.o(.text.unio_receive_byte)
    unio_receive_n_bytes                     0x0800245d   Thumb Code    80  unio.o(.text.unio_receive_n_bytes)
    [Anonymous Symbol]                       0x0800245c   Section        0  unio.o(.text.unio_receive_n_bytes)
    unio_send_bit                            0x080024ad   Thumb Code    52  unio.o(.text.unio_send_bit)
    [Anonymous Symbol]                       0x080024ac   Section        0  unio.o(.text.unio_send_bit)
    unio_send_byte                           0x080024e1   Thumb Code    36  unio.o(.text.unio_send_byte)
    [Anonymous Symbol]                       0x080024e0   Section        0  unio.o(.text.unio_send_byte)
    unio_send_n_bytes                        0x08002505   Thumb Code    98  unio.o(.text.unio_send_n_bytes)
    [Anonymous Symbol]                       0x08002504   Section        0  unio.o(.text.unio_send_n_bytes)
    unio_set_bus                             0x08002569   Thumb Code    22  unio.o(.text.unio_set_bus)
    [Anonymous Symbol]                       0x08002568   Section        0  unio.o(.text.unio_set_bus)
    unio_standby_pulse                       0x08002581   Thumb Code    32  unio.o(.text.unio_standby_pulse)
    [Anonymous Symbol]                       0x08002580   Section        0  unio.o(.text.unio_standby_pulse)
    unio_start_header                        0x080025a1   Thumb Code    32  unio.o(.text.unio_start_header)
    [Anonymous Symbol]                       0x080025a0   Section        0  unio.o(.text.unio_start_header)
    update_R5                                0x080025c1   Thumb Code    28  ti57.o(.text.update_R5)
    [Anonymous Symbol]                       0x080025c0   Section        0  ti57.o(.text.update_R5)
    update_activity                          0x080025dd   Thumb Code   144  ti57.o(.text.update_activity)
    [Anonymous Symbol]                       0x080025dc   Section        0  ti57.o(.text.update_activity)
    update_mode                              0x0800266d   Thumb Code    48  ti57.o(.text.update_mode)
    [Anonymous Symbol]                       0x0800266c   Section        0  ti57.o(.text.update_mode)
    locale$$code                             0x0800269c   Section       44  lc_ctype_c.o(locale$$code)
    ADCPrescTable                            0x080026c8   Data           4  stm32f10x_rcc.o(.rodata.ADCPrescTable)
    [Anonymous Symbol]                       0x080026c8   Section        0  stm32f10x_rcc.o(.rodata.ADCPrescTable)
    APBAHBPrescTable                         0x080026dc   Data          16  stm32f10x_rcc.o(.rodata.APBAHBPrescTable)
    [Anonymous Symbol]                       0x080026dc   Section        0  stm32f10x_rcc.o(.rodata.APBAHBPrescTable)
    locale$$data                             0x08002834   Section      272  lc_ctype_c.o(locale$$data)
    __lcctype_c_name                         0x08002838   Data           2  lc_ctype_c.o(locale$$data)
    __lcctype_c_start                        0x08002840   Data           0  lc_ctype_c.o(locale$$data)
    __lcctype_c_end                          0x08002944   Data           0  lc_ctype_c.o(locale$$data)
    .bss                                     0x20001008   Section       96  libspace.o(.bss)
    TimingDelay                              0x20001068   Data           4  main.o(.bss.TimingDelay)
    [Anonymous Symbol]                       0x20001068   Section        0  main.o(.bss.TimingDelay)
    raw_keyboard_inputs                      0x20001084   Data           8  mux57.o(.bss.raw_keyboard_inputs)
    [Anonymous Symbol]                       0x20001084   Section        0  mux57.o(.bss.raw_keyboard_inputs)
    Heap_Mem                                 0x20001090   Data         512  startup_stm32f10x_md.o(HEAP)
    HEAP                                     0x20001090   Section      512  startup_stm32f10x_md.o(HEAP)
    Stack_Mem                                0x20001290   Data        1024  startup_stm32f10x_md.o(STACK)
    STACK                                    0x20001290   Section     1024  startup_stm32f10x_md.o(STACK)
    __initial_sp                             0x20001690   Data           0  startup_stm32f10x_md.o(STACK)

    Global Symbols

    Symbol Name                              Value     Ov Type        Size  Object(Section)

    BuildAttributes$$THM_ISAv4$P$D$K$B$S$PE$A:L22UL41UL21$X:L11$S22US41US21$IEEE1$IW$~IW$USESV6$~STKCKD$USESV7$~SHL$OTIME$ROPI$EBA8$UX$STANDARDLIB$REQ8$PRES8$EABIv2 0x00000000   Number         0  anon$$obj.o ABSOLUTE
    __fp_init_empty                          0x00000000   Number         0  fpinit_empty.o ABSOLUTE
    __ARM_exceptions_init                     - Undefined Weak Reference
    __alloca_initialize                       - Undefined Weak Reference
    __arm_preinit_                            - Undefined Weak Reference
    __cpp_initialize__aeabi_                  - Undefined Weak Reference
    __cxa_finalize                            - Undefined Weak Reference
    __sigvec_lookup                           - Undefined Weak Reference
    _atexit_init                              - Undefined Weak Reference
    _call_atexit_fns                          - Undefined Weak Reference
    _clock_init                               - Undefined Weak Reference
    _fp_trap_init                             - Undefined Weak Reference
    _fp_trap_shutdown                         - Undefined Weak Reference
    _get_lc_collate                           - Undefined Weak Reference
    _get_lc_monetary                          - Undefined Weak Reference
    _get_lc_numeric                           - Undefined Weak Reference
    _get_lc_time                              - Undefined Weak Reference
    _getenv_init                              - Undefined Weak Reference
    _handle_redirection                       - Undefined Weak Reference
    _init_alloc                               - Undefined Weak Reference
    _init_user_alloc                          - Undefined Weak Reference
    _initio                                   - Undefined Weak Reference
    _rand_init                                - Undefined Weak Reference
    _signal_finish                            - Undefined Weak Reference
    _signal_init                              - Undefined Weak Reference
    _terminate_alloc                          - Undefined Weak Reference
    _terminate_user_alloc                     - Undefined Weak Reference
    _terminateio                              - Undefined Weak Reference
    __Vectors_Size                           0x000000ec   Number         0  startup_stm32f10x_md.o ABSOLUTE
    __Vectors                                0x08000000   Data           4  startup_stm32f10x_md.o(RESET)
    __Vectors_End                            0x080000ec   Data           0  startup_stm32f10x_md.o(RESET)
    __main                                   0x080000ed   Thumb Code     8  __main.o(!!!main)
    __scatterload                            0x080000f5   Thumb Code     0  __scatter.o(!!!scatter)
    __scatterload_rt2                        0x080000f5   Thumb Code    44  __scatter.o(!!!scatter)
    __scatterload_rt2_thumb_only             0x080000f5   Thumb Code     0  __scatter.o(!!!scatter)
    __scatterload_null                       0x08000103   Thumb Code     0  __scatter.o(!!!scatter)
    __decompress                             0x08000129   Thumb Code   100  __dclz77c.o(!!dclz77c)
    __decompress2                            0x08000129   Thumb Code     0  __dclz77c.o(!!dclz77c)
    __scatterload_zeroinit                   0x0800018d   Thumb Code    28  __scatter_zi.o(!!handler_zi)
    __rt_lib_init                            0x080001a9   Thumb Code     0  libinit.o(.ARM.Collect$$libinit$$00000000)
    __rt_lib_init_fp_1                       0x080001ab   Thumb Code     0  libinit2.o(.ARM.Collect$$libinit$$00000002)
    __rt_lib_init_heap_1                     0x080001ab   Thumb Code     0  libinit2.o(.ARM.Collect$$libinit$$0000000A)
    __rt_lib_init_lc_common                  0x080001ab   Thumb Code     0  libinit2.o(.ARM.Collect$$libinit$$0000000F)
    __rt_lib_init_preinit_1                  0x080001ab   Thumb Code     0  libinit2.o(.ARM.Collect$$libinit$$00000004)
    __rt_lib_init_rand_1                     0x080001ab   Thumb Code     0  libinit2.o(.ARM.Collect$$libinit$$0000000E)
    __rt_lib_init_user_alloc_1               0x080001ab   Thumb Code     0  libinit2.o(.ARM.Collect$$libinit$$0000000C)
    __rt_lib_init_lc_collate_1               0x080001b1   Thumb Code     0  libinit2.o(.ARM.Collect$$libinit$$00000011)
    __rt_lib_init_lc_ctype_2                 0x080001b1   Thumb Code     0  libinit2.o(.ARM.Collect$$libinit$$00000012)
    __rt_lib_init_alloca_1                   0x080001bd   Thumb Code     0  libinit2.o(.ARM.Collect$$libinit$$0000002E)
    __rt_lib_init_argv_1                     0x080001bd   Thumb Code     0  libinit2.o(.ARM.Collect$$libinit$$0000002C)
    __rt_lib_init_atexit_1                   0x080001bd   Thumb Code     0  libinit2.o(.ARM.Collect$$libinit$$0000001B)
    __rt_lib_init_clock_1                    0x080001bd   Thumb Code     0  libinit2.o(.ARM.Collect$$libinit$$00000021)
    __rt_lib_init_cpp_1                      0x080001bd   Thumb Code     0  libinit2.o(.ARM.Collect$$libinit$$00000032)
    __rt_lib_init_exceptions_1               0x080001bd   Thumb Code     0  libinit2.o(.ARM.Collect$$libinit$$00000030)
    __rt_lib_init_fp_trap_1                  0x080001bd   Thumb Code     0  libinit2.o(.ARM.Collect$$libinit$$0000001F)
    __rt_lib_init_getenv_1                   0x080001bd   Thumb Code     0  libinit2.o(.ARM.Collect$$libinit$$00000023)
    __rt_lib_init_lc_ctype_1                 0x080001bd   Thumb Code     0  libinit2.o(.ARM.Collect$$libinit$$00000013)
    __rt_lib_init_lc_monetary_1              0x080001bd   Thumb Code     0  libinit2.o(.ARM.Collect$$libinit$$00000015)
    __rt_lib_init_lc_numeric_1               0x080001bd   Thumb Code     0  libinit2.o(.ARM.Collect$$libinit$$00000017)
    __rt_lib_init_lc_time_1                  0x080001bd   Thumb Code     0  libinit2.o(.ARM.Collect$$libinit$$00000019)
    __rt_lib_init_return                     0x080001bd   Thumb Code     0  libinit2.o(.ARM.Collect$$libinit$$00000033)
    __rt_lib_init_signal_1                   0x080001bd   Thumb Code     0  libinit2.o(.ARM.Collect$$libinit$$0000001D)
    __rt_lib_init_stdio_1                    0x080001bd   Thumb Code     0  libinit2.o(.ARM.Collect$$libinit$$00000025)
    __rt_lib_shutdown                        0x080001bf   Thumb Code     0  libshutdown.o(.ARM.Collect$$libshutdown$$00000000)
    __rt_lib_shutdown_cpp_1                  0x080001c1   Thumb Code     0  libshutdown2.o(.ARM.Collect$$libshutdown$$00000002)
    __rt_lib_shutdown_fp_trap_1              0x080001c1   Thumb Code     0  libshutdown2.o(.ARM.Collect$$libshutdown$$00000007)
    __rt_lib_shutdown_heap_1                 0x080001c1   Thumb Code     0  libshutdown2.o(.ARM.Collect$$libshutdown$$0000000F)
    __rt_lib_shutdown_return                 0x080001c1   Thumb Code     0  libshutdown2.o(.ARM.Collect$$libshutdown$$00000010)
    __rt_lib_shutdown_signal_1               0x080001c1   Thumb Code     0  libshutdown2.o(.ARM.Collect$$libshutdown$$0000000A)
    __rt_lib_shutdown_stdio_1                0x080001c1   Thumb Code     0  libshutdown2.o(.ARM.Collect$$libshutdown$$00000004)
    __rt_lib_shutdown_user_alloc_1           0x080001c1   Thumb Code     0  libshutdown2.o(.ARM.Collect$$libshutdown$$0000000C)
    __rt_entry                               0x080001c3   Thumb Code     0  __rtentry.o(.ARM.Collect$$rtentry$$00000000)
    __rt_entry_presh_1                       0x080001c3   Thumb Code     0  __rtentry2.o(.ARM.Collect$$rtentry$$00000002)
    __rt_entry_sh                            0x080001c3   Thumb Code     0  __rtentry4.o(.ARM.Collect$$rtentry$$00000004)
    __rt_entry_li                            0x080001c9   Thumb Code     0  __rtentry2.o(.ARM.Collect$$rtentry$$0000000A)
    __rt_entry_postsh_1                      0x080001c9   Thumb Code     0  __rtentry2.o(.ARM.Collect$$rtentry$$00000009)
    __rt_entry_main                          0x080001cd   Thumb Code     0  __rtentry2.o(.ARM.Collect$$rtentry$$0000000D)
    __rt_entry_postli_1                      0x080001cd   Thumb Code     0  __rtentry2.o(.ARM.Collect$$rtentry$$0000000C)
    __rt_exit                                0x080001d5   Thumb Code     0  rtexit.o(.ARM.Collect$$rtexit$$00000000)
    __rt_exit_ls                             0x080001d7   Thumb Code     0  rtexit2.o(.ARM.Collect$$rtexit$$00000003)
    __rt_exit_prels_1                        0x080001d7   Thumb Code     0  rtexit2.o(.ARM.Collect$$rtexit$$00000002)
    __rt_exit_exit                           0x080001db   Thumb Code     0  rtexit2.o(.ARM.Collect$$rtexit$$00000004)
    Reset_Handler                            0x080001e1   Thumb Code     8  startup_stm32f10x_md.o(.text)
    NMI_Handler                              0x080001e9   Thumb Code     2  startup_stm32f10x_md.o(.text)
    HardFault_Handler                        0x080001eb   Thumb Code     2  startup_stm32f10x_md.o(.text)
    MemManage_Handler                        0x080001ed   Thumb Code     2  startup_stm32f10x_md.o(.text)
    BusFault_Handler                         0x080001ef   Thumb Code     2  startup_stm32f10x_md.o(.text)
    UsageFault_Handler                       0x080001f1   Thumb Code     2  startup_stm32f10x_md.o(.text)
    SVC_Handler                              0x080001f3   Thumb Code     2  startup_stm32f10x_md.o(.text)
    DebugMon_Handler                         0x080001f5   Thumb Code     2  startup_stm32f10x_md.o(.text)
    PendSV_Handler                           0x080001f7   Thumb Code     2  startup_stm32f10x_md.o(.text)
    ADC1_2_IRQHandler                        0x080001fb   Thumb Code     0  startup_stm32f10x_md.o(.text)
    CAN1_RX1_IRQHandler                      0x080001fb   Thumb Code     0  startup_stm32f10x_md.o(.text)
    CAN1_SCE_IRQHandler                      0x080001fb   Thumb Code     0  startup_stm32f10x_md.o(.text)
    DMA1_Channel1_IRQHandler                 0x080001fb   Thumb Code     0  startup_stm32f10x_md.o(.text)
    DMA1_Channel2_IRQHandler                 0x080001fb   Thumb Code     0  startup_stm32f10x_md.o(.text)
    DMA1_Channel3_IRQHandler                 0x080001fb   Thumb Code     0  startup_stm32f10x_md.o(.text)
    DMA1_Channel4_IRQHandler                 0x080001fb   Thumb Code     0  startup_stm32f10x_md.o(.text)
    DMA1_Channel5_IRQHandler                 0x080001fb   Thumb Code     0  startup_stm32f10x_md.o(.text)
    DMA1_Channel6_IRQHandler                 0x080001fb   Thumb Code     0  startup_stm32f10x_md.o(.text)
    DMA1_Channel7_IRQHandler                 0x080001fb   Thumb Code     0  startup_stm32f10x_md.o(.text)
    EXTI0_IRQHandler                         0x080001fb   Thumb Code     0  startup_stm32f10x_md.o(.text)
    EXTI15_10_IRQHandler                     0x080001fb   Thumb Code     0  startup_stm32f10x_md.o(.text)
    EXTI1_IRQHandler                         0x080001fb   Thumb Code     0  startup_stm32f10x_md.o(.text)
    EXTI2_IRQHandler                         0x080001fb   Thumb Code     0  startup_stm32f10x_md.o(.text)
    EXTI3_IRQHandler                         0x080001fb   Thumb Code     0  startup_stm32f10x_md.o(.text)
    EXTI4_IRQHandler                         0x080001fb   Thumb Code     0  startup_stm32f10x_md.o(.text)
    EXTI9_5_IRQHandler                       0x080001fb   Thumb Code     0  startup_stm32f10x_md.o(.text)
    FLASH_IRQHandler                         0x080001fb   Thumb Code     0  startup_stm32f10x_md.o(.text)
    I2C1_ER_IRQHandler                       0x080001fb   Thumb Code     0  startup_stm32f10x_md.o(.text)
    I2C1_EV_IRQHandler                       0x080001fb   Thumb Code     0  startup_stm32f10x_md.o(.text)
    I2C2_ER_IRQHandler                       0x080001fb   Thumb Code     0  startup_stm32f10x_md.o(.text)
    I2C2_EV_IRQHandler                       0x080001fb   Thumb Code     0  startup_stm32f10x_md.o(.text)
    PVD_IRQHandler                           0x080001fb   Thumb Code     0  startup_stm32f10x_md.o(.text)
    RCC_IRQHandler                           0x080001fb   Thumb Code     0  startup_stm32f10x_md.o(.text)
    RTCAlarm_IRQHandler                      0x080001fb   Thumb Code     0  startup_stm32f10x_md.o(.text)
    RTC_IRQHandler                           0x080001fb   Thumb Code     0  startup_stm32f10x_md.o(.text)
    SPI1_IRQHandler                          0x080001fb   Thumb Code     0  startup_stm32f10x_md.o(.text)
    SPI2_IRQHandler                          0x080001fb   Thumb Code     0  startup_stm32f10x_md.o(.text)
    TAMPER_IRQHandler                        0x080001fb   Thumb Code     0  startup_stm32f10x_md.o(.text)
    TIM1_BRK_IRQHandler                      0x080001fb   Thumb Code     0  startup_stm32f10x_md.o(.text)
    TIM1_CC_IRQHandler                       0x080001fb   Thumb Code     0  startup_stm32f10x_md.o(.text)
    TIM1_TRG_COM_IRQHandler                  0x080001fb   Thumb Code     0  startup_stm32f10x_md.o(.text)
    TIM1_UP_IRQHandler                       0x080001fb   Thumb Code     0  startup_stm32f10x_md.o(.text)
    TIM2_IRQHandler                          0x080001fb   Thumb Code     0  startup_stm32f10x_md.o(.text)
    TIM3_IRQHandler                          0x080001fb   Thumb Code     0  startup_stm32f10x_md.o(.text)
    TIM4_IRQHandler                          0x080001fb   Thumb Code     0  startup_stm32f10x_md.o(.text)
    USART1_IRQHandler                        0x080001fb   Thumb Code     0  startup_stm32f10x_md.o(.text)
    USART2_IRQHandler                        0x080001fb   Thumb Code     0  startup_stm32f10x_md.o(.text)
    USART3_IRQHandler                        0x080001fb   Thumb Code     0  startup_stm32f10x_md.o(.text)
    USBWakeUp_IRQHandler                     0x080001fb   Thumb Code     0  startup_stm32f10x_md.o(.text)
    USB_HP_CAN1_TX_IRQHandler                0x080001fb   Thumb Code     0  startup_stm32f10x_md.o(.text)
    USB_LP_CAN1_RX0_IRQHandler               0x080001fb   Thumb Code     0  startup_stm32f10x_md.o(.text)
    WWDG_IRQHandler                          0x080001fb   Thumb Code     0  startup_stm32f10x_md.o(.text)
    __user_initial_stackheap                 0x080001fd   Thumb Code     0  startup_stm32f10x_md.o(.text)
    toupper                                  0x08000221   Thumb Code    30  toupper.o(.text)
    __aeabi_memset                           0x0800023f   Thumb Code    16  aeabi_memset.o(.text)
    __aeabi_memclr4                          0x0800024f   Thumb Code     0  rt_memclr_w.o(.text)
    __aeabi_memclr8                          0x0800024f   Thumb Code     0  rt_memclr_w.o(.text)
    __rt_memclr_w                            0x0800024f   Thumb Code     0  rt_memclr_w.o(.text)
    _memset_w                                0x08000253   Thumb Code    74  rt_memclr_w.o(.text)
    __use_two_region_memory                  0x0800029d   Thumb Code     2  heapauxi.o(.text)
    __rt_heap_escrow$2region                 0x0800029f   Thumb Code     2  heapauxi.o(.text)
    __rt_heap_expand$2region                 0x080002a1   Thumb Code     2  heapauxi.o(.text)
    __rt_ctype_table                         0x080002a5   Thumb Code    16  rt_ctype_table.o(.text)
    __aeabi_memclr                           0x080002b5   Thumb Code     0  rt_memclr.o(.text)
    __rt_memclr                              0x080002b5   Thumb Code     0  rt_memclr.o(.text)
    _memset                                  0x080002b9   Thumb Code    64  rt_memclr.o(.text)
    __rt_locale                              0x080002f9   Thumb Code     8  rt_locale_intlibspace.o(.text)
    __user_libspace                          0x08000301   Thumb Code     8  libspace.o(.text)
    __user_perproc_libspace                  0x08000301   Thumb Code     0  libspace.o(.text)
    __user_perthread_libspace                0x08000301   Thumb Code     0  libspace.o(.text)
    __user_setup_stackheap                   0x08000309   Thumb Code    74  sys_stackheap_outer.o(.text)
    exit                                     0x08000353   Thumb Code    18  exit.o(.text)
    strcmp                                   0x08000365   Thumb Code   128  strcmpv7m.o(.text)
    _sys_exit                                0x080003e5   Thumb Code     8  sys_exit.o(.text)
    __I$use$semihosting                      0x080003f1   Thumb Code     0  use_no_semi.o(.text)
    __use_no_semihosting_swi                 0x080003f1   Thumb Code     2  use_no_semi.o(.text)
    __semihosting_library_function           0x080003f3   Thumb Code     0  indicate_semi.o(.text)
    ADC_ClearFlag                            0x080003f5   Thumb Code     6  stm32f10x_adc.o(.text.ADC_ClearFlag)
    ADC_Cmd                                  0x080003fd   Thumb Code    16  stm32f10x_adc.o(.text.ADC_Cmd)
    ADC_ExternalTrigInjectedConvCmd          0x0800040d   Thumb Code    18  stm32f10x_adc.o(.text.ADC_ExternalTrigInjectedConvCmd)
    ADC_ExternalTrigInjectedConvConfig       0x08000421   Thumb Code    12  stm32f10x_adc.o(.text.ADC_ExternalTrigInjectedConvConfig)
    ADC_GetCalibrationStatus                 0x0800042d   Thumb Code     8  stm32f10x_adc.o(.text.ADC_GetCalibrationStatus)
    ADC_GetResetCalibrationStatus            0x08000435   Thumb Code     8  stm32f10x_adc.o(.text.ADC_GetResetCalibrationStatus)
    ADC_Init                                 0x0800043d   Thumb Code    84  stm32f10x_adc.o(.text.ADC_Init)
    ADC_InjectedChannelConfig                0x08000491   Thumb Code    78  stm32f10x_adc.o(.text.ADC_InjectedChannelConfig)
    ADC_InjectedSequencerLengthConfig        0x080004e1   Thumb Code    22  stm32f10x_adc.o(.text.ADC_InjectedSequencerLengthConfig)
    ADC_RegularChannelConfig                 0x080004f9   Thumb Code    98  stm32f10x_adc.o(.text.ADC_RegularChannelConfig)
    ADC_ResetCalibration                     0x0800055d   Thumb Code    10  stm32f10x_adc.o(.text.ADC_ResetCalibration)
    ADC_SoftwareStartConvCmd                 0x08000569   Thumb Code    18  stm32f10x_adc.o(.text.ADC_SoftwareStartConvCmd)
    ADC_SoftwareStartInjectedConvCmd         0x0800057d   Thumb Code    18  stm32f10x_adc.o(.text.ADC_SoftwareStartInjectedConvCmd)
    ADC_StartCalibration                     0x08000591   Thumb Code    10  stm32f10x_adc.o(.text.ADC_StartCalibration)
    Delay                                    0x0800059d   Thumb Code    26  main.o(.text.Delay)
    GPIO_Init                                0x080005b9   Thumb Code   176  stm32f10x_gpio.o(.text.GPIO_Init)
    GPIO_PinRemapConfig                      0x08000669   Thumb Code   122  stm32f10x_gpio.o(.text.GPIO_PinRemapConfig)
    GPIO_ReadInputData                       0x080006e5   Thumb Code     6  stm32f10x_gpio.o(.text.GPIO_ReadInputData)
    GPIO_ResetBits                           0x080006ed   Thumb Code     4  stm32f10x_gpio.o(.text.GPIO_ResetBits)
    GPIO_SetBits                             0x080006f1   Thumb Code     4  stm32f10x_gpio.o(.text.GPIO_SetBits)
    InitADC                                  0x080006f5   Thumb Code   190  main.o(.text.InitADC)
    InitGPIO                                 0x080007b5   Thumb Code   312  main.o(.text.InitGPIO)
    InitSPI                                  0x080008ed   Thumb Code    72  main.o(.text.InitSPI)
    InitSysTick                              0x08000935   Thumb Code    32  main.o(.text.InitSysTick)
    InitTIM3                                 0x08000955   Thumb Code    88  main.o(.text.InitTIM3)
    InitUSART                                0x080009ad   Thumb Code    62  main.o(.text.InitUSART)
    RCC_ADCCLKConfig                         0x080009ed   Thumb Code    20  stm32f10x_rcc.o(.text.RCC_ADCCLKConfig)
    RCC_APB1PeriphClockCmd                   0x08000a01   Thumb Code    24  stm32f10x_rcc.o(.text.RCC_APB1PeriphClockCmd)
    RCC_APB1PeriphResetCmd                   0x08000a19   Thumb Code    24  stm32f10x_rcc.o(.text.RCC_APB1PeriphResetCmd)
    RCC_APB2PeriphClockCmd                   0x08000a31   Thumb Code    24  stm32f10x_rcc.o(.text.RCC_APB2PeriphClockCmd)
    RCC_APB2PeriphResetCmd                   0x08000a49   Thumb Code    24  stm32f10x_rcc.o(.text.RCC_APB2PeriphResetCmd)
    RCC_GetClocksFreq                        0x08000a61   Thumb Code   160  stm32f10x_rcc.o(.text.RCC_GetClocksFreq)
    SPI_Cmd                                  0x08000b01   Thumb Code    20  stm32f10x_spi.o(.text.SPI_Cmd)
    SPI_I2S_GetFlagStatus                    0x08000b15   Thumb Code    10  stm32f10x_spi.o(.text.SPI_I2S_GetFlagStatus)
    SPI_I2S_SendData                         0x08000b21   Thumb Code     4  stm32f10x_spi.o(.text.SPI_I2S_SendData)
    SPI_Init                                 0x08000b25   Thumb Code    70  stm32f10x_spi.o(.text.SPI_Init)
    SysTick_Handler                          0x08000c75   Thumb Code    24  main.o(.text.SysTick_Handler)
    SystemCoreClockConfigure                 0x08000c8d   Thumb Code   156  main.o(.text.SystemCoreClockConfigure)
    SystemCoreClockUpdate                    0x08000d29   Thumb Code   110  system_stm32f10x.o(.text.SystemCoreClockUpdate)
    SystemInit                               0x08000d99   Thumb Code    86  system_stm32f10x.o(.text.SystemInit)
    TIM_DeInit                               0x08000df1   Thumb Code   558  stm32f10x_tim.o(.text.TIM_DeInit)
    TIM_SelectOnePulseMode                   0x08001021   Thumb Code    16  stm32f10x_tim.o(.text.TIM_SelectOnePulseMode)
    TIM_TimeBaseInit                         0x08001031   Thumb Code   170  stm32f10x_tim.o(.text.TIM_TimeBaseInit)
    UNIO_await_write_complete                0x080010dd   Thumb Code    76  unio.o(.text.UNIO_await_write_complete)
    UNIO_enable_write                        0x08001129   Thumb Code    38  unio.o(.text.UNIO_enable_write)
    UNIO_erase_all                           0x08001151   Thumb Code    38  unio.o(.text.UNIO_erase_all)
    UNIO_init                                0x08001179   Thumb Code    32  unio.o(.text.UNIO_init)
    UNIO_read                                0x08001199   Thumb Code    62  unio.o(.text.UNIO_read)
    UNIO_simple_write                        0x080011d9   Thumb Code    90  unio.o(.text.UNIO_simple_write)
    UNIO_start_write                         0x08001235   Thumb Code    80  unio.o(.text.UNIO_start_write)
    USART_Cmd                                0x08001285   Thumb Code    20  stm32f10x_usart.o(.text.USART_Cmd)
    USART_Init                               0x08001299   Thumb Code   182  stm32f10x_usart.o(.text.USART_Init)
    UU_PutChar                               0x08001351   Thumb Code    10  usart_utilities.o(.text.UU_PutChar)
    UU_PutHexByte                            0x0800135d   Thumb Code    52  usart_utilities.o(.text.UU_PutHexByte)
    UU_PutString                             0x08001391   Thumb Code    34  usart_utilities.o(.text.UU_PutString)
    addon57_powersave                        0x08001451   Thumb Code   182  addon57.o(.text.addon57_powersave)
    addon57_validate_status_block            0x08001509   Thumb Code   228  addon57.o(.text.addon57_validate_status_block)
    delayMicroseconds                        0x08001651   Thumb Code    46  unio.o(.text.delayMicroseconds)
    hw_digit_driver_initialize               0x080016d1   Thumb Code    30  mux57.o(.text.hw_digit_driver_initialize)
    hw_digit_driver_intensity                0x080016f1   Thumb Code    28  mux57.o(.text.hw_digit_driver_intensity)
    hw_digit_driver_load                     0x0800171d   Thumb Code    12  mux57.o(.text.hw_digit_driver_load)
    hw_digit_driver_send_word                0x08001729   Thumb Code    94  mux57.o(.text.hw_digit_driver_send_word)
    hw_digit_driver_update                   0x08001789   Thumb Code    22  mux57.o(.text.hw_digit_driver_update)
    hw_display_char_d12                      0x080017a1   Thumb Code   144  mux57.o(.text.hw_display_char_d12)
    hw_display_cycle                         0x08001831   Thumb Code   192  mux57.o(.text.hw_display_cycle)
    hw_raw_keyboard_row                      0x080018f1   Thumb Code    16  mux57.o(.text.hw_raw_keyboard_row)
    hw_read_keyboard_adc_row                 0x08001901   Thumb Code   220  mux57.o(.text.hw_read_keyboard_adc_row)
    hw_read_keyboard_row                     0x080019dd   Thumb Code   100  mux57.o(.text.hw_read_keyboard_row)
    hw_segment_disable_all                   0x08001a41   Thumb Code    16  mux57.o(.text.hw_segment_disable_all)
    hw_segment_enable                        0x08001a51   Thumb Code    28  mux57.o(.text.hw_segment_enable)
    hw_segment_enable_all                    0x08001a8d   Thumb Code    16  mux57.o(.text.hw_segment_enable_all)
    hw_wait_for_key_release                  0x08001a9d   Thumb Code    84  mux57.o(.text.hw_wait_for_key_release)
    main                                     0x08001b55   Thumb Code   308  main.o(.text.main)
    mux57_char_code                          0x08001c95   Thumb Code   164  mux57.o(.text.mux57_char_code)
    mux57_is_segment                         0x08001d39   Thumb Code    26  mux57.o(.text.mux57_is_segment)
    mux57_paint_digits                       0x08001d55   Thumb Code   108  mux57.o(.text.mux57_paint_digits)
    mux57_splash                             0x08001dc1   Thumb Code    58  mux57.o(.text.mux57_splash)
    mux57_which_outputs                      0x08001dfd   Thumb Code   108  mux57.o(.text.mux57_which_outputs)
    ti57_init                                0x08002311   Thumb Code    12  ti57.o(.text.ti57_init)
    ti57_is_error                            0x0800231d   Thumb Code    18  state57.o(.text.ti57_is_error)
    ti57_next                                0x08002331   Thumb Code   158  ti57.o(.text.ti57_next)
    _get_lc_ctype                            0x0800269d   Thumb Code    44  lc_ctype_c.o(locale$$code)
    AHBPrescTable                            0x080026cc   Data          16  system_stm32f10x.o(.rodata.AHBPrescTable)
    SEGMENT_MAP                              0x080026ec   Data         256  mux57.o(.rodata.SEGMENT_MAP)
    str_ee_fail                              0x080027ec   Data          13  main.o(.rodata.str_ee_fail)
    str_splash                               0x080027f9   Data          13  main.o(.rodata.str_splash)
    str_version                              0x08002806   Data          13  main.o(.rodata.str_version)
    Region$$Table$$Base                      0x08002814   Number         0  anon$$obj.o(Region$$Table)
    Region$$Table$$Limit                     0x08002834   Number         0  anon$$obj.o(Region$$Table)
    __ctype                                  0x08002841   Data           0  lc_ctype_c.o(locale$$data)
    ROM55                                    0x20000000   Data        4096  rom55.o(.data.ROM55)
    SystemCoreClock                          0x20001000   Data           4  system_stm32f10x.o(.data.SystemCoreClock)
    __libspace_start                         0x20001008   Data          96  libspace.o(.bss)
    __temporary_stack_top$libspace           0x20001068   Data           0  libspace.o(.bss)
    ee_status_shadow                         0x2000106c   Data          24  main.o(.bss.ee_status_shadow)



==============================================================================

Memory Map of the image

  Image Entry point : 0x080000ed

  Load Region LR_IROM1 (Base: 0x08000000, Size: 0x00003950, Max: 0x00020000, ABSOLUTE, COMPRESSED[0x000038e8])

    Execution Region ER_IROM1 (Exec base: 0x08000000, Load base: 0x08000000, Size: 0x00002944, Max: 0x00020000, ABSOLUTE)

    Exec Addr    Load Addr    Size         Type   Attr      Idx    E Section Name        Object

    0x08000000   0x08000000   0x000000ec   Data   RO          859    RESET               startup_stm32f10x_md.o
    0x080000ec   0x080000ec   0x00000008   Code   RO          894  * !!!main             c_w.l(__main.o)
    0x080000f4   0x080000f4   0x00000034   Code   RO         1073    !!!scatter          c_w.l(__scatter.o)
    0x08000128   0x08000128   0x00000064   Code   RO         1071    !!dclz77c           c_w.l(__dclz77c.o)
    0x0800018c   0x0800018c   0x0000001c   Code   RO         1075    !!handler_zi        c_w.l(__scatter_zi.o)
    0x080001a8   0x080001a8   0x00000002   Code   RO          938    .ARM.Collect$$libinit$$00000000  c_w.l(libinit.o)
    0x080001aa   0x080001aa   0x00000000   Code   RO          940    .ARM.Collect$$libinit$$00000002  c_w.l(libinit2.o)
    0x080001aa   0x080001aa   0x00000000   Code   RO          942    .ARM.Collect$$libinit$$00000004  c_w.l(libinit2.o)
    0x080001aa   0x080001aa   0x00000000   Code   RO          945    .ARM.Collect$$libinit$$0000000A  c_w.l(libinit2.o)
    0x080001aa   0x080001aa   0x00000000   Code   RO          947    .ARM.Collect$$libinit$$0000000C  c_w.l(libinit2.o)
    0x080001aa   0x080001aa   0x00000000   Code   RO          949    .ARM.Collect$$libinit$$0000000E  c_w.l(libinit2.o)
    0x080001aa   0x080001aa   0x00000006   Code   RO          950    .ARM.Collect$$libinit$$0000000F  c_w.l(libinit2.o)
    0x080001b0   0x080001b0   0x00000000   Code   RO          952    .ARM.Collect$$libinit$$00000011  c_w.l(libinit2.o)
    0x080001b0   0x080001b0   0x0000000c   Code   RO          953    .ARM.Collect$$libinit$$00000012  c_w.l(libinit2.o)
    0x080001bc   0x080001bc   0x00000000   Code   RO          954    .ARM.Collect$$libinit$$00000013  c_w.l(libinit2.o)
    0x080001bc   0x080001bc   0x00000000   Code   RO          956    .ARM.Collect$$libinit$$00000015  c_w.l(libinit2.o)
    0x080001bc   0x080001bc   0x00000000   Code   RO          958    .ARM.Collect$$libinit$$00000017  c_w.l(libinit2.o)
    0x080001bc   0x080001bc   0x00000000   Code   RO          960    .ARM.Collect$$libinit$$00000019  c_w.l(libinit2.o)
    0x080001bc   0x080001bc   0x00000000   Code   RO          962    .ARM.Collect$$libinit$$0000001B  c_w.l(libinit2.o)
    0x080001bc   0x080001bc   0x00000000   Code   RO          964    .ARM.Collect$$libinit$$0000001D  c_w.l(libinit2.o)
    0x080001bc   0x080001bc   0x00000000   Code   RO          966    .ARM.Collect$$libinit$$0000001F  c_w.l(libinit2.o)
    0x080001bc   0x080001bc   0x00000000   Code   RO          968    .ARM.Collect$$libinit$$00000021  c_w.l(libinit2.o)
    0x080001bc   0x080001bc   0x00000000   Code   RO          970    .ARM.Collect$$libinit$$00000023  c_w.l(libinit2.o)
    0x080001bc   0x080001bc   0x00000000   Code   RO          972    .ARM.Collect$$libinit$$00000025  c_w.l(libinit2.o)
    0x080001bc   0x080001bc   0x00000000   Code   RO          976    .ARM.Collect$$libinit$$0000002C  c_w.l(libinit2.o)
    0x080001bc   0x080001bc   0x00000000   Code   RO          978    .ARM.Collect$$libinit$$0000002E  c_w.l(libinit2.o)
    0x080001bc   0x080001bc   0x00000000   Code   RO          980    .ARM.Collect$$libinit$$00000030  c_w.l(libinit2.o)
    0x080001bc   0x080001bc   0x00000000   Code   RO          982    .ARM.Collect$$libinit$$00000032  c_w.l(libinit2.o)
    0x080001bc   0x080001bc   0x00000002   Code   RO          983    .ARM.Collect$$libinit$$00000033  c_w.l(libinit2.o)
    0x080001be   0x080001be   0x00000002   Code   RO         1017    .ARM.Collect$$libshutdown$$00000000  c_w.l(libshutdown.o)
    0x080001c0   0x080001c0   0x00000000   Code   RO         1028    .ARM.Collect$$libshutdown$$00000002  c_w.l(libshutdown2.o)
    0x080001c0   0x080001c0   0x00000000   Code   RO         1030    .ARM.Collect$$libshutdown$$00000004  c_w.l(libshutdown2.o)
    0x080001c0   0x080001c0   0x00000000   Code   RO         1033    .ARM.Collect$$libshutdown$$00000007  c_w.l(libshutdown2.o)
    0x080001c0   0x080001c0   0x00000000   Code   RO         1036    .ARM.Collect$$libshutdown$$0000000A  c_w.l(libshutdown2.o)
    0x080001c0   0x080001c0   0x00000000   Code   RO         1038    .ARM.Collect$$libshutdown$$0000000C  c_w.l(libshutdown2.o)
    0x080001c0   0x080001c0   0x00000000   Code   RO         1041    .ARM.Collect$$libshutdown$$0000000F  c_w.l(libshutdown2.o)
    0x080001c0   0x080001c0   0x00000002   Code   RO         1042    .ARM.Collect$$libshutdown$$00000010  c_w.l(libshutdown2.o)
    0x080001c2   0x080001c2   0x00000000   Code   RO          896    .ARM.Collect$$rtentry$$00000000  c_w.l(__rtentry.o)
    0x080001c2   0x080001c2   0x00000000   Code   RO          902    .ARM.Collect$$rtentry$$00000002  c_w.l(__rtentry2.o)
    0x080001c2   0x080001c2   0x00000006   Code   RO          914    .ARM.Collect$$rtentry$$00000004  c_w.l(__rtentry4.o)
    0x080001c8   0x080001c8   0x00000000   Code   RO          904    .ARM.Collect$$rtentry$$00000009  c_w.l(__rtentry2.o)
    0x080001c8   0x080001c8   0x00000004   Code   RO          905    .ARM.Collect$$rtentry$$0000000A  c_w.l(__rtentry2.o)
    0x080001cc   0x080001cc   0x00000000   Code   RO          907    .ARM.Collect$$rtentry$$0000000C  c_w.l(__rtentry2.o)
    0x080001cc   0x080001cc   0x00000008   Code   RO          908    .ARM.Collect$$rtentry$$0000000D  c_w.l(__rtentry2.o)
    0x080001d4   0x080001d4   0x00000002   Code   RO          984    .ARM.Collect$$rtexit$$00000000  c_w.l(rtexit.o)
    0x080001d6   0x080001d6   0x00000000   Code   RO          991    .ARM.Collect$$rtexit$$00000002  c_w.l(rtexit2.o)
    0x080001d6   0x080001d6   0x00000004   Code   RO          992    .ARM.Collect$$rtexit$$00000003  c_w.l(rtexit2.o)
    0x080001da   0x080001da   0x00000006   Code   RO          993    .ARM.Collect$$rtexit$$00000004  c_w.l(rtexit2.o)
    0x080001e0   0x080001e0   0x00000040   Code   RO          860    .text               startup_stm32f10x_md.o
    0x08000220   0x08000220   0x0000001e   Code   RO          886    .text               c_w.l(toupper.o)
    0x0800023e   0x0800023e   0x00000010   Code   RO          888    .text               c_w.l(aeabi_memset.o)
    0x0800024e   0x0800024e   0x0000004e   Code   RO          890    .text               c_w.l(rt_memclr_w.o)
    0x0800029c   0x0800029c   0x00000006   Code   RO          892    .text               c_w.l(heapauxi.o)
    0x080002a2   0x080002a2   0x00000002   PAD
    0x080002a4   0x080002a4   0x00000010   Code   RO          897    .text               c_w.l(rt_ctype_table.o)
    0x080002b4   0x080002b4   0x00000044   Code   RO          899    .text               c_w.l(rt_memclr.o)
    0x080002f8   0x080002f8   0x00000008   Code   RO          919    .text               c_w.l(rt_locale_intlibspace.o)
    0x08000300   0x08000300   0x00000008   Code   RO          924    .text               c_w.l(libspace.o)
    0x08000308   0x08000308   0x0000004a   Code   RO          927    .text               c_w.l(sys_stackheap_outer.o)
    0x08000352   0x08000352   0x00000012   Code   RO          929    .text               c_w.l(exit.o)
    0x08000364   0x08000364   0x00000080   Code   RO          931    .text               c_w.l(strcmpv7m.o)
    0x080003e4   0x080003e4   0x0000000c   Code   RO         1003    .text               c_w.l(sys_exit.o)
    0x080003f0   0x080003f0   0x00000002   Code   RO         1018    .text               c_w.l(use_no_semi.o)
    0x080003f2   0x080003f2   0x00000000   Code   RO         1020    .text               c_w.l(indicate_semi.o)
    0x080003f2   0x080003f2   0x00000002   PAD
    0x080003f4   0x080003f4   0x00000006   Code   RO          416    .text.ADC_ClearFlag  stm32f10x_adc.o
    0x080003fa   0x080003fa   0x00000002   PAD
    0x080003fc   0x080003fc   0x00000010   Code   RO          356    .text.ADC_Cmd       stm32f10x_adc.o
    0x0800040c   0x0800040c   0x00000012   Code   RO          392    .text.ADC_ExternalTrigInjectedConvCmd  stm32f10x_adc.o
    0x0800041e   0x0800041e   0x00000002   PAD
    0x08000420   0x08000420   0x0000000c   Code   RO          390    .text.ADC_ExternalTrigInjectedConvConfig  stm32f10x_adc.o
    0x0800042c   0x0800042c   0x00000008   Code   RO          368    .text.ADC_GetCalibrationStatus  stm32f10x_adc.o
    0x08000434   0x08000434   0x00000008   Code   RO          364    .text.ADC_GetResetCalibrationStatus  stm32f10x_adc.o
    0x0800043c   0x0800043c   0x00000054   Code   RO          352    .text.ADC_Init      stm32f10x_adc.o
    0x08000490   0x08000490   0x0000004e   Code   RO          398    .text.ADC_InjectedChannelConfig  stm32f10x_adc.o
    0x080004de   0x080004de   0x00000002   PAD
    0x080004e0   0x080004e0   0x00000016   Code   RO          400    .text.ADC_InjectedSequencerLengthConfig  stm32f10x_adc.o
    0x080004f6   0x080004f6   0x00000002   PAD
    0x080004f8   0x080004f8   0x00000062   Code   RO          378    .text.ADC_RegularChannelConfig  stm32f10x_adc.o
    0x0800055a   0x0800055a   0x00000002   PAD
    0x0800055c   0x0800055c   0x0000000a   Code   RO          362    .text.ADC_ResetCalibration  stm32f10x_adc.o
    0x08000566   0x08000566   0x00000002   PAD
    0x08000568   0x08000568   0x00000012   Code   RO          370    .text.ADC_SoftwareStartConvCmd  stm32f10x_adc.o
    0x0800057a   0x0800057a   0x00000002   PAD
    0x0800057c   0x0800057c   0x00000012   Code   RO          394    .text.ADC_SoftwareStartInjectedConvCmd  stm32f10x_adc.o
    0x0800058e   0x0800058e   0x00000002   PAD
    0x08000590   0x08000590   0x0000000a   Code   RO          366    .text.ADC_StartCalibration  stm32f10x_adc.o
    0x0800059a   0x0800059a   0x00000002   PAD
    0x0800059c   0x0800059c   0x0000001a   Code   RO           22    .text.Delay         main.o
    0x080005b6   0x080005b6   0x00000002   PAD
    0x080005b8   0x080005b8   0x000000b0   Code   RO          434    .text.GPIO_Init     stm32f10x_gpio.o
    0x08000668   0x08000668   0x0000007a   Code   RO          460    .text.GPIO_PinRemapConfig  stm32f10x_gpio.o
    0x080006e2   0x080006e2   0x00000002   PAD
    0x080006e4   0x080006e4   0x00000006   Code   RO          440    .text.GPIO_ReadInputData  stm32f10x_gpio.o
    0x080006ea   0x080006ea   0x00000002   PAD
    0x080006ec   0x080006ec   0x00000004   Code   RO          448    .text.GPIO_ResetBits  stm32f10x_gpio.o
    0x080006f0   0x080006f0   0x00000004   Code   RO          446    .text.GPIO_SetBits  stm32f10x_gpio.o
    0x080006f4   0x080006f4   0x000000be   Code   RO           14    .text.InitADC       main.o
    0x080007b2   0x080007b2   0x00000002   PAD
    0x080007b4   0x080007b4   0x00000138   Code   RO            6    .text.InitGPIO      main.o
    0x080008ec   0x080008ec   0x00000048   Code   RO           12    .text.InitSPI       main.o
    0x08000934   0x08000934   0x00000020   Code   RO           16    .text.InitSysTick   main.o
    0x08000954   0x08000954   0x00000058   Code   RO           10    .text.InitTIM3      main.o
    0x080009ac   0x080009ac   0x0000003e   Code   RO            8    .text.InitUSART     main.o
    0x080009ea   0x080009ea   0x00000002   PAD
    0x080009ec   0x080009ec   0x00000014   Code   RO          504    .text.RCC_ADCCLKConfig  stm32f10x_rcc.o
    0x08000a00   0x08000a00   0x00000018   Code   RO          520    .text.RCC_APB1PeriphClockCmd  stm32f10x_rcc.o
    0x08000a18   0x08000a18   0x00000018   Code   RO          524    .text.RCC_APB1PeriphResetCmd  stm32f10x_rcc.o
    0x08000a30   0x08000a30   0x00000018   Code   RO          518    .text.RCC_APB2PeriphClockCmd  stm32f10x_rcc.o
    0x08000a48   0x08000a48   0x00000018   Code   RO          522    .text.RCC_APB2PeriphResetCmd  stm32f10x_rcc.o
    0x08000a60   0x08000a60   0x000000a0   Code   RO          514    .text.RCC_GetClocksFreq  stm32f10x_rcc.o
    0x08000b00   0x08000b00   0x00000014   Code   RO          558    .text.SPI_Cmd       stm32f10x_spi.o
    0x08000b14   0x08000b14   0x0000000a   Code   RO          586    .text.SPI_I2S_GetFlagStatus  stm32f10x_spi.o
    0x08000b1e   0x08000b1e   0x00000002   PAD
    0x08000b20   0x08000b20   0x00000004   Code   RO          566    .text.SPI_I2S_SendData  stm32f10x_spi.o
    0x08000b24   0x08000b24   0x00000046   Code   RO          550    .text.SPI_Init      stm32f10x_spi.o
    0x08000b6a   0x08000b6a   0x00000002   PAD
    0x08000b6c   0x08000b6c   0x00000008   Code   RO          869    .text.SetSysClock   system_stm32f10x.o
    0x08000b74   0x08000b74   0x000000b6   Code   RO          873    .text.SetSysClockTo24  system_stm32f10x.o
    0x08000c2a   0x08000c2a   0x00000002   PAD
    0x08000c2c   0x08000c2c   0x00000024   Code   RO           18    .text.SysTick_Config  main.o
    0x08000c50   0x08000c50   0x00000024   Code   RO          292    .text.SysTick_Config  addon57.o
    0x08000c74   0x08000c74   0x00000018   Code   RO           20    .text.SysTick_Handler  main.o
    0x08000c8c   0x08000c8c   0x0000009c   Code   RO            2    .text.SystemCoreClockConfigure  main.o
    0x08000d28   0x08000d28   0x0000006e   Code   RO          871    .text.SystemCoreClockUpdate  system_stm32f10x.o
    0x08000d96   0x08000d96   0x00000002   PAD
    0x08000d98   0x08000d98   0x00000056   Code   RO          867    .text.SystemInit    system_stm32f10x.o
    0x08000dee   0x08000dee   0x00000002   PAD
    0x08000df0   0x08000df0   0x0000022e   Code   RO          602    .text.TIM_DeInit    stm32f10x_tim.o
    0x0800101e   0x0800101e   0x00000002   PAD
    0x08001020   0x08001020   0x00000010   Code   RO          742    .text.TIM_SelectOnePulseMode  stm32f10x_tim.o
    0x08001030   0x08001030   0x000000aa   Code   RO          604    .text.TIM_TimeBaseInit  stm32f10x_tim.o
    0x080010da   0x080010da   0x00000002   PAD
    0x080010dc   0x080010dc   0x0000004c   Code   RO          260    .text.UNIO_await_write_complete  unio.o
    0x08001128   0x08001128   0x00000026   Code   RO          248    .text.UNIO_enable_write  unio.o
    0x0800114e   0x0800114e   0x00000002   PAD
    0x08001150   0x08001150   0x00000026   Code   RO          256    .text.UNIO_erase_all  unio.o
    0x08001176   0x08001176   0x00000002   PAD
    0x08001178   0x08001178   0x00000020   Code   RO          232    .text.UNIO_init     unio.o
    0x08001198   0x08001198   0x0000003e   Code   RO          236    .text.UNIO_read     unio.o
    0x080011d6   0x080011d6   0x00000002   PAD
    0x080011d8   0x080011d8   0x0000005a   Code   RO          262    .text.UNIO_simple_write  unio.o
    0x08001232   0x08001232   0x00000002   PAD
    0x08001234   0x08001234   0x00000050   Code   RO          246    .text.UNIO_start_write  unio.o
    0x08001284   0x08001284   0x00000014   Code   RO          802    .text.USART_Cmd     stm32f10x_usart.o
    0x08001298   0x08001298   0x000000b6   Code   RO          794    .text.USART_Init    stm32f10x_usart.o
    0x0800134e   0x0800134e   0x00000002   PAD
    0x08001350   0x08001350   0x0000000a   Code   RO          210    .text.UU_PutChar    usart_utilities.o
    0x0800135a   0x0800135a   0x00000002   PAD
    0x0800135c   0x0800135c   0x00000034   Code   RO          214    .text.UU_PutHexByte  usart_utilities.o
    0x08001390   0x08001390   0x00000022   Code   RO          212    .text.UU_PutString  usart_utilities.o
    0x080013b2   0x080013b2   0x00000002   PAD
    0x080013b4   0x080013b4   0x0000000e   Code   RO           24    .text.__NVIC_SetPriority  main.o
    0x080013c2   0x080013c2   0x00000002   PAD
    0x080013c4   0x080013c4   0x0000000e   Code   RO          294    .text.__NVIC_SetPriority  addon57.o
    0x080013d2   0x080013d2   0x00000002   PAD
    0x080013d4   0x080013d4   0x0000007a   Code   RO           72    .text.add           ti57.o
    0x0800144e   0x0800144e   0x00000002   PAD
    0x08001450   0x08001450   0x000000b6   Code   RO          290    .text.addon57_powersave  addon57.o
    0x08001506   0x08001506   0x00000002   PAD
    0x08001508   0x08001508   0x00000148   Code   RO          284    .text.addon57_validate_status_block  addon57.o
    0x08001650   0x08001650   0x0000002e   Code   RO          228    .text.delayMicroseconds  unio.o
    0x0800167e   0x0800167e   0x00000002   PAD
    0x08001680   0x08001680   0x00000038   Code   RO           76    .text.exchange      ti57.o
    0x080016b8   0x080016b8   0x00000018   Code   RO           80    .text.get_base      ti57.o
    0x080016d0   0x080016d0   0x0000001e   Code   RO          190    .text.hw_digit_driver_initialize  mux57.o
    0x080016ee   0x080016ee   0x00000002   PAD
    0x080016f0   0x080016f0   0x0000002c   Code   RO          194    .text.hw_digit_driver_intensity  mux57.o
    0x0800171c   0x0800171c   0x0000000c   Code   RO          170    .text.hw_digit_driver_load  mux57.o
    0x08001728   0x08001728   0x0000005e   Code   RO          192    .text.hw_digit_driver_send_word  mux57.o
    0x08001786   0x08001786   0x00000002   PAD
    0x08001788   0x08001788   0x00000016   Code   RO          174    .text.hw_digit_driver_update  mux57.o
    0x0800179e   0x0800179e   0x00000002   PAD
    0x080017a0   0x080017a0   0x00000090   Code   RO          182    .text.hw_display_char_d12  mux57.o
    0x08001830   0x08001830   0x000000c0   Code   RO          168    .text.hw_display_cycle  mux57.o
    0x080018f0   0x080018f0   0x00000010   Code   RO          180    .text.hw_raw_keyboard_row  mux57.o
    0x08001900   0x08001900   0x000000dc   Code   RO          178    .text.hw_read_keyboard_adc_row  mux57.o
    0x080019dc   0x080019dc   0x00000064   Code   RO          196    .text.hw_read_keyboard_row  mux57.o
    0x08001a40   0x08001a40   0x00000010   Code   RO          172    .text.hw_segment_disable_all  mux57.o
    0x08001a50   0x08001a50   0x0000003c   Code   RO          176    .text.hw_segment_enable  mux57.o
    0x08001a8c   0x08001a8c   0x00000010   Code   RO          186    .text.hw_segment_enable_all  mux57.o
    0x08001a9c   0x08001a9c   0x00000054   Code   RO          198    .text.hw_wait_for_key_release  mux57.o
    0x08001af0   0x08001af0   0x00000038   Code   RO           82    .text.is_pc_in      ti57.o
    0x08001b28   0x08001b28   0x0000002a   Code   RO           68    .text.left_shift    ti57.o
    0x08001b52   0x08001b52   0x00000002   PAD
    0x08001b54   0x08001b54   0x00000140   Code   RO            4    .text.main          main.o
    0x08001c94   0x08001c94   0x000000a4   Code   RO          156    .text.mux57_char_code  mux57.o
    0x08001d38   0x08001d38   0x0000001a   Code   RO          162    .text.mux57_is_segment  mux57.o
    0x08001d52   0x08001d52   0x00000002   PAD
    0x08001d54   0x08001d54   0x0000006c   Code   RO          158    .text.mux57_paint_digits  mux57.o
    0x08001dc0   0x08001dc0   0x0000003a   Code   RO          184    .text.mux57_splash  mux57.o
    0x08001dfa   0x08001dfa   0x00000002   PAD
    0x08001dfc   0x08001dfc   0x0000006c   Code   RO          166    .text.mux57_which_outputs  mux57.o
    0x08001e68   0x08001e68   0x00000026   Code   RO           44    .text.op_branch     ti57.o
    0x08001e8e   0x08001e8e   0x00000002   PAD
    0x08001e90   0x08001e90   0x00000020   Code   RO           46    .text.op_call       ti57.o
    0x08001eb0   0x08001eb0   0x0000007c   Code   RO           50    .text.op_flag       ti57.o
    0x08001f2c   0x08001f2c   0x000001d0   Code   RO           52    .text.op_mask       ti57.o
    0x080020fc   0x080020fc   0x00000108   Code   RO           48    .text.op_misc       ti57.o
    0x08002204   0x08002204   0x00000030   Code   RO           66    .text.right_shift   ti57.o
    0x08002234   0x08002234   0x00000010   Code   RO           64    .text.stack_pop     ti57.o
    0x08002244   0x08002244   0x0000000e   Code   RO           62    .text.stack_push    ti57.o
    0x08002252   0x08002252   0x00000002   PAD
    0x08002254   0x08002254   0x00000034   Code   RO           74    .text.store         ti57.o
    0x08002288   0x08002288   0x00000088   Code   RO           70    .text.subtract      ti57.o
    0x08002310   0x08002310   0x0000000c   Code   RO           40    .text.ti57_init     ti57.o
    0x0800231c   0x0800231c   0x00000012   Code   RO          108    .text.ti57_is_error  state57.o
    0x0800232e   0x0800232e   0x00000002   PAD
    0x08002330   0x08002330   0x0000009e   Code   RO           42    .text.ti57_next     ti57.o
    0x080023ce   0x080023ce   0x00000002   PAD
    0x080023d0   0x080023d0   0x00000016   Code   RO          238    .text.unio_inter_command_gap  unio.o
    0x080023e6   0x080023e6   0x00000002   PAD
    0x080023e8   0x080023e8   0x00000010   Code   RO          272    .text.unio_read_bus  unio.o
    0x080023f8   0x080023f8   0x0000003a   Code   RO          268    .text.unio_receive_bit  unio.o
    0x08002432   0x08002432   0x00000002   PAD
    0x08002434   0x08002434   0x00000028   Code   RO          274    .text.unio_receive_byte  unio.o
    0x0800245c   0x0800245c   0x00000050   Code   RO          244    .text.unio_receive_n_bytes  unio.o
    0x080024ac   0x080024ac   0x00000034   Code   RO          266    .text.unio_send_bit  unio.o
    0x080024e0   0x080024e0   0x00000024   Code   RO          264    .text.unio_send_byte  unio.o
    0x08002504   0x08002504   0x00000062   Code   RO          242    .text.unio_send_n_bytes  unio.o
    0x08002566   0x08002566   0x00000002   PAD
    0x08002568   0x08002568   0x00000016   Code   RO          270    .text.unio_set_bus  unio.o
    0x0800257e   0x0800257e   0x00000002   PAD
    0x08002580   0x08002580   0x00000020   Code   RO          234    .text.unio_standby_pulse  unio.o
    0x080025a0   0x080025a0   0x00000020   Code   RO          240    .text.unio_start_header  unio.o
    0x080025c0   0x080025c0   0x0000001c   Code   RO           78    .text.update_R5     ti57.o
    0x080025dc   0x080025dc   0x00000090   Code   RO           56    .text.update_activity  ti57.o
    0x0800266c   0x0800266c   0x00000030   Code   RO           54    .text.update_mode   ti57.o
    0x0800269c   0x0800269c   0x0000002c   Code   RO          922    locale$$code        c_w.l(lc_ctype_c.o)
    0x080026c8   0x080026c8   0x00000004   Data   RO          539    .rodata.ADCPrescTable  stm32f10x_rcc.o
    0x080026cc   0x080026cc   0x00000010   Data   RO          876    .rodata.AHBPrescTable  system_stm32f10x.o
    0x080026dc   0x080026dc   0x00000010   Data   RO          538    .rodata.APBAHBPrescTable  stm32f10x_rcc.o
    0x080026ec   0x080026ec   0x00000100   Data   RO          200    .rodata.SEGMENT_MAP  mux57.o
    0x080027ec   0x080027ec   0x0000000d   Data   RO           28    .rodata.str_ee_fail  main.o
    0x080027f9   0x080027f9   0x0000000d   Data   RO           27    .rodata.str_splash  main.o
    0x08002806   0x08002806   0x0000000d   Data   RO           26    .rodata.str_version  main.o
    0x08002813   0x08002813   0x00000001   PAD
    0x08002814   0x08002814   0x00000020   Data   RO         1070    Region$$Table       anon$$obj.o
    0x08002834   0x08002834   0x00000110   Data   RO          921    locale$$data        c_w.l(lc_ctype_c.o)


    Execution Region RW_IRAM1 (Exec base: 0x20000000, Load base: 0x08002948, Size: 0x00001690, Max: 0x00005000, ABSOLUTE, COMPRESSED[0x00000fa0])

    Exec Addr    Load Addr    Size         Type   Attr      Idx    E Section Name        Object

    0x20000000   COMPRESSED   0x00001000   Data   RW          326    .data.ROM55         rom55.o
    0x20001000   COMPRESSED   0x00000004   Data   RW          875    .data.SystemCoreClock  system_stm32f10x.o
    0x20001004   COMPRESSED   0x00000004   PAD
    0x20001008        -       0x00000060   Zero   RW          925    .bss                c_w.l(libspace.o)
    0x20001068        -       0x00000004   Zero   RW           30    .bss.TimingDelay    main.o
    0x2000106c        -       0x00000018   Zero   RW           29    .bss.ee_status_shadow  main.o
    0x20001084        -       0x00000008   Zero   RW          201    .bss.raw_keyboard_inputs  mux57.o
    0x2000108c   COMPRESSED   0x00000004   PAD
    0x20001090        -       0x00000200   Zero   RW          858    HEAP                startup_stm32f10x_md.o
    0x20001290        -       0x00000400   Zero   RW          857    STACK               startup_stm32f10x_md.o


==============================================================================

Image component sizes


      Code (inc. data)   RO Data    RW Data    ZI Data      Debug   Object Name

       560        100          0          0          0       5740   addon57.o
      1332         12         39          0         28      10956   main.o
      1514        112        256          0          8       9517   mux57.o
         0          0          0       4096          0        354   rom55.o
        64         26        236          0       1536        844   startup_stm32f10x_md.o
        18          0          0          0          0       6982   state57.o
       406          0          0          0          0       9682   stm32f10x_adc.o
       312          0          0          0          0       6192   stm32f10x_gpio.o
       276          0         20          0          0       8078   stm32f10x_rcc.o
       104          0          0          0          0       7512   stm32f10x_spi.o
       744          0          0          0          0      25648   stm32f10x_tim.o
       202          0          0          0          0       8671   stm32f10x_usart.o
       386          0         16          4          0       2877   system_stm32f10x.o
      1878         32          0          0          0      10902   ti57.o
       950          0          0          0          0       7902   unio.o
        96          0          0          0          0       2578   usart_utilities.o

    ----------------------------------------------------------------------
      8936        282        600       4100       1580     124435   Object Totals
         0          0         32          0          0          0   (incl. Generated)
        94          0          1          0          8          0   (incl. Padding)

    ----------------------------------------------------------------------

      Code (inc. data)   RO Data    RW Data    ZI Data      Debug   Library Member Name

       100          0          0          0          0          0   __dclz77c.o
         8          0          0          0          0         68   __main.o
         0          0          0          0          0          0   __rtentry.o
        12          0          0          0          0          0   __rtentry2.o
         6          0          0          0          0          0   __rtentry4.o
        52          8          0          0          0          0   __scatter.o
        28          0          0          0          0          0   __scatter_zi.o
        16          0          0          0          0         68   aeabi_memset.o
        18          0          0          0          0         80   exit.o
         6          0          0          0          0        152   heapauxi.o
         0          0          0          0          0          0   indicate_semi.o
        44         10        272          0          0         76   lc_ctype_c.o
         2          0          0          0          0          0   libinit.o
        20          0          0          0          0          0   libinit2.o
         2          0          0          0          0          0   libshutdown.o
         2          0          0          0          0          0   libshutdown2.o
         8          4          0          0         96         68   libspace.o
        16          4          0          0          0         76   rt_ctype_table.o
         8          4          0          0          0         68   rt_locale_intlibspace.o
        68          0          0          0          0         68   rt_memclr.o
        78          0          0          0          0         80   rt_memclr_w.o
         2          0          0          0          0          0   rtexit.o
        10          0          0          0          0          0   rtexit2.o
       128          0          0          0          0         68   strcmpv7m.o
        12          4          0          0          0         68   sys_exit.o
        74          0          0          0          0         80   sys_stackheap_outer.o
        30          0          0          0          0         76   toupper.o
         2          0          0          0          0         68   use_no_semi.o

    ----------------------------------------------------------------------
       756         34        272          0         96       1164   Library Totals
         4          0          0          0          0          0   (incl. Padding)

    ----------------------------------------------------------------------

      Code (inc. data)   RO Data    RW Data    ZI Data      Debug   Library Name

       752         34        272          0         96       1164   c_w.l

    ----------------------------------------------------------------------
       756         34        272          0         96       1164   Library Totals

    ----------------------------------------------------------------------

==============================================================================


      Code (inc. data)   RO Data    RW Data    ZI Data      Debug   

      9692        316        872       4100       1676     124815   Grand Totals
      9692        316        872       4000       1676     124815   ELF Image Totals (compressed)
      9692        316        872       4000          0          0   ROM Totals

==============================================================================

    Total RO  Size (Code + RO Data)                10564 (  10.32kB)
    Total RW  Size (RW Data + ZI Data)              5776 (   5.64kB)
    Total ROM Size (Code + RO Data + RW Data)      14564 (  14.22kB)

==============================================================================

