Component: ARM Compiler 6.16 Tool: armlink [5dfeaa00]

==============================================================================

Section Cross References

    main.o(.text.main) refers to main.o(.text.InitGPIO) for InitGPIO
    main.o(.text.main) refers to main.o(.text.InitUSART) for InitUSART
    main.o(.text.main) refers to main.o(.text.InitSysTick) for InitSysTick
    main.o(.text.main) refers to usart_utilities.o(.text.UU_PutString) for UU_PutString
    main.o(.text.main) refers to cat4016.o(.text.hw_cat4016_initialize) for hw_cat4016_initialize
    main.o(.text.main) refers to main.o(.text.hw_segment_disable_all) for hw_segment_disable_all
    main.o(.text.main) refers to ti57.o(.text.ti57_init) for ti57_init
    main.o(.text.main) refers to main.o(.bss.key_data) for key_data
    main.o(.text.main) refers to main.o(.rodata.kb_row) for kb_row
    main.o(.text.main) refers to ti57.o(.text.ti57_next) for ti57_next
    main.o(.text.main) refers to usart_utilities.o(.text.UU_PutNumber) for UU_PutNumber
    main.o(.text.main) refers to utils57.o(.text.utils57_display_to_str) for utils57_display_to_str
    main.o(.text.main) refers to main.o(.text.hw_display_cycle) for hw_display_cycle
    main.o(.ARM.exidx.text.main) refers to main.o(.text.main) for [Anonymous Symbol]
    main.o(.text.hw_segment_disable_all) refers to stm32f10x_gpio.o(.text.GPIO_SetBits) for GPIO_SetBits
    main.o(.ARM.exidx.text.hw_segment_disable_all) refers to main.o(.text.hw_segment_disable_all) for [Anonymous Symbol]
    main.o(.text.hw_display_cycle) refers to mux57.o(.text.mux57_which_outputs) for mux57_which_outputs
    main.o(.text.hw_display_cycle) refers to cat4016.o(.text.hw_cat4016_send_data_blocking) for hw_cat4016_send_data_blocking
    main.o(.text.hw_display_cycle) refers to main.o(.bss.key_data) for key_data
    main.o(.text.hw_display_cycle) refers to cat4016.o(.text.hw_cat4016_send_data_nonblocking) for hw_cat4016_send_data_nonblocking
    main.o(.text.hw_display_cycle) refers to main.o(.text.hw_read_key_columns) for hw_read_key_columns
    main.o(.text.hw_display_cycle) refers to main.o(.text.hw_segment_disable_all) for hw_segment_disable_all
    main.o(.text.hw_display_cycle) refers to cat4016.o(.text.hw_cat4016_update_outputs) for hw_cat4016_update_outputs
    main.o(.text.hw_display_cycle) refers to main.o(.text.hw_segment_enable) for hw_segment_enable
    main.o(.ARM.exidx.text.hw_display_cycle) refers to main.o(.text.hw_display_cycle) for [Anonymous Symbol]
    main.o(.text.hw_read_key_columns) refers to stm32f10x_gpio.o(.text.GPIO_ReadInputData) for GPIO_ReadInputData
    main.o(.ARM.exidx.text.hw_read_key_columns) refers to main.o(.text.hw_read_key_columns) for [Anonymous Symbol]
    main.o(.text.hw_segment_enable) refers to stm32f10x_gpio.o(.text.GPIO_ResetBits) for GPIO_ResetBits
    main.o(.ARM.exidx.text.hw_segment_enable) refers to main.o(.text.hw_segment_enable) for [Anonymous Symbol]
    main.o(.text.InitGPIO) refers to stm32f10x_rcc.o(.text.RCC_APB2PeriphClockCmd) for RCC_APB2PeriphClockCmd
    main.o(.text.InitGPIO) refers to stm32f10x_gpio.o(.text.GPIO_Init) for GPIO_Init
    main.o(.text.InitGPIO) refers to stm32f10x_gpio.o(.text.GPIO_SetBits) for GPIO_SetBits
    main.o(.text.InitGPIO) refers to stm32f10x_gpio.o(.text.GPIO_PinRemapConfig) for GPIO_PinRemapConfig
    main.o(.ARM.exidx.text.InitGPIO) refers to main.o(.text.InitGPIO) for [Anonymous Symbol]
    main.o(.text.InitSPI) refers to stm32f10x_rcc.o(.text.RCC_APB2PeriphClockCmd) for RCC_APB2PeriphClockCmd
    main.o(.text.InitSPI) refers to stm32f10x_spi.o(.text.SPI_Init) for SPI_Init
    main.o(.text.InitSPI) refers to stm32f10x_spi.o(.text.SPI_Cmd) for SPI_Cmd
    main.o(.ARM.exidx.text.InitSPI) refers to main.o(.text.InitSPI) for [Anonymous Symbol]
    main.o(.text.InitUSART) refers to stm32f10x_rcc.o(.text.RCC_APB2PeriphClockCmd) for RCC_APB2PeriphClockCmd
    main.o(.text.InitUSART) refers to stm32f10x_usart.o(.text.USART_Init) for USART_Init
    main.o(.text.InitUSART) refers to stm32f10x_usart.o(.text.USART_Cmd) for USART_Cmd
    main.o(.ARM.exidx.text.InitUSART) refers to main.o(.text.InitUSART) for [Anonymous Symbol]
    main.o(.text.InitSysTick) refers to system_stm32f10x.o(.data.SystemCoreClock) for SystemCoreClock
    main.o(.text.InitSysTick) refers to main.o(.text.SysTick_Config) for SysTick_Config
    main.o(.ARM.exidx.text.InitSysTick) refers to main.o(.text.InitSysTick) for [Anonymous Symbol]
    main.o(.text.SysTick_Config) refers to main.o(.text.__NVIC_SetPriority) for __NVIC_SetPriority
    main.o(.ARM.exidx.text.SysTick_Config) refers to main.o(.text.SysTick_Config) for [Anonymous Symbol]
    main.o(.text.SysTick_Handler) refers to main.o(.bss.TimingDelay) for TimingDelay
    main.o(.ARM.exidx.text.SysTick_Handler) refers to main.o(.text.SysTick_Handler) for [Anonymous Symbol]
    main.o(.text.Delay) refers to main.o(.bss.TimingDelay) for TimingDelay
[...]
    rtexit2.o(.ARM.exidx) refers to rtexit2.o(.ARM.Collect$$rtexit$$00000003) for .ARM.Collect$$rtexit$$00000003
    rtexit2.o(.ARM.exidx) refers to rtexit2.o(.ARM.Collect$$rtexit$$00000004) for .ARM.Collect$$rtexit$$00000004
    argv_veneer.o(.emb_text) refers to no_argv.o(.text) for __ARM_get_argv
    sys_exit.o(.text) refers (Special) to use_no_semi.o(.text) for __I$use$semihosting
    sys_exit.o(.text) refers (Special) to indicate_semi.o(.text) for __semihosting_library_function
    sys_exit_hlt.o(.text) refers (Special) to use_no_semi.o(.text) for __I$use$semihosting
    sys_exit_hlt.o(.text) refers (Special) to indicate_semi.o(.text) for __semihosting_library_function
    _get_argv_nomalloc.o(.text) refers (Special) to hrguard.o(.text) for __heap_region$guard
    _get_argv_nomalloc.o(.text) refers to defsig_rtmem_outer.o(.text) for __rt_SIGRTMEM
    _get_argv_nomalloc.o(.text) refers to sys_command.o(.text) for _sys_command_string
    libshutdown.o(.ARM.Collect$$libshutdown$$00000000) refers (Special) to libshutdown2.o(.ARM.Collect$$libshutdown$$00000002) for __rt_lib_shutdown_cpp_1
    libshutdown.o(.ARM.Collect$$libshutdown$$00000000) refers (Special) to libshutdown2.o(.ARM.Collect$$libshutdown$$00000007) for __rt_lib_shutdown_fp_trap_1
    libshutdown.o(.ARM.Collect$$libshutdown$$00000000) refers (Special) to libshutdown2.o(.ARM.Collect$$libshutdown$$0000000F) for __rt_lib_shutdown_heap_1
    libshutdown.o(.ARM.Collect$$libshutdown$$00000000) refers (Special) to libshutdown2.o(.ARM.Collect$$libshutdown$$00000010) for __rt_lib_shutdown_return
    libshutdown.o(.ARM.Collect$$libshutdown$$00000000) refers (Special) to libshutdown2.o(.ARM.Collect$$libshutdown$$0000000A) for __rt_lib_shutdown_signal_1
    libshutdown.o(.ARM.Collect$$libshutdown$$00000000) refers (Special) to libshutdown2.o(.ARM.Collect$$libshutdown$$00000004) for __rt_lib_shutdown_stdio_1
    libshutdown.o(.ARM.Collect$$libshutdown$$00000000) refers (Special) to libshutdown2.o(.ARM.Collect$$libshutdown$$0000000C) for __rt_lib_shutdown_user_alloc_1
    sys_command.o(.text) refers (Special) to use_no_semi.o(.text) for __I$use$semihosting
    sys_command.o(.text) refers (Special) to indicate_semi.o(.text) for __semihosting_library_function
    sys_command_hlt.o(.text) refers (Special) to use_no_semi.o(.text) for __I$use$semihosting
    sys_command_hlt.o(.text) refers (Special) to indicate_semi.o(.text) for __semihosting_library_function
    defsig_rtmem_outer.o(.text) refers to defsig_rtmem_inner.o(.text) for __rt_SIGRTMEM_inner
    defsig_rtmem_outer.o(.text) refers to defsig_exit.o(.text) for __sig_exit
    defsig_rtmem_formal.o(.text) refers to rt_raise.o(.text) for __rt_raise
    rt_raise.o(.text) refers to __raise.o(.text) for __raise
    rt_raise.o(.text) refers to sys_exit.o(.text) for _sys_exit
    defsig_exit.o(.text) refers to sys_exit.o(.text) for _sys_exit
    defsig_rtmem_inner.o(.text) refers to defsig_general.o(.text) for __default_signal_display
    __raise.o(.text) refers to defsig.o(CL$$defsig) for __default_signal_handler
    defsig_general.o(.text) refers to sys_wrch.o(.text) for _ttywrch
    sys_wrch.o(.text) refers (Special) to use_no_semi.o(.text) for __I$use$semihosting
    sys_wrch.o(.text) refers (Special) to indicate_semi.o(.text) for __semihosting_library_function
    sys_wrch_hlt.o(.text) refers (Special) to use_no_semi.o(.text) for __I$use$semihosting
    sys_wrch_hlt.o(.text) refers (Special) to indicate_semi.o(.text) for __semihosting_library_function
    defsig.o(CL$$defsig) refers to defsig_rtmem_inner.o(.text) for __rt_SIGRTMEM_inner
    defsig_abrt_inner.o(.text) refers to defsig_general.o(.text) for __default_signal_display
    defsig_fpe_inner.o(.text) refers to defsig_general.o(.text) for __default_signal_display
    defsig_rtred_inner.o(.text) refers to defsig_general.o(.text) for __default_signal_display
    defsig_stak_inner.o(.text) refers to defsig_general.o(.text) for __default_signal_display
    defsig_pvfn_inner.o(.text) refers to defsig_general.o(.text) for __default_signal_display
    defsig_cppl_inner.o(.text) refers to defsig_general.o(.text) for __default_signal_display
    defsig_segv_inner.o(.text) refers to defsig_general.o(.text) for __default_signal_display
    defsig_other.o(.text) refers to defsig_general.o(.text) for __default_signal_display


==============================================================================

Removing Unused input sections from the image.

    Removing main.o(.text), (0 bytes).
    Removing main.o(.ARM.exidx.text.main), (8 bytes).
    Removing main.o(.ARM.exidx.text.hw_segment_disable_all), (8 bytes).
    Removing main.o(.ARM.exidx.text.hw_display_cycle), (8 bytes).
    Removing main.o(.ARM.exidx.text.hw_read_key_columns), (8 bytes).
    Removing main.o(.ARM.exidx.text.hw_segment_enable), (8 bytes).
    Removing main.o(.ARM.exidx.text.InitGPIO), (8 bytes).
    Removing main.o(.text.InitSPI), (76 bytes).
    Removing main.o(.ARM.exidx.text.InitSPI), (8 bytes).
    Removing main.o(.ARM.exidx.text.InitUSART), (8 bytes).
    Removing main.o(.ARM.exidx.text.InitSysTick), (8 bytes).
    Removing main.o(.ARM.exidx.text.SysTick_Config), (8 bytes).
    Removing main.o(.ARM.exidx.text.SysTick_Handler), (8 bytes).
    Removing main.o(.text.Delay), (26 bytes).
    Removing main.o(.ARM.exidx.text.Delay), (8 bytes).
    Removing main.o(.ARM.exidx.text.__NVIC_SetPriority), (8 bytes).
    Removing main.o(.ARM.use_no_argv), (4 bytes).
    Removing ti57.o(.text), (0 bytes).
    Removing ti57.o(.ARM.exidx.text.ti57_init), (8 bytes).
    Removing ti57.o(.ARM.exidx.text.ti57_next), (8 bytes).
    Removing ti57.o(.ARM.exidx.text.op_branch), (8 bytes).
    Removing ti57.o(.ARM.exidx.text.op_call), (8 bytes).
    Removing ti57.o(.ARM.exidx.text.op_misc), (8 bytes).
    Removing ti57.o(.ARM.exidx.text.op_flag), (8 bytes).
    Removing ti57.o(.ARM.exidx.text.op_mask), (8 bytes).
    Removing ti57.o(.ARM.exidx.text.update_mode), (8 bytes).
    Removing ti57.o(.ARM.exidx.text.update_activity), (8 bytes).
    Removing ti57.o(.text.ti57_key_release), (8 bytes).
    Removing ti57.o(.ARM.exidx.text.ti57_key_release), (8 bytes).
    Removing ti57.o(.text.ti57_key_press), (12 bytes).
    Removing ti57.o(.ARM.exidx.text.ti57_key_press), (8 bytes).
    Removing ti57.o(.ARM.exidx.text.stack_push), (8 bytes).
    Removing ti57.o(.ARM.exidx.text.stack_pop), (8 bytes).
    Removing ti57.o(.ARM.exidx.text.right_shift), (8 bytes).
    Removing ti57.o(.ARM.exidx.text.left_shift), (8 bytes).
    Removing ti57.o(.ARM.exidx.text.subtract), (8 bytes).
    Removing ti57.o(.ARM.exidx.text.add), (8 bytes).
    Removing ti57.o(.ARM.exidx.text.store), (8 bytes).
    Removing ti57.o(.ARM.exidx.text.exchange), (8 bytes).
    Removing ti57.o(.ARM.exidx.text.update_R5), (8 bytes).
    Removing ti57.o(.ARM.exidx.text.get_base), (8 bytes).
    Removing ti57.o(.ARM.exidx.text.is_pc_in), (8 bytes).
    Removing rom57.o(.text), (0 bytes).
    Removing state57.o(.text), (0 bytes).
    Removing state57.o(.text.ti57_get_mode), (6 bytes).
    Removing state57.o(.ARM.exidx.text.ti57_get_mode), (8 bytes).
    Removing state57.o(.text.ti57_get_trig), (24 bytes).
    Removing state57.o(.ARM.exidx.text.ti57_get_trig), (8 bytes).
    Removing state57.o(.text.ti57_get_fix), (10 bytes).
    Removing state57.o(.ARM.exidx.text.ti57_get_fix), (8 bytes).
    Removing state57.o(.text.ti57_is_2nd), (46 bytes).
    Removing state57.o(.ARM.exidx.text.ti57_is_2nd), (8 bytes).
    Removing state57.o(.text.ti57_is_inv), (44 bytes).
    Removing state57.o(.ARM.exidx.text.ti57_is_inv), (8 bytes).
    Removing state57.o(.ARM.exidx.text.ti57_is_error), (8 bytes).
    Removing state57.o(.text.ti57_is_sci), (8 bytes).
    Removing state57.o(.ARM.exidx.text.ti57_is_sci), (8 bytes).
    Removing state57.o(.text.ti57_is_number_edit), (8 bytes).
    Removing state57.o(.ARM.exidx.text.ti57_is_number_edit), (8 bytes).
    Removing state57.o(.text.ti57_is_op_edit_in_lrn), (44 bytes).
    Removing state57.o(.ARM.exidx.text.ti57_is_op_edit_in_lrn), (8 bytes).
    Removing state57.o(.text.ti57_is_op_edit_in_eval), (62 bytes).
    Removing state57.o(.ARM.exidx.text.ti57_is_op_edit_in_eval), (8 bytes).
    Removing state57.o(.text.ti57_is_trace), (42 bytes).
    Removing state57.o(.ARM.exidx.text.ti57_is_trace), (8 bytes).
    Removing state57.o(.text.ti57_is_stopping), (42 bytes).
    Removing state57.o(.ARM.exidx.text.ti57_is_stopping), (8 bytes).
    Removing state57.o(.text.ti57_get_user_reg), (56 bytes).
    Removing state57.o(.ARM.exidx.text.ti57_get_user_reg), (8 bytes).
    Removing state57.o(.text.ti57_get_regX), (4 bytes).
    Removing state57.o(.ARM.exidx.text.ti57_get_regX), (8 bytes).
    Removing state57.o(.text.ti57_get_regT), (4 bytes).
    Removing state57.o(.ARM.exidx.text.ti57_get_regT), (8 bytes).
    Removing state57.o(.text.ti57_get_registers_last_index), (34 bytes).
    Removing state57.o(.ARM.exidx.text.ti57_get_registers_last_index), (8 bytes).
    Removing state57.o(.text.ti57_clear_registers), (32 bytes).
    Removing state57.o(.ARM.exidx.text.ti57_clear_registers), (8 bytes).
    Removing state57.o(.text.ti57_get_program_pc), (20 bytes).
    Removing state57.o(.ARM.exidx.text.ti57_get_program_pc), (8 bytes).
    Removing state57.o(.text.ti57_get_program_ret), (18 bytes).
    Removing state57.o(.ARM.exidx.text.ti57_get_program_ret), (8 bytes).
    Removing state57.o(.text.ti57_get_program_op), (90 bytes).
    Removing state57.o(.ARM.exidx.text.ti57_get_program_op), (8 bytes).
    Removing state57.o(.text.init_ops), (244 bytes).
    Removing state57.o(.ARM.exidx.text.init_ops), (8 bytes).
    Removing state57.o(.text.get_op), (16 bytes).
    Removing state57.o(.ARM.exidx.text.get_op), (8 bytes).
    Removing state57.o(.text.ti57_get_program_last_index), (34 bytes).
    Removing state57.o(.ARM.exidx.text.ti57_get_program_last_index), (8 bytes).
    Removing state57.o(.text.ti57_clear_program), (126 bytes).
    Removing state57.o(.ARM.exidx.text.ti57_clear_program), (8 bytes).
    Removing state57.o(.bss.ti57_get_program_op.initialized), (1 bytes).
    Removing state57.o(.bss.ALL_OPS), (768 bytes).
    Removing utils57.o(.text), (0 bytes).
    Removing utils57.o(.text.utils57_trim), (62 bytes).
    Removing utils57.o(.ARM.exidx.text.utils57_trim), (8 bytes).
    Removing utils57.o(.text.utils57_reg_to_str), (64 bytes).
    Removing utils57.o(.ARM.exidx.text.utils57_reg_to_str), (8 bytes).
    Removing utils57.o(.text.utils57_user_reg_to_str), (166 bytes).
    Removing utils57.o(.ARM.exidx.text.utils57_user_reg_to_str), (8 bytes).
    Removing utils57.o(.text.utils57_burst_until_idle), (50 bytes).
    Removing utils57.o(.ARM.exidx.text.utils57_burst_until_idle), (8 bytes).
    Removing utils57.o(.ARM.exidx.text.utils57_display_to_str), (8 bytes).
    Removing utils57.o(.text.utils57_burst_until_busy), (32 bytes).
    Removing utils57.o(.ARM.exidx.text.utils57_burst_until_busy), (8 bytes).
    Removing utils57.o(.bss.utils57_reg_to_str.str), (17 bytes).
    Removing utils57.o(.bss.utils57_user_reg_to_str.str), (25 bytes).
    Removing mux57.o(.text), (0 bytes).
    Removing mux57.o(.text.mux57_is_segment), (26 bytes).
    Removing mux57.o(.ARM.exidx.text.mux57_is_segment), (8 bytes).
    Removing mux57.o(.text.mux57_which_digits), (98 bytes).
    Removing mux57.o(.ARM.exidx.text.mux57_which_digits), (8 bytes).
    Removing mux57.o(.ARM.exidx.text.mux57_which_outputs), (8 bytes).
    Removing usart_utilities.o(.text), (0 bytes).
    Removing usart_utilities.o(.ARM.exidx.text.UU_PutChar), (8 bytes).
    Removing usart_utilities.o(.ARM.exidx.text.UU_PutString), (8 bytes).
    Removing usart_utilities.o(.ARM.exidx.text.UU_PutNumber), (8 bytes).
    Removing key57.o(.text), (0 bytes).
    Removing key57.o(.text.key57_get_key), (226 bytes).
    Removing key57.o(.ARM.exidx.text.key57_get_key), (8 bytes).
    Removing key57.o(.text.key57_get_ascii_name), (10 bytes).
    Removing key57.o(.ARM.exidx.text.key57_get_ascii_name), (8 bytes).
    Removing key57.o(.text.get_name), (180 bytes).
    Removing key57.o(.ARM.exidx.text.get_name), (8 bytes).
    Removing key57.o(.text.key57_get_unicode_name), (10 bytes).
    Removing key57.o(.ARM.exidx.text.key57_get_unicode_name), (8 bytes).
    Removing key57.o(.rodata.UNICODE_PRIMARY_KEYS), (160 bytes).
    Removing key57.o(.rodata.PRIMARY_KEYS), (160 bytes).
    Removing key57.o(.rodata.UNICODE_SECONDARY_KEYS), (160 bytes).
    Removing key57.o(.rodata.SECONDARY_KEYS), (160 bytes).
    Removing key57.o(.rodata.str1.1), (397 bytes).
    Removing cat4016.o(.text), (0 bytes).
    Removing cat4016.o(.ARM.exidx.text.hw_cat4016_latch_negate), (8 bytes).
    Removing cat4016.o(.ARM.exidx.text.hw_cat4016_latch_assert), (8 bytes).
    Removing cat4016.o(.ARM.exidx.text.hw_cat4016_blank_negate), (8 bytes).
    Removing cat4016.o(.text.hw_cat4016_blank_assert), (18 bytes).
    Removing cat4016.o(.ARM.exidx.text.hw_cat4016_blank_assert), (8 bytes).
    Removing cat4016.o(.ARM.exidx.text.hw_cat4016_initialize), (8 bytes).
    Removing cat4016.o(.text.hw_cat4016_mcu_config), (102 bytes).
    Removing cat4016.o(.ARM.exidx.text.hw_cat4016_mcu_config), (8 bytes).
    Removing cat4016.o(.ARM.exidx.text.hw_cat4016_send_data_blocking), (8 bytes).
    Removing cat4016.o(.ARM.exidx.text.hw_cat4016_send_data_nonblocking), (8 bytes).
    Removing cat4016.o(.ARM.exidx.text.hw_cat4016_update_outputs), (8 bytes).
    Removing misc.o(.text), (0 bytes).
    Removing misc.o(.text.NVIC_PriorityGroupConfig), (20 bytes).
    Removing misc.o(.ARM.exidx.text.NVIC_PriorityGroupConfig), (8 bytes).
    Removing misc.o(.text.NVIC_Init), (94 bytes).
    Removing misc.o(.ARM.exidx.text.NVIC_Init), (8 bytes).
    Removing misc.o(.text.NVIC_SetVectorTable), (24 bytes).
    Removing misc.o(.ARM.exidx.text.NVIC_SetVectorTable), (8 bytes).
    Removing misc.o(.text.NVIC_SystemLPConfig), (24 bytes).
    Removing misc.o(.ARM.exidx.text.NVIC_SystemLPConfig), (8 bytes).
    Removing misc.o(.text.SysTick_CLKSourceConfig), (24 bytes).
    Removing misc.o(.ARM.exidx.text.SysTick_CLKSourceConfig), (8 bytes).
    Removing stm32f10x_gpio.o(.text), (0 bytes).
    Removing stm32f10x_gpio.o(.text.GPIO_DeInit), (76 bytes).
    Removing stm32f10x_gpio.o(.ARM.exidx.text.GPIO_DeInit), (8 bytes).
    Removing stm32f10x_gpio.o(.text.GPIO_AFIODeInit), (20 bytes).
    Removing stm32f10x_gpio.o(.ARM.exidx.text.GPIO_AFIODeInit), (8 bytes).
    Removing stm32f10x_gpio.o(.ARM.exidx.text.GPIO_Init), (8 bytes).
    Removing stm32f10x_gpio.o(.text.GPIO_StructInit), (12 bytes).
    Removing stm32f10x_gpio.o(.ARM.exidx.text.GPIO_StructInit), (8 bytes).
    Removing stm32f10x_gpio.o(.text.GPIO_ReadInputDataBit), (10 bytes).
    Removing stm32f10x_gpio.o(.ARM.exidx.text.GPIO_ReadInputDataBit), (8 bytes).
    Removing stm32f10x_gpio.o(.ARM.exidx.text.GPIO_ReadInputData), (8 bytes).
    Removing stm32f10x_gpio.o(.text.GPIO_ReadOutputDataBit), (10 bytes).
    Removing stm32f10x_gpio.o(.ARM.exidx.text.GPIO_ReadOutputDataBit), (8 bytes).
    Removing stm32f10x_gpio.o(.text.GPIO_ReadOutputData), (6 bytes).
    Removing stm32f10x_gpio.o(.ARM.exidx.text.GPIO_ReadOutputData), (8 bytes).
    Removing stm32f10x_gpio.o(.ARM.exidx.text.GPIO_SetBits), (8 bytes).
    Removing stm32f10x_gpio.o(.ARM.exidx.text.GPIO_ResetBits), (8 bytes).
    Removing stm32f10x_gpio.o(.text.GPIO_WriteBit), (12 bytes).
    Removing stm32f10x_gpio.o(.ARM.exidx.text.GPIO_WriteBit), (8 bytes).
    Removing stm32f10x_gpio.o(.text.GPIO_Write), (4 bytes).
    Removing stm32f10x_gpio.o(.ARM.exidx.text.GPIO_Write), (8 bytes).
    Removing stm32f10x_gpio.o(.text.GPIO_PinLockConfig), (16 bytes).
    Removing stm32f10x_gpio.o(.ARM.exidx.text.GPIO_PinLockConfig), (8 bytes).
    Removing stm32f10x_gpio.o(.text.GPIO_EventOutputConfig), (30 bytes).
    Removing stm32f10x_gpio.o(.ARM.exidx.text.GPIO_EventOutputConfig), (8 bytes).
    Removing stm32f10x_gpio.o(.text.GPIO_EventOutputCmd), (10 bytes).
    Removing stm32f10x_gpio.o(.ARM.exidx.text.GPIO_EventOutputCmd), (8 bytes).
    Removing stm32f10x_gpio.o(.ARM.exidx.text.GPIO_PinRemapConfig), (8 bytes).
    Removing stm32f10x_gpio.o(.text.GPIO_EXTILineConfig), (46 bytes).
    Removing stm32f10x_gpio.o(.ARM.exidx.text.GPIO_EXTILineConfig), (8 bytes).
    Removing stm32f10x_gpio.o(.text.GPIO_ETH_MediaInterfaceConfig), (10 bytes).
    Removing stm32f10x_gpio.o(.ARM.exidx.text.GPIO_ETH_MediaInterfaceConfig), (8 bytes).
    Removing stm32f10x_rcc.o(.text), (0 bytes).
    Removing stm32f10x_rcc.o(.text.RCC_DeInit), (66 bytes).
    Removing stm32f10x_rcc.o(.ARM.exidx.text.RCC_DeInit), (8 bytes).
    Removing stm32f10x_rcc.o(.text.RCC_HSEConfig), (50 bytes).
    Removing stm32f10x_rcc.o(.ARM.exidx.text.RCC_HSEConfig), (8 bytes).
    Removing stm32f10x_rcc.o(.text.RCC_WaitForHSEStartUp), (48 bytes).
    Removing stm32f10x_rcc.o(.ARM.exidx.text.RCC_WaitForHSEStartUp), (8 bytes).
    Removing stm32f10x_rcc.o(.text.RCC_GetFlagStatus), (42 bytes).
    Removing stm32f10x_rcc.o(.ARM.exidx.text.RCC_GetFlagStatus), (8 bytes).
    Removing stm32f10x_rcc.o(.text.RCC_AdjustHSICalibrationValue), (22 bytes).
    Removing stm32f10x_rcc.o(.ARM.exidx.text.RCC_AdjustHSICalibrationValue), (8 bytes).
    Removing stm32f10x_rcc.o(.text.RCC_HSICmd), (10 bytes).
    Removing stm32f10x_rcc.o(.ARM.exidx.text.RCC_HSICmd), (8 bytes).
    Removing stm32f10x_rcc.o(.text.RCC_PLLConfig), (22 bytes).
    Removing stm32f10x_rcc.o(.ARM.exidx.text.RCC_PLLConfig), (8 bytes).
    Removing stm32f10x_rcc.o(.text.RCC_PLLCmd), (10 bytes).
    Removing stm32f10x_rcc.o(.ARM.exidx.text.RCC_PLLCmd), (8 bytes).
    Removing stm32f10x_rcc.o(.text.RCC_SYSCLKConfig), (20 bytes).
    Removing stm32f10x_rcc.o(.ARM.exidx.text.RCC_SYSCLKConfig), (8 bytes).
    Removing stm32f10x_rcc.o(.text.RCC_GetSYSCLKSource), (16 bytes).
    Removing stm32f10x_rcc.o(.ARM.exidx.text.RCC_GetSYSCLKSource), (8 bytes).
    Removing stm32f10x_rcc.o(.text.RCC_HCLKConfig), (20 bytes).
    Removing stm32f10x_rcc.o(.ARM.exidx.text.RCC_HCLKConfig), (8 bytes).
    Removing stm32f10x_rcc.o(.text.RCC_PCLK1Config), (20 bytes).
    Removing stm32f10x_rcc.o(.ARM.exidx.text.RCC_PCLK1Config), (8 bytes).
    Removing stm32f10x_rcc.o(.text.RCC_PCLK2Config), (22 bytes).
    Removing stm32f10x_rcc.o(.ARM.exidx.text.RCC_PCLK2Config), (8 bytes).
    Removing stm32f10x_rcc.o(.text.RCC_ITConfig), (24 bytes).
    Removing stm32f10x_rcc.o(.ARM.exidx.text.RCC_ITConfig), (8 bytes).
    Removing stm32f10x_rcc.o(.text.RCC_USBCLKConfig), (10 bytes).
    Removing stm32f10x_rcc.o(.ARM.exidx.text.RCC_USBCLKConfig), (8 bytes).
    Removing stm32f10x_rcc.o(.text.RCC_ADCCLKConfig), (20 bytes).
    Removing stm32f10x_rcc.o(.ARM.exidx.text.RCC_ADCCLKConfig), (8 bytes).
    Removing stm32f10x_rcc.o(.text.RCC_LSEConfig), (30 bytes).
    Removing stm32f10x_rcc.o(.ARM.exidx.text.RCC_LSEConfig), (8 bytes).
    Removing stm32f10x_rcc.o(.text.RCC_LSICmd), (12 bytes).
    Removing stm32f10x_rcc.o(.ARM.exidx.text.RCC_LSICmd), (8 bytes).
    Removing stm32f10x_rcc.o(.text.RCC_RTCCLKConfig), (16 bytes).
    Removing stm32f10x_rcc.o(.ARM.exidx.text.RCC_RTCCLKConfig), (8 bytes).
    Removing stm32f10x_rcc.o(.text.RCC_RTCCLKCmd), (12 bytes).
    Removing stm32f10x_rcc.o(.ARM.exidx.text.RCC_RTCCLKCmd), (8 bytes).
    Removing stm32f10x_rcc.o(.ARM.exidx.text.RCC_GetClocksFreq), (8 bytes).
    Removing stm32f10x_rcc.o(.text.RCC_AHBPeriphClockCmd), (24 bytes).
    Removing stm32f10x_rcc.o(.ARM.exidx.text.RCC_AHBPeriphClockCmd), (8 bytes).
    Removing stm32f10x_rcc.o(.ARM.exidx.text.RCC_APB2PeriphClockCmd), (8 bytes).
    Removing stm32f10x_rcc.o(.text.RCC_APB1PeriphClockCmd), (24 bytes).
    Removing stm32f10x_rcc.o(.ARM.exidx.text.RCC_APB1PeriphClockCmd), (8 bytes).
    Removing stm32f10x_rcc.o(.text.RCC_APB2PeriphResetCmd), (24 bytes).
    Removing stm32f10x_rcc.o(.ARM.exidx.text.RCC_APB2PeriphResetCmd), (8 bytes).
    Removing stm32f10x_rcc.o(.text.RCC_APB1PeriphResetCmd), (24 bytes).
    Removing stm32f10x_rcc.o(.ARM.exidx.text.RCC_APB1PeriphResetCmd), (8 bytes).
    Removing stm32f10x_rcc.o(.text.RCC_BackupResetCmd), (12 bytes).
    Removing stm32f10x_rcc.o(.ARM.exidx.text.RCC_BackupResetCmd), (8 bytes).
    Removing stm32f10x_rcc.o(.text.RCC_ClockSecuritySystemCmd), (10 bytes).
    Removing stm32f10x_rcc.o(.ARM.exidx.text.RCC_ClockSecuritySystemCmd), (8 bytes).
    Removing stm32f10x_rcc.o(.text.RCC_MCOConfig), (12 bytes).
    Removing stm32f10x_rcc.o(.ARM.exidx.text.RCC_MCOConfig), (8 bytes).
    Removing stm32f10x_rcc.o(.text.RCC_ClearFlag), (18 bytes).
    Removing stm32f10x_rcc.o(.ARM.exidx.text.RCC_ClearFlag), (8 bytes).
    Removing stm32f10x_rcc.o(.text.RCC_GetITStatus), (18 bytes).
    Removing stm32f10x_rcc.o(.ARM.exidx.text.RCC_GetITStatus), (8 bytes).
    Removing stm32f10x_rcc.o(.text.RCC_ClearITPendingBit), (12 bytes).
    Removing stm32f10x_rcc.o(.ARM.exidx.text.RCC_ClearITPendingBit), (8 bytes).
    Removing stm32f10x_spi.o(.text), (0 bytes).
    Removing stm32f10x_spi.o(.text.SPI_I2S_DeInit), (100 bytes).
    Removing stm32f10x_spi.o(.ARM.exidx.text.SPI_I2S_DeInit), (8 bytes).
    Removing stm32f10x_spi.o(.text.SPI_Init), (70 bytes).
    Removing stm32f10x_spi.o(.ARM.exidx.text.SPI_Init), (8 bytes).
    Removing stm32f10x_spi.o(.text.I2S_Init), (146 bytes).
    Removing stm32f10x_spi.o(.ARM.exidx.text.I2S_Init), (8 bytes).
    Removing stm32f10x_spi.o(.text.SPI_StructInit), (16 bytes).
    Removing stm32f10x_spi.o(.ARM.exidx.text.SPI_StructInit), (8 bytes).
    Removing stm32f10x_spi.o(.text.I2S_StructInit), (14 bytes).
    Removing stm32f10x_spi.o(.ARM.exidx.text.I2S_StructInit), (8 bytes).
    Removing stm32f10x_spi.o(.text.SPI_Cmd), (20 bytes).
    Removing stm32f10x_spi.o(.ARM.exidx.text.SPI_Cmd), (8 bytes).
    Removing stm32f10x_spi.o(.text.I2S_Cmd), (20 bytes).
    Removing stm32f10x_spi.o(.ARM.exidx.text.I2S_Cmd), (8 bytes).
    Removing stm32f10x_spi.o(.text.SPI_I2S_ITConfig), (24 bytes).
    Removing stm32f10x_spi.o(.ARM.exidx.text.SPI_I2S_ITConfig), (8 bytes).
    Removing stm32f10x_spi.o(.text.SPI_I2S_DMACmd), (16 bytes).
    Removing stm32f10x_spi.o(.ARM.exidx.text.SPI_I2S_DMACmd), (8 bytes).
    Removing stm32f10x_spi.o(.ARM.exidx.text.SPI_I2S_SendData), (8 bytes).
    Removing stm32f10x_spi.o(.text.SPI_I2S_ReceiveData), (4 bytes).
    Removing stm32f10x_spi.o(.ARM.exidx.text.SPI_I2S_ReceiveData), (8 bytes).
    Removing stm32f10x_spi.o(.text.SPI_NSSInternalSoftwareConfig), (24 bytes).
    Removing stm32f10x_spi.o(.ARM.exidx.text.SPI_NSSInternalSoftwareConfig), (8 bytes).
    Removing stm32f10x_spi.o(.text.SPI_SSOutputCmd), (20 bytes).
    Removing stm32f10x_spi.o(.ARM.exidx.text.SPI_SSOutputCmd), (8 bytes).
    Removing stm32f10x_spi.o(.text.SPI_DataSizeConfig), (16 bytes).
    Removing stm32f10x_spi.o(.ARM.exidx.text.SPI_DataSizeConfig), (8 bytes).
    Removing stm32f10x_spi.o(.text.SPI_TransmitCRC), (10 bytes).
    Removing stm32f10x_spi.o(.ARM.exidx.text.SPI_TransmitCRC), (8 bytes).
    Removing stm32f10x_spi.o(.text.SPI_CalculateCRC), (20 bytes).
    Removing stm32f10x_spi.o(.ARM.exidx.text.SPI_CalculateCRC), (8 bytes).
    Removing stm32f10x_spi.o(.text.SPI_GetCRC), (12 bytes).
    Removing stm32f10x_spi.o(.ARM.exidx.text.SPI_GetCRC), (8 bytes).
    Removing stm32f10x_spi.o(.text.SPI_GetCRCPolynomial), (4 bytes).
    Removing stm32f10x_spi.o(.ARM.exidx.text.SPI_GetCRCPolynomial), (8 bytes).
    Removing stm32f10x_spi.o(.text.SPI_BiDirectionalLineConfig), (24 bytes).
    Removing stm32f10x_spi.o(.ARM.exidx.text.SPI_BiDirectionalLineConfig), (8 bytes).
    Removing stm32f10x_spi.o(.ARM.exidx.text.SPI_I2S_GetFlagStatus), (8 bytes).
    Removing stm32f10x_spi.o(.text.SPI_I2S_ClearFlag), (6 bytes).
    Removing stm32f10x_spi.o(.ARM.exidx.text.SPI_I2S_ClearFlag), (8 bytes).
    Removing stm32f10x_spi.o(.text.SPI_I2S_GetITStatus), (34 bytes).
    Removing stm32f10x_spi.o(.ARM.exidx.text.SPI_I2S_GetITStatus), (8 bytes).
    Removing stm32f10x_spi.o(.text.SPI_I2S_ClearITPendingBit), (16 bytes).
    Removing stm32f10x_spi.o(.ARM.exidx.text.SPI_I2S_ClearITPendingBit), (8 bytes).
    Removing stm32f10x_usart.o(.text), (0 bytes).
    Removing stm32f10x_usart.o(.text.USART_DeInit), (174 bytes).
    Removing stm32f10x_usart.o(.ARM.exidx.text.USART_DeInit), (8 bytes).
    Removing stm32f10x_usart.o(.ARM.exidx.text.USART_Init), (8 bytes).
    Removing stm32f10x_usart.o(.text.USART_StructInit), (18 bytes).
    Removing stm32f10x_usart.o(.ARM.exidx.text.USART_StructInit), (8 bytes).
    Removing stm32f10x_usart.o(.text.USART_ClockInit), (34 bytes).
    Removing stm32f10x_usart.o(.ARM.exidx.text.USART_ClockInit), (8 bytes).
    Removing stm32f10x_usart.o(.text.USART_ClockStructInit), (8 bytes).
    Removing stm32f10x_usart.o(.ARM.exidx.text.USART_ClockStructInit), (8 bytes).
    Removing stm32f10x_usart.o(.ARM.exidx.text.USART_Cmd), (8 bytes).
    Removing stm32f10x_usart.o(.text.USART_ITConfig), (46 bytes).
    Removing stm32f10x_usart.o(.ARM.exidx.text.USART_ITConfig), (8 bytes).
    Removing stm32f10x_usart.o(.text.USART_DMACmd), (16 bytes).
    Removing stm32f10x_usart.o(.ARM.exidx.text.USART_DMACmd), (8 bytes).
    Removing stm32f10x_usart.o(.text.USART_SetAddress), (16 bytes).
    Removing stm32f10x_usart.o(.ARM.exidx.text.USART_SetAddress), (8 bytes).
    Removing stm32f10x_usart.o(.text.USART_WakeUpConfig), (16 bytes).
    Removing stm32f10x_usart.o(.ARM.exidx.text.USART_WakeUpConfig), (8 bytes).
    Removing stm32f10x_usart.o(.text.USART_ReceiverWakeUpCmd), (20 bytes).
    Removing stm32f10x_usart.o(.ARM.exidx.text.USART_ReceiverWakeUpCmd), (8 bytes).
    Removing stm32f10x_usart.o(.text.USART_LINBreakDetectLengthConfig), (16 bytes).
    Removing stm32f10x_usart.o(.ARM.exidx.text.USART_LINBreakDetectLengthConfig), (8 bytes).
    Removing stm32f10x_usart.o(.text.USART_LINCmd), (20 bytes).
    Removing stm32f10x_usart.o(.ARM.exidx.text.USART_LINCmd), (8 bytes).
    Removing stm32f10x_usart.o(.text.USART_SendData), (8 bytes).
    Removing stm32f10x_usart.o(.ARM.exidx.text.USART_SendData), (8 bytes).
    Removing stm32f10x_usart.o(.text.USART_ReceiveData), (8 bytes).
    Removing stm32f10x_usart.o(.ARM.exidx.text.USART_ReceiveData), (8 bytes).
    Removing stm32f10x_usart.o(.text.USART_SendBreak), (10 bytes).
    Removing stm32f10x_usart.o(.ARM.exidx.text.USART_SendBreak), (8 bytes).
    Removing stm32f10x_usart.o(.text.USART_SetGuardTime), (16 bytes).
    Removing stm32f10x_usart.o(.ARM.exidx.text.USART_SetGuardTime), (8 bytes).
    Removing stm32f10x_usart.o(.text.USART_SetPrescaler), (16 bytes).
    Removing stm32f10x_usart.o(.ARM.exidx.text.USART_SetPrescaler), (8 bytes).
    Removing stm32f10x_usart.o(.text.USART_SmartCardCmd), (20 bytes).
    Removing stm32f10x_usart.o(.ARM.exidx.text.USART_SmartCardCmd), (8 bytes).
    Removing stm32f10x_usart.o(.text.USART_SmartCardNACKCmd), (20 bytes).
    Removing stm32f10x_usart.o(.ARM.exidx.text.USART_SmartCardNACKCmd), (8 bytes).
    Removing stm32f10x_usart.o(.text.USART_HalfDuplexCmd), (20 bytes).
    Removing stm32f10x_usart.o(.ARM.exidx.text.USART_HalfDuplexCmd), (8 bytes).
    Removing stm32f10x_usart.o(.text.USART_OverSampling8Cmd), (20 bytes).
    Removing stm32f10x_usart.o(.ARM.exidx.text.USART_OverSampling8Cmd), (8 bytes).
    Removing stm32f10x_usart.o(.text.USART_OneBitMethodCmd), (20 bytes).
    Removing stm32f10x_usart.o(.ARM.exidx.text.USART_OneBitMethodCmd), (8 bytes).
    Removing stm32f10x_usart.o(.text.USART_IrDAConfig), (16 bytes).
    Removing stm32f10x_usart.o(.ARM.exidx.text.USART_IrDAConfig), (8 bytes).
    Removing stm32f10x_usart.o(.text.USART_IrDACmd), (20 bytes).
    Removing stm32f10x_usart.o(.ARM.exidx.text.USART_IrDACmd), (8 bytes).
    Removing stm32f10x_usart.o(.text.USART_GetFlagStatus), (10 bytes).
    Removing stm32f10x_usart.o(.ARM.exidx.text.USART_GetFlagStatus), (8 bytes).
    Removing stm32f10x_usart.o(.text.USART_ClearFlag), (6 bytes).
    Removing stm32f10x_usart.o(.ARM.exidx.text.USART_ClearFlag), (8 bytes).
    Removing stm32f10x_usart.o(.text.USART_GetITStatus), (48 bytes).
    Removing stm32f10x_usart.o(.ARM.exidx.text.USART_GetITStatus), (8 bytes).
    Removing stm32f10x_usart.o(.text.USART_ClearITPendingBit), (14 bytes).
    Removing stm32f10x_usart.o(.ARM.exidx.text.USART_ClearITPendingBit), (8 bytes).
    Removing system_stm32f10x.o(.text), (0 bytes).
    Removing system_stm32f10x.o(.ARM.exidx.text.SystemInit), (8 bytes).
    Removing system_stm32f10x.o(.ARM.exidx.text.SetSysClock), (8 bytes).
    Removing system_stm32f10x.o(.text.SystemCoreClockUpdate), (110 bytes).
    Removing system_stm32f10x.o(.ARM.exidx.text.SystemCoreClockUpdate), (8 bytes).
    Removing system_stm32f10x.o(.ARM.exidx.text.SetSysClockTo36), (8 bytes).
    Removing system_stm32f10x.o(.rodata.AHBPrescTable), (16 bytes).

358 unused section(s) (total 8108 bytes) removed from the image.

==============================================================================

Image Symbol Table

    Local Symbols

    Symbol Name                              Value     Ov Type        Size  Object(Section)

    ../clib/angel/boardlib.s                 0x00000000   Number         0  boardinit1.o ABSOLUTE
    ../clib/angel/boardlib.s                 0x00000000   Number         0  boardinit2.o ABSOLUTE
    ../clib/angel/boardlib.s                 0x00000000   Number         0  boardinit3.o ABSOLUTE
    ../clib/angel/boardlib.s                 0x00000000   Number         0  boardshut.o ABSOLUTE
    ../clib/angel/handlers.s                 0x00000000   Number         0  __scatter_copy.o ABSOLUTE
    ../clib/angel/handlers.s                 0x00000000   Number         0  __scatter_zi.o ABSOLUTE
    ../clib/angel/kernel.s                   0x00000000   Number         0  __rtentry.o ABSOLUTE
    ../clib/angel/kernel.s                   0x00000000   Number         0  __rtentry2.o ABSOLUTE
    ../clib/angel/kernel.s                   0x00000000   Number         0  __rtentry4.o ABSOLUTE
    ../clib/angel/kernel.s                   0x00000000   Number         0  rtexit.o ABSOLUTE
    ../clib/angel/kernel.s                   0x00000000   Number         0  rtexit2.o ABSOLUTE
    ../clib/angel/rt.s                       0x00000000   Number         0  rt_raise.o ABSOLUTE
    ../clib/angel/scatter.s                  0x00000000   Number         0  __scatter.o ABSOLUTE
    ../clib/angel/startup.s                  0x00000000   Number         0  __main.o ABSOLUTE
    ../clib/angel/sys.s                      0x00000000   Number         0  sys_stackheap_outer.o ABSOLUTE
    ../clib/angel/sys.s                      0x00000000   Number         0  libspace.o ABSOLUTE
    ../clib/angel/sys.s                      0x00000000   Number         0  use_no_semi.o ABSOLUTE
    ../clib/angel/sys.s                      0x00000000   Number         0  indicate_semi.o ABSOLUTE
    ../clib/angel/sysapp.c                   0x00000000   Number         0  sys_exit.o ABSOLUTE
    ../clib/angel/sysapp.c                   0x00000000   Number         0  sys_exit_hlt.o ABSOLUTE
    ../clib/angel/sysapp.c                   0x00000000   Number         0  sys_command.o ABSOLUTE
    ../clib/angel/sysapp.c                   0x00000000   Number         0  sys_command_hlt.o ABSOLUTE
    ../clib/angel/sysapp.c                   0x00000000   Number         0  sys_wrch.o ABSOLUTE
    ../clib/angel/sysapp.c                   0x00000000   Number         0  sys_wrch_hlt.o ABSOLUTE
    ../clib/armsys.c                         0x00000000   Number         0  argv_veneer.o ABSOLUTE
    ../clib/armsys.c                         0x00000000   Number         0  argv_veneer.o ABSOLUTE
    ../clib/armsys.c                         0x00000000   Number         0  _get_argv_nomalloc.o ABSOLUTE
    ../clib/armsys.c                         0x00000000   Number         0  no_argv.o ABSOLUTE
    ../clib/heapalloc.c                      0x00000000   Number         0  hrguard.o ABSOLUTE
    ../clib/heapaux.c                        0x00000000   Number         0  heapauxi.o ABSOLUTE
    ../clib/libinit.s                        0x00000000   Number         0  libinit.o ABSOLUTE
    ../clib/libinit.s                        0x00000000   Number         0  libinit2.o ABSOLUTE
    ../clib/libinit.s                        0x00000000   Number         0  libshutdown.o ABSOLUTE
    ../clib/libinit.s                        0x00000000   Number         0  libshutdown2.o ABSOLUTE
    ../clib/memcpset.s                       0x00000000   Number         0  rt_memmove_v6.o ABSOLUTE
    ../clib/memcpset.s                       0x00000000   Number         0  rt_memclr_w.o ABSOLUTE
    ../clib/memcpset.s                       0x00000000   Number         0  rt_memcpy_v6.o ABSOLUTE
    ../clib/memcpset.s                       0x00000000   Number         0  rt_memmove_w.o ABSOLUTE
    ../clib/memcpset.s                       0x00000000   Number         0  rt_memcpy_w.o ABSOLUTE
    ../clib/signal.c                         0x00000000   Number         0  defsig_rtmem_outer.o ABSOLUTE
    ../clib/signal.c                         0x00000000   Number         0  defsig_rtmem_formal.o ABSOLUTE
    ../clib/signal.c                         0x00000000   Number         0  defsig_exit.o ABSOLUTE
    ../clib/signal.c                         0x00000000   Number         0  defsig_rtmem_inner.o ABSOLUTE
    ../clib/signal.c                         0x00000000   Number         0  __raise.o ABSOLUTE
    ../clib/signal.c                         0x00000000   Number         0  defsig_general.o ABSOLUTE
    ../clib/signal.c                         0x00000000   Number         0  defsig_abrt_inner.o ABSOLUTE
    ../clib/signal.c                         0x00000000   Number         0  defsig_fpe_inner.o ABSOLUTE
    ../clib/signal.c                         0x00000000   Number         0  defsig_rtred_inner.o ABSOLUTE
    ../clib/signal.c                         0x00000000   Number         0  defsig_stak_inner.o ABSOLUTE
    ../clib/signal.c                         0x00000000   Number         0  defsig_pvfn_inner.o ABSOLUTE
    ../clib/signal.c                         0x00000000   Number         0  defsig_cppl_inner.o ABSOLUTE
    ../clib/signal.c                         0x00000000   Number         0  defsig_segv_inner.o ABSOLUTE
    ../clib/signal.c                         0x00000000   Number         0  defsig_other.o ABSOLUTE
    ../clib/signal.s                         0x00000000   Number         0  defsig.o ABSOLUTE
    ../clib/stdlib.c                         0x00000000   Number         0  exit.o ABSOLUTE
    ../clib/string.c                         0x00000000   Number         0  strcpy.o ABSOLUTE
    ../clib/string.c                         0x00000000   Number         0  strlen.o ABSOLUTE
    ../fplib/fpinit.s                        0x00000000   Number         0  fpinit.o ABSOLUTE
    ../fplib/fpinit_empty.s                  0x00000000   Number         0  fpinit_empty.o ABSOLUTE
    RTE/Device/STM32F103TB/startup_stm32f10x_md.s 0x00000000   Number         0  startup_stm32f10x_md.o ABSOLUTE
    cat4016.c                                0x00000000   Number         0  cat4016.o ABSOLUTE
    dc.s                                     0x00000000   Number         0  dc.o ABSOLUTE
    key57.c                                  0x00000000   Number         0  key57.o ABSOLUTE
    main.c                                   0x00000000   Number         0  main.o ABSOLUTE
    misc.c                                   0x00000000   Number         0  misc.o ABSOLUTE
    mux57.c                                  0x00000000   Number         0  mux57.o ABSOLUTE
    rom57.c                                  0x00000000   Number         0  rom57.o ABSOLUTE
    state57.c                                0x00000000   Number         0  state57.o ABSOLUTE
    stm32f10x_gpio.c                         0x00000000   Number         0  stm32f10x_gpio.o ABSOLUTE
    stm32f10x_rcc.c                          0x00000000   Number         0  stm32f10x_rcc.o ABSOLUTE
    stm32f10x_spi.c                          0x00000000   Number         0  stm32f10x_spi.o ABSOLUTE
    stm32f10x_usart.c                        0x00000000   Number         0  stm32f10x_usart.o ABSOLUTE
    system_stm32f10x.c                       0x00000000   Number         0  system_stm32f10x.o ABSOLUTE
    ti57.c                                   0x00000000   Number         0  ti57.o ABSOLUTE
    usart_utilities.c                        0x00000000   Number         0  usart_utilities.o ABSOLUTE
    utils57.c                                0x00000000   Number         0  utils57.o ABSOLUTE
    RESET                                    0x08000000   Section      236  startup_stm32f10x_md.o(RESET)
    !!!main                                  0x080000ec   Section        8  __main.o(!!!main)
    !!!scatter                               0x080000f4   Section       52  __scatter.o(!!!scatter)
    !!handler_copy                           0x08000128   Section       26  __scatter_copy.o(!!handler_copy)
    !!handler_zi                             0x08000144   Section       28  __scatter_zi.o(!!handler_zi)
    .ARM.Collect$$libinit$$00000000          0x08000160   Section        2  libinit.o(.ARM.Collect$$libinit$$00000000)
    .ARM.Collect$$libinit$$00000002          0x08000162   Section        0  libinit2.o(.ARM.Collect$$libinit$$00000002)
    .ARM.Collect$$libinit$$00000004          0x08000162   Section        0  libinit2.o(.ARM.Collect$$libinit$$00000004)
    .ARM.Collect$$libinit$$0000000A          0x08000162   Section        0  libinit2.o(.ARM.Collect$$libinit$$0000000A)
    .ARM.Collect$$libinit$$0000000C          0x08000162   Section        0  libinit2.o(.ARM.Collect$$libinit$$0000000C)
    .ARM.Collect$$libinit$$0000000E          0x08000162   Section        0  libinit2.o(.ARM.Collect$$libinit$$0000000E)
    .ARM.Collect$$libinit$$00000011          0x08000162   Section        0  libinit2.o(.ARM.Collect$$libinit$$00000011)
    .ARM.Collect$$libinit$$00000013          0x08000162   Section        0  libinit2.o(.ARM.Collect$$libinit$$00000013)
    .ARM.Collect$$libinit$$00000015          0x08000162   Section        0  libinit2.o(.ARM.Collect$$libinit$$00000015)
    .ARM.Collect$$libinit$$00000017          0x08000162   Section        0  libinit2.o(.ARM.Collect$$libinit$$00000017)
    .ARM.Collect$$libinit$$00000019          0x08000162   Section        0  libinit2.o(.ARM.Collect$$libinit$$00000019)
    .ARM.Collect$$libinit$$0000001B          0x08000162   Section        0  libinit2.o(.ARM.Collect$$libinit$$0000001B)
    .ARM.Collect$$libinit$$0000001D          0x08000162   Section        0  libinit2.o(.ARM.Collect$$libinit$$0000001D)
    .ARM.Collect$$libinit$$0000001F          0x08000162   Section        0  libinit2.o(.ARM.Collect$$libinit$$0000001F)
    .ARM.Collect$$libinit$$00000021          0x08000162   Section        0  libinit2.o(.ARM.Collect$$libinit$$00000021)
    .ARM.Collect$$libinit$$00000023          0x08000162   Section        0  libinit2.o(.ARM.Collect$$libinit$$00000023)
    .ARM.Collect$$libinit$$00000025          0x08000162   Section        0  libinit2.o(.ARM.Collect$$libinit$$00000025)
    .ARM.Collect$$libinit$$0000002C          0x08000162   Section        0  libinit2.o(.ARM.Collect$$libinit$$0000002C)
    .ARM.Collect$$libinit$$0000002E          0x08000162   Section        0  libinit2.o(.ARM.Collect$$libinit$$0000002E)
    .ARM.Collect$$libinit$$00000030          0x08000162   Section        0  libinit2.o(.ARM.Collect$$libinit$$00000030)
    .ARM.Collect$$libinit$$00000032          0x08000162   Section        0  libinit2.o(.ARM.Collect$$libinit$$00000032)
    .ARM.Collect$$libinit$$00000033          0x08000162   Section        2  libinit2.o(.ARM.Collect$$libinit$$00000033)
    .ARM.Collect$$libshutdown$$00000000      0x08000164   Section        2  libshutdown.o(.ARM.Collect$$libshutdown$$00000000)
    .ARM.Collect$$libshutdown$$00000002      0x08000166   Section        0  libshutdown2.o(.ARM.Collect$$libshutdown$$00000002)
    .ARM.Collect$$libshutdown$$00000004      0x08000166   Section        0  libshutdown2.o(.ARM.Collect$$libshutdown$$00000004)
    .ARM.Collect$$libshutdown$$00000007      0x08000166   Section        0  libshutdown2.o(.ARM.Collect$$libshutdown$$00000007)
    .ARM.Collect$$libshutdown$$0000000A      0x08000166   Section        0  libshutdown2.o(.ARM.Collect$$libshutdown$$0000000A)
    .ARM.Collect$$libshutdown$$0000000C      0x08000166   Section        0  libshutdown2.o(.ARM.Collect$$libshutdown$$0000000C)
    .ARM.Collect$$libshutdown$$0000000F      0x08000166   Section        0  libshutdown2.o(.ARM.Collect$$libshutdown$$0000000F)
    .ARM.Collect$$libshutdown$$00000010      0x08000166   Section        2  libshutdown2.o(.ARM.Collect$$libshutdown$$00000010)
    .ARM.Collect$$rtentry$$00000000          0x08000168   Section        0  __rtentry.o(.ARM.Collect$$rtentry$$00000000)
    .ARM.Collect$$rtentry$$00000002          0x08000168   Section        0  __rtentry2.o(.ARM.Collect$$rtentry$$00000002)
    .ARM.Collect$$rtentry$$00000004          0x08000168   Section        6  __rtentry4.o(.ARM.Collect$$rtentry$$00000004)
    .ARM.Collect$$rtentry$$00000009          0x0800016e   Section        0  __rtentry2.o(.ARM.Collect$$rtentry$$00000009)
    .ARM.Collect$$rtentry$$0000000A          0x0800016e   Section        4  __rtentry2.o(.ARM.Collect$$rtentry$$0000000A)
    .ARM.Collect$$rtentry$$0000000C          0x08000172   Section        0  __rtentry2.o(.ARM.Collect$$rtentry$$0000000C)
    .ARM.Collect$$rtentry$$0000000D          0x08000172   Section        8  __rtentry2.o(.ARM.Collect$$rtentry$$0000000D)
    .ARM.Collect$$rtexit$$00000000           0x0800017a   Section        2  rtexit.o(.ARM.Collect$$rtexit$$00000000)
    .ARM.Collect$$rtexit$$00000002           0x0800017c   Section        0  rtexit2.o(.ARM.Collect$$rtexit$$00000002)
    .ARM.Collect$$rtexit$$00000003           0x0800017c   Section        4  rtexit2.o(.ARM.Collect$$rtexit$$00000003)
    .ARM.Collect$$rtexit$$00000004           0x08000180   Section        6  rtexit2.o(.ARM.Collect$$rtexit$$00000004)
    .text                                    0x08000188   Section       64  startup_stm32f10x_md.o(.text)
    .text                                    0x080001c8   Section       78  rt_memclr_w.o(.text)
    .text                                    0x08000216   Section        0  heapauxi.o(.text)
    .text                                    0x0800021c   Section       74  sys_stackheap_outer.o(.text)
    .text                                    0x08000266   Section        0  exit.o(.text)
    .text                                    0x08000278   Section        8  libspace.o(.text)
    .text                                    0x08000280   Section        0  sys_exit.o(.text)
    .text                                    0x0800028c   Section        2  use_no_semi.o(.text)
    .text                                    0x0800028e   Section        0  indicate_semi.o(.text)
    [Anonymous Symbol]                       0x08000290   Section        0  stm32f10x_gpio.o(.text.GPIO_Init)
    [Anonymous Symbol]                       0x08000340   Section        0  stm32f10x_gpio.o(.text.GPIO_PinRemapConfig)
    [Anonymous Symbol]                       0x080003bc   Section        0  stm32f10x_gpio.o(.text.GPIO_ReadInputData)
    [Anonymous Symbol]                       0x080003c4   Section        0  stm32f10x_gpio.o(.text.GPIO_ResetBits)
    [Anonymous Symbol]                       0x080003c8   Section        0  stm32f10x_gpio.o(.text.GPIO_SetBits)
    [Anonymous Symbol]                       0x080003cc   Section        0  main.o(.text.InitGPIO)
    [Anonymous Symbol]                       0x08000514   Section        0  main.o(.text.InitSysTick)
    [Anonymous Symbol]                       0x08000534   Section        0  main.o(.text.InitUSART)
    [Anonymous Symbol]                       0x08000574   Section        0  stm32f10x_rcc.o(.text.RCC_APB2PeriphClockCmd)
    [Anonymous Symbol]                       0x0800058c   Section        0  stm32f10x_rcc.o(.text.RCC_GetClocksFreq)
    [Anonymous Symbol]                       0x0800062c   Section        0  stm32f10x_spi.o(.text.SPI_I2S_GetFlagStatus)
    [Anonymous Symbol]                       0x08000638   Section        0  stm32f10x_spi.o(.text.SPI_I2S_SendData)
    SetSysClock                              0x0800063d   Thumb Code     8  system_stm32f10x.o(.text.SetSysClock)
    [Anonymous Symbol]                       0x0800063c   Section        0  system_stm32f10x.o(.text.SetSysClock)
    SetSysClockTo36                          0x08000645   Thumb Code   186  system_stm32f10x.o(.text.SetSysClockTo36)
    [Anonymous Symbol]                       0x08000644   Section        0  system_stm32f10x.o(.text.SetSysClockTo36)
    SysTick_Config                           0x08000701   Thumb Code    36  main.o(.text.SysTick_Config)
    [Anonymous Symbol]                       0x08000700   Section        0  main.o(.text.SysTick_Config)
    [Anonymous Symbol]                       0x08000724   Section        0  main.o(.text.SysTick_Handler)
    [Anonymous Symbol]                       0x0800073c   Section        0  system_stm32f10x.o(.text.SystemInit)
    [Anonymous Symbol]                       0x08000794   Section        0  stm32f10x_usart.o(.text.USART_Cmd)
    [Anonymous Symbol]                       0x080007a8   Section        0  stm32f10x_usart.o(.text.USART_Init)
    [Anonymous Symbol]                       0x08000860   Section        0  usart_utilities.o(.text.UU_PutChar)
    [Anonymous Symbol]                       0x0800086c   Section        0  usart_utilities.o(.text.UU_PutNumber)
    [Anonymous Symbol]                       0x080008c0   Section        0  usart_utilities.o(.text.UU_PutString)
    __NVIC_SetPriority                       0x080008e5   Thumb Code    14  main.o(.text.__NVIC_SetPriority)
    [Anonymous Symbol]                       0x080008e4   Section        0  main.o(.text.__NVIC_SetPriority)
    add                                      0x080008f5   Thumb Code   122  ti57.o(.text.add)
    [Anonymous Symbol]                       0x080008f4   Section        0  ti57.o(.text.add)
    exchange                                 0x08000971   Thumb Code    56  ti57.o(.text.exchange)
    [Anonymous Symbol]                       0x08000970   Section        0  ti57.o(.text.exchange)
    get_base                                 0x080009a9   Thumb Code    24  ti57.o(.text.get_base)
    [Anonymous Symbol]                       0x080009a8   Section        0  ti57.o(.text.get_base)
    [Anonymous Symbol]                       0x080009c0   Section        0  cat4016.o(.text.hw_cat4016_blank_negate)
    [Anonymous Symbol]                       0x080009d4   Section        0  cat4016.o(.text.hw_cat4016_initialize)
    [Anonymous Symbol]                       0x08000a08   Section        0  cat4016.o(.text.hw_cat4016_latch_assert)
    [Anonymous Symbol]                       0x08000a1c   Section        0  cat4016.o(.text.hw_cat4016_latch_negate)
    [Anonymous Symbol]                       0x08000a30   Section        0  cat4016.o(.text.hw_cat4016_send_data_blocking)
    [Anonymous Symbol]                       0x08000a54   Section        0  cat4016.o(.text.hw_cat4016_send_data_nonblocking)
    [Anonymous Symbol]                       0x08000a68   Section        0  cat4016.o(.text.hw_cat4016_update_outputs)
    [Anonymous Symbol]                       0x08000a74   Section        0  main.o(.text.hw_display_cycle)
    [Anonymous Symbol]                       0x08000af8   Section        0  main.o(.text.hw_read_key_columns)
    [Anonymous Symbol]                       0x08000b0c   Section        0  main.o(.text.hw_segment_disable_all)
    [Anonymous Symbol]                       0x08000b2c   Section        0  main.o(.text.hw_segment_enable)
    is_pc_in                                 0x08000bd9   Thumb Code    56  ti57.o(.text.is_pc_in)
    [Anonymous Symbol]                       0x08000bd8   Section        0  ti57.o(.text.is_pc_in)
    left_shift                               0x08000c11   Thumb Code    42  ti57.o(.text.left_shift)
    [Anonymous Symbol]                       0x08000c10   Section        0  ti57.o(.text.left_shift)
    [Anonymous Symbol]                       0x08000c3c   Section        0  main.o(.text.main)
    [Anonymous Symbol]                       0x08000d80   Section        0  mux57.o(.text.mux57_which_outputs)
    op_branch                                0x08000e5d   Thumb Code    38  ti57.o(.text.op_branch)
    [Anonymous Symbol]                       0x08000e5c   Section        0  ti57.o(.text.op_branch)
    op_call                                  0x08000e85   Thumb Code    32  ti57.o(.text.op_call)
    [Anonymous Symbol]                       0x08000e84   Section        0  ti57.o(.text.op_call)
    op_flag                                  0x08000ea5   Thumb Code   124  ti57.o(.text.op_flag)
    [Anonymous Symbol]                       0x08000ea4   Section        0  ti57.o(.text.op_flag)
    op_mask                                  0x08000f21   Thumb Code   464  ti57.o(.text.op_mask)
    [Anonymous Symbol]                       0x08000f20   Section        0  ti57.o(.text.op_mask)
    op_misc                                  0x080010f1   Thumb Code   264  ti57.o(.text.op_misc)
    [Anonymous Symbol]                       0x080010f0   Section        0  ti57.o(.text.op_misc)
    right_shift                              0x080011f9   Thumb Code    48  ti57.o(.text.right_shift)
    [Anonymous Symbol]                       0x080011f8   Section        0  ti57.o(.text.right_shift)
    stack_pop                                0x08001229   Thumb Code    16  ti57.o(.text.stack_pop)
    [Anonymous Symbol]                       0x08001228   Section        0  ti57.o(.text.stack_pop)
    stack_push                               0x08001239   Thumb Code    14  ti57.o(.text.stack_push)
    [Anonymous Symbol]                       0x08001238   Section        0  ti57.o(.text.stack_push)
    store                                    0x08001249   Thumb Code    52  ti57.o(.text.store)
    [Anonymous Symbol]                       0x08001248   Section        0  ti57.o(.text.store)
    subtract                                 0x0800127d   Thumb Code   136  ti57.o(.text.subtract)
    [Anonymous Symbol]                       0x0800127c   Section        0  ti57.o(.text.subtract)
    [Anonymous Symbol]                       0x08001304   Section        0  ti57.o(.text.ti57_init)
    [Anonymous Symbol]                       0x08001310   Section        0  state57.o(.text.ti57_is_error)
    [Anonymous Symbol]                       0x08001324   Section        0  ti57.o(.text.ti57_next)
    update_R5                                0x080013c5   Thumb Code    28  ti57.o(.text.update_R5)
    [Anonymous Symbol]                       0x080013c4   Section        0  ti57.o(.text.update_R5)
    update_activity                          0x080013e1   Thumb Code   144  ti57.o(.text.update_activity)
    [Anonymous Symbol]                       0x080013e0   Section        0  ti57.o(.text.update_activity)
    update_mode                              0x08001471   Thumb Code    48  ti57.o(.text.update_mode)
    [Anonymous Symbol]                       0x08001470   Section        0  ti57.o(.text.update_mode)
    [Anonymous Symbol]                       0x080014a0   Section        0  utils57.o(.text.utils57_display_to_str)
    utils57_display_to_str.DIGITS            0x080014f8   Number         0  utils57.o(.text.utils57_display_to_str)
    ADCPrescTable                            0x0800150c   Data           4  stm32f10x_rcc.o(.rodata.ADCPrescTable)
    [Anonymous Symbol]                       0x0800150c   Section        0  stm32f10x_rcc.o(.rodata.ADCPrescTable)
    APBAHBPrescTable                         0x08001510   Data          16  stm32f10x_rcc.o(.rodata.APBAHBPrescTable)
    [Anonymous Symbol]                       0x08001510   Section        0  stm32f10x_rcc.o(.rodata.APBAHBPrescTable)
    SEGMENT_MAP                              0x08001520   Data         216  mux57.o(.rodata.SEGMENT_MAP)
    [Anonymous Symbol]                       0x08001520   Section        0  mux57.o(.rodata.SEGMENT_MAP)
    DIGIT_MAP                                0x080015f8   Data          16  mux57.o(.rodata.cst16)
    [Anonymous Symbol]                       0x080015f8   Section        0  mux57.o(.rodata.cst16)
    .bss                                     0x20001008   Section       96  libspace.o(.bss)
    TimingDelay                              0x20001068   Data           4  main.o(.bss.TimingDelay)
    [Anonymous Symbol]                       0x20001068   Section        0  main.o(.bss.TimingDelay)
    utils57_display_to_str.str               0x20001074   Data          25  utils57.o(.bss.utils57_display_to_str.str)
    [Anonymous Symbol]                       0x20001074   Section        0  utils57.o(.bss.utils57_display_to_str.str)
    Heap_Mem                                 0x20001090   Data         512  startup_stm32f10x_md.o(HEAP)
    HEAP                                     0x20001090   Section      512  startup_stm32f10x_md.o(HEAP)
    Stack_Mem                                0x20001290   Data        1024  startup_stm32f10x_md.o(STACK)
    STACK                                    0x20001290   Section     1024  startup_stm32f10x_md.o(STACK)
    __initial_sp                             0x20001690   Data           0  startup_stm32f10x_md.o(STACK)

    Global Symbols

    Symbol Name                              Value     Ov Type        Size  Object(Section)

    BuildAttributes$$THM_ISAv4$P$D$K$B$S$PE$A:L22UL41UL21$X:L11$S22US41US21$IEEE1$IW$~IW$USESV6$~STKCKD$USESV7$~SHL$OTIME$ROPI$EBA8$UX$STANDARDLIB$REQ8$PRES8$EABIv2 0x00000000   Number         0  anon$$obj.o ABSOLUTE
    __fp_init_empty                          0x00000000   Number         0  fpinit_empty.o ABSOLUTE
    __ARM_exceptions_init                     - Undefined Weak Reference
    __alloca_initialize                       - Undefined Weak Reference
    __arm_preinit_                            - Undefined Weak Reference
    __cpp_initialize__aeabi_                  - Undefined Weak Reference
    __cxa_finalize                            - Undefined Weak Reference
    __decompress                              - Undefined Weak Reference
    __rt_locale                               - Undefined Weak Reference
    __sigvec_lookup                           - Undefined Weak Reference
    _atexit_init                              - Undefined Weak Reference
    _call_atexit_fns                          - Undefined Weak Reference
    _clock_init                               - Undefined Weak Reference
    _fp_trap_init                             - Undefined Weak Reference
    _fp_trap_shutdown                         - Undefined Weak Reference
    _get_lc_collate                           - Undefined Weak Reference
    _get_lc_ctype                             - Undefined Weak Reference
    _get_lc_monetary                          - Undefined Weak Reference
    _get_lc_numeric                           - Undefined Weak Reference
    _get_lc_time                              - Undefined Weak Reference
    _getenv_init                              - Undefined Weak Reference
    _handle_redirection                       - Undefined Weak Reference
    _init_alloc                               - Undefined Weak Reference
    _init_user_alloc                          - Undefined Weak Reference
    _initio                                   - Undefined Weak Reference
    _rand_init                                - Undefined Weak Reference
    _signal_finish                            - Undefined Weak Reference
    _signal_init                              - Undefined Weak Reference
    _terminate_alloc                          - Undefined Weak Reference
    _terminate_user_alloc                     - Undefined Weak Reference
    _terminateio                              - Undefined Weak Reference
    __Vectors_Size                           0x000000ec   Number         0  startup_stm32f10x_md.o ABSOLUTE
    __Vectors                                0x08000000   Data           4  startup_stm32f10x_md.o(RESET)
    __Vectors_End                            0x080000ec   Data           0  startup_stm32f10x_md.o(RESET)
    __main                                   0x080000ed   Thumb Code     8  __main.o(!!!main)
    __scatterload                            0x080000f5   Thumb Code     0  __scatter.o(!!!scatter)
    __scatterload_rt2                        0x080000f5   Thumb Code    44  __scatter.o(!!!scatter)
    __scatterload_rt2_thumb_only             0x080000f5   Thumb Code     0  __scatter.o(!!!scatter)
    __scatterload_null                       0x08000103   Thumb Code     0  __scatter.o(!!!scatter)
    __scatterload_copy                       0x08000129   Thumb Code    26  __scatter_copy.o(!!handler_copy)
    __scatterload_zeroinit                   0x08000145   Thumb Code    28  __scatter_zi.o(!!handler_zi)
    __rt_lib_init                            0x08000161   Thumb Code     0  libinit.o(.ARM.Collect$$libinit$$00000000)
    __rt_lib_init_alloca_1                   0x08000163   Thumb Code     0  libinit2.o(.ARM.Collect$$libinit$$0000002E)
    __rt_lib_init_argv_1                     0x08000163   Thumb Code     0  libinit2.o(.ARM.Collect$$libinit$$0000002C)
    __rt_lib_init_atexit_1                   0x08000163   Thumb Code     0  libinit2.o(.ARM.Collect$$libinit$$0000001B)
    __rt_lib_init_clock_1                    0x08000163   Thumb Code     0  libinit2.o(.ARM.Collect$$libinit$$00000021)
    __rt_lib_init_cpp_1                      0x08000163   Thumb Code     0  libinit2.o(.ARM.Collect$$libinit$$00000032)
    __rt_lib_init_exceptions_1               0x08000163   Thumb Code     0  libinit2.o(.ARM.Collect$$libinit$$00000030)
    __rt_lib_init_fp_1                       0x08000163   Thumb Code     0  libinit2.o(.ARM.Collect$$libinit$$00000002)
    __rt_lib_init_fp_trap_1                  0x08000163   Thumb Code     0  libinit2.o(.ARM.Collect$$libinit$$0000001F)
    __rt_lib_init_getenv_1                   0x08000163   Thumb Code     0  libinit2.o(.ARM.Collect$$libinit$$00000023)
    __rt_lib_init_heap_1                     0x08000163   Thumb Code     0  libinit2.o(.ARM.Collect$$libinit$$0000000A)
    __rt_lib_init_lc_collate_1               0x08000163   Thumb Code     0  libinit2.o(.ARM.Collect$$libinit$$00000011)
    __rt_lib_init_lc_ctype_1                 0x08000163   Thumb Code     0  libinit2.o(.ARM.Collect$$libinit$$00000013)
    __rt_lib_init_lc_monetary_1              0x08000163   Thumb Code     0  libinit2.o(.ARM.Collect$$libinit$$00000015)
    __rt_lib_init_lc_numeric_1               0x08000163   Thumb Code     0  libinit2.o(.ARM.Collect$$libinit$$00000017)
    __rt_lib_init_lc_time_1                  0x08000163   Thumb Code     0  libinit2.o(.ARM.Collect$$libinit$$00000019)
    __rt_lib_init_preinit_1                  0x08000163   Thumb Code     0  libinit2.o(.ARM.Collect$$libinit$$00000004)
    __rt_lib_init_rand_1                     0x08000163   Thumb Code     0  libinit2.o(.ARM.Collect$$libinit$$0000000E)
    __rt_lib_init_return                     0x08000163   Thumb Code     0  libinit2.o(.ARM.Collect$$libinit$$00000033)
    __rt_lib_init_signal_1                   0x08000163   Thumb Code     0  libinit2.o(.ARM.Collect$$libinit$$0000001D)
    __rt_lib_init_stdio_1                    0x08000163   Thumb Code     0  libinit2.o(.ARM.Collect$$libinit$$00000025)
    __rt_lib_init_user_alloc_1               0x08000163   Thumb Code     0  libinit2.o(.ARM.Collect$$libinit$$0000000C)
    __rt_lib_shutdown                        0x08000165   Thumb Code     0  libshutdown.o(.ARM.Collect$$libshutdown$$00000000)
    __rt_lib_shutdown_cpp_1                  0x08000167   Thumb Code     0  libshutdown2.o(.ARM.Collect$$libshutdown$$00000002)
    __rt_lib_shutdown_fp_trap_1              0x08000167   Thumb Code     0  libshutdown2.o(.ARM.Collect$$libshutdown$$00000007)
    __rt_lib_shutdown_heap_1                 0x08000167   Thumb Code     0  libshutdown2.o(.ARM.Collect$$libshutdown$$0000000F)
    __rt_lib_shutdown_return                 0x08000167   Thumb Code     0  libshutdown2.o(.ARM.Collect$$libshutdown$$00000010)
    __rt_lib_shutdown_signal_1               0x08000167   Thumb Code     0  libshutdown2.o(.ARM.Collect$$libshutdown$$0000000A)
    __rt_lib_shutdown_stdio_1                0x08000167   Thumb Code     0  libshutdown2.o(.ARM.Collect$$libshutdown$$00000004)
    __rt_lib_shutdown_user_alloc_1           0x08000167   Thumb Code     0  libshutdown2.o(.ARM.Collect$$libshutdown$$0000000C)
    __rt_entry                               0x08000169   Thumb Code     0  __rtentry.o(.ARM.Collect$$rtentry$$00000000)
    __rt_entry_presh_1                       0x08000169   Thumb Code     0  __rtentry2.o(.ARM.Collect$$rtentry$$00000002)
    __rt_entry_sh                            0x08000169   Thumb Code     0  __rtentry4.o(.ARM.Collect$$rtentry$$00000004)
    __rt_entry_li                            0x0800016f   Thumb Code     0  __rtentry2.o(.ARM.Collect$$rtentry$$0000000A)
    __rt_entry_postsh_1                      0x0800016f   Thumb Code     0  __rtentry2.o(.ARM.Collect$$rtentry$$00000009)
    __rt_entry_main                          0x08000173   Thumb Code     0  __rtentry2.o(.ARM.Collect$$rtentry$$0000000D)
    __rt_entry_postli_1                      0x08000173   Thumb Code     0  __rtentry2.o(.ARM.Collect$$rtentry$$0000000C)
    __rt_exit                                0x0800017b   Thumb Code     0  rtexit.o(.ARM.Collect$$rtexit$$00000000)
    __rt_exit_ls                             0x0800017d   Thumb Code     0  rtexit2.o(.ARM.Collect$$rtexit$$00000003)
    __rt_exit_prels_1                        0x0800017d   Thumb Code     0  rtexit2.o(.ARM.Collect$$rtexit$$00000002)
    __rt_exit_exit                           0x08000181   Thumb Code     0  rtexit2.o(.ARM.Collect$$rtexit$$00000004)
    Reset_Handler                            0x08000189   Thumb Code     8  startup_stm32f10x_md.o(.text)
    NMI_Handler                              0x08000191   Thumb Code     2  startup_stm32f10x_md.o(.text)
    HardFault_Handler                        0x08000193   Thumb Code     2  startup_stm32f10x_md.o(.text)
    MemManage_Handler                        0x08000195   Thumb Code     2  startup_stm32f10x_md.o(.text)
    BusFault_Handler                         0x08000197   Thumb Code     2  startup_stm32f10x_md.o(.text)
    UsageFault_Handler                       0x08000199   Thumb Code     2  startup_stm32f10x_md.o(.text)
    SVC_Handler                              0x0800019b   Thumb Code     2  startup_stm32f10x_md.o(.text)
    DebugMon_Handler                         0x0800019d   Thumb Code     2  startup_stm32f10x_md.o(.text)
    PendSV_Handler                           0x0800019f   Thumb Code     2  startup_stm32f10x_md.o(.text)
    ADC1_2_IRQHandler                        0x080001a3   Thumb Code     0  startup_stm32f10x_md.o(.text)
    CAN1_RX1_IRQHandler                      0x080001a3   Thumb Code     0  startup_stm32f10x_md.o(.text)
    CAN1_SCE_IRQHandler                      0x080001a3   Thumb Code     0  startup_stm32f10x_md.o(.text)
    DMA1_Channel1_IRQHandler                 0x080001a3   Thumb Code     0  startup_stm32f10x_md.o(.text)
    DMA1_Channel2_IRQHandler                 0x080001a3   Thumb Code     0  startup_stm32f10x_md.o(.text)
    DMA1_Channel3_IRQHandler                 0x080001a3   Thumb Code     0  startup_stm32f10x_md.o(.text)
    DMA1_Channel4_IRQHandler                 0x080001a3   Thumb Code     0  startup_stm32f10x_md.o(.text)
    DMA1_Channel5_IRQHandler                 0x080001a3   Thumb Code     0  startup_stm32f10x_md.o(.text)
    DMA1_Channel6_IRQHandler                 0x080001a3   Thumb Code     0  startup_stm32f10x_md.o(.text)
    DMA1_Channel7_IRQHandler                 0x080001a3   Thumb Code     0  startup_stm32f10x_md.o(.text)
    EXTI0_IRQHandler                         0x080001a3   Thumb Code     0  startup_stm32f10x_md.o(.text)
    EXTI15_10_IRQHandler                     0x080001a3   Thumb Code     0  startup_stm32f10x_md.o(.text)
    EXTI1_IRQHandler                         0x080001a3   Thumb Code     0  startup_stm32f10x_md.o(.text)
    EXTI2_IRQHandler                         0x080001a3   Thumb Code     0  startup_stm32f10x_md.o(.text)
    EXTI3_IRQHandler                         0x080001a3   Thumb Code     0  startup_stm32f10x_md.o(.text)
    EXTI4_IRQHandler                         0x080001a3   Thumb Code     0  startup_stm32f10x_md.o(.text)
    EXTI9_5_IRQHandler                       0x080001a3   Thumb Code     0  startup_stm32f10x_md.o(.text)
    FLASH_IRQHandler                         0x080001a3   Thumb Code     0  startup_stm32f10x_md.o(.text)
    I2C1_ER_IRQHandler                       0x080001a3   Thumb Code     0  startup_stm32f10x_md.o(.text)
    I2C1_EV_IRQHandler                       0x080001a3   Thumb Code     0  startup_stm32f10x_md.o(.text)
    I2C2_ER_IRQHandler                       0x080001a3   Thumb Code     0  startup_stm32f10x_md.o(.text)
    I2C2_EV_IRQHandler                       0x080001a3   Thumb Code     0  startup_stm32f10x_md.o(.text)
    PVD_IRQHandler                           0x080001a3   Thumb Code     0  startup_stm32f10x_md.o(.text)
    RCC_IRQHandler                           0x080001a3   Thumb Code     0  startup_stm32f10x_md.o(.text)
    RTCAlarm_IRQHandler                      0x080001a3   Thumb Code     0  startup_stm32f10x_md.o(.text)
    RTC_IRQHandler                           0x080001a3   Thumb Code     0  startup_stm32f10x_md.o(.text)
    SPI1_IRQHandler                          0x080001a3   Thumb Code     0  startup_stm32f10x_md.o(.text)
    SPI2_IRQHandler                          0x080001a3   Thumb Code     0  startup_stm32f10x_md.o(.text)
    TAMPER_IRQHandler                        0x080001a3   Thumb Code     0  startup_stm32f10x_md.o(.text)
    TIM1_BRK_IRQHandler                      0x080001a3   Thumb Code     0  startup_stm32f10x_md.o(.text)
    TIM1_CC_IRQHandler                       0x080001a3   Thumb Code     0  startup_stm32f10x_md.o(.text)
    TIM1_TRG_COM_IRQHandler                  0x080001a3   Thumb Code     0  startup_stm32f10x_md.o(.text)
    TIM1_UP_IRQHandler                       0x080001a3   Thumb Code     0  startup_stm32f10x_md.o(.text)
    TIM2_IRQHandler                          0x080001a3   Thumb Code     0  startup_stm32f10x_md.o(.text)
    TIM3_IRQHandler                          0x080001a3   Thumb Code     0  startup_stm32f10x_md.o(.text)
    TIM4_IRQHandler                          0x080001a3   Thumb Code     0  startup_stm32f10x_md.o(.text)
    USART1_IRQHandler                        0x080001a3   Thumb Code     0  startup_stm32f10x_md.o(.text)
    USART2_IRQHandler                        0x080001a3   Thumb Code     0  startup_stm32f10x_md.o(.text)
    USART3_IRQHandler                        0x080001a3   Thumb Code     0  startup_stm32f10x_md.o(.text)
    USBWakeUp_IRQHandler                     0x080001a3   Thumb Code     0  startup_stm32f10x_md.o(.text)
    USB_HP_CAN1_TX_IRQHandler                0x080001a3   Thumb Code     0  startup_stm32f10x_md.o(.text)
    USB_LP_CAN1_RX0_IRQHandler               0x080001a3   Thumb Code     0  startup_stm32f10x_md.o(.text)
    WWDG_IRQHandler                          0x080001a3   Thumb Code     0  startup_stm32f10x_md.o(.text)
    __user_initial_stackheap                 0x080001a5   Thumb Code     0  startup_stm32f10x_md.o(.text)
    __aeabi_memclr4                          0x080001c9   Thumb Code     0  rt_memclr_w.o(.text)
    __aeabi_memclr8                          0x080001c9   Thumb Code     0  rt_memclr_w.o(.text)
    __rt_memclr_w                            0x080001c9   Thumb Code     0  rt_memclr_w.o(.text)
    _memset_w                                0x080001cd   Thumb Code    74  rt_memclr_w.o(.text)
    __use_two_region_memory                  0x08000217   Thumb Code     2  heapauxi.o(.text)
    __rt_heap_escrow$2region                 0x08000219   Thumb Code     2  heapauxi.o(.text)
    __rt_heap_expand$2region                 0x0800021b   Thumb Code     2  heapauxi.o(.text)
    __user_setup_stackheap                   0x0800021d   Thumb Code    74  sys_stackheap_outer.o(.text)
    exit                                     0x08000267   Thumb Code    18  exit.o(.text)
    __user_libspace                          0x08000279   Thumb Code     8  libspace.o(.text)
    __user_perproc_libspace                  0x08000279   Thumb Code     0  libspace.o(.text)
    __user_perthread_libspace                0x08000279   Thumb Code     0  libspace.o(.text)
    _sys_exit                                0x08000281   Thumb Code     8  sys_exit.o(.text)
    __I$use$semihosting                      0x0800028d   Thumb Code     0  use_no_semi.o(.text)
    __use_no_semihosting_swi                 0x0800028d   Thumb Code     2  use_no_semi.o(.text)
    __semihosting_library_function           0x0800028f   Thumb Code     0  indicate_semi.o(.text)
    GPIO_Init                                0x08000291   Thumb Code   176  stm32f10x_gpio.o(.text.GPIO_Init)
    GPIO_PinRemapConfig                      0x08000341   Thumb Code   122  stm32f10x_gpio.o(.text.GPIO_PinRemapConfig)
    GPIO_ReadInputData                       0x080003bd   Thumb Code     6  stm32f10x_gpio.o(.text.GPIO_ReadInputData)
    GPIO_ResetBits                           0x080003c5   Thumb Code     4  stm32f10x_gpio.o(.text.GPIO_ResetBits)
    GPIO_SetBits                             0x080003c9   Thumb Code     4  stm32f10x_gpio.o(.text.GPIO_SetBits)
    InitGPIO                                 0x080003cd   Thumb Code   328  main.o(.text.InitGPIO)
    InitSysTick                              0x08000515   Thumb Code    32  main.o(.text.InitSysTick)
    InitUSART                                0x08000535   Thumb Code    62  main.o(.text.InitUSART)
    RCC_APB2PeriphClockCmd                   0x08000575   Thumb Code    24  stm32f10x_rcc.o(.text.RCC_APB2PeriphClockCmd)
    RCC_GetClocksFreq                        0x0800058d   Thumb Code   160  stm32f10x_rcc.o(.text.RCC_GetClocksFreq)
    SPI_I2S_GetFlagStatus                    0x0800062d   Thumb Code    10  stm32f10x_spi.o(.text.SPI_I2S_GetFlagStatus)
    SPI_I2S_SendData                         0x08000639   Thumb Code     4  stm32f10x_spi.o(.text.SPI_I2S_SendData)
    SysTick_Handler                          0x08000725   Thumb Code    24  main.o(.text.SysTick_Handler)
    SystemInit                               0x0800073d   Thumb Code    86  system_stm32f10x.o(.text.SystemInit)
    USART_Cmd                                0x08000795   Thumb Code    20  stm32f10x_usart.o(.text.USART_Cmd)
    USART_Init                               0x080007a9   Thumb Code   182  stm32f10x_usart.o(.text.USART_Init)
    UU_PutChar                               0x08000861   Thumb Code    10  usart_utilities.o(.text.UU_PutChar)
    UU_PutNumber                             0x0800086d   Thumb Code    84  usart_utilities.o(.text.UU_PutNumber)
    UU_PutString                             0x080008c1   Thumb Code    34  usart_utilities.o(.text.UU_PutString)
    hw_cat4016_blank_negate                  0x080009c1   Thumb Code    18  cat4016.o(.text.hw_cat4016_blank_negate)
    hw_cat4016_initialize                    0x080009d5   Thumb Code    50  cat4016.o(.text.hw_cat4016_initialize)
    hw_cat4016_latch_assert                  0x08000a09   Thumb Code    20  cat4016.o(.text.hw_cat4016_latch_assert)
    hw_cat4016_latch_negate                  0x08000a1d   Thumb Code    20  cat4016.o(.text.hw_cat4016_latch_negate)
    hw_cat4016_send_data_blocking            0x08000a31   Thumb Code    34  cat4016.o(.text.hw_cat4016_send_data_blocking)
    hw_cat4016_send_data_nonblocking         0x08000a55   Thumb Code    18  cat4016.o(.text.hw_cat4016_send_data_nonblocking)
    hw_cat4016_update_outputs                0x08000a69   Thumb Code    12  cat4016.o(.text.hw_cat4016_update_outputs)
    hw_display_cycle                         0x08000a75   Thumb Code   130  main.o(.text.hw_display_cycle)
    hw_read_key_columns                      0x08000af9   Thumb Code    20  main.o(.text.hw_read_key_columns)
    hw_segment_disable_all                   0x08000b0d   Thumb Code    32  main.o(.text.hw_segment_disable_all)
    hw_segment_enable                        0x08000b2d   Thumb Code   170  main.o(.text.hw_segment_enable)
    main                                     0x08000c3d   Thumb Code   316  main.o(.text.main)
    mux57_which_outputs                      0x08000d81   Thumb Code   220  mux57.o(.text.mux57_which_outputs)
    ti57_init                                0x08001305   Thumb Code    12  ti57.o(.text.ti57_init)
    ti57_is_error                            0x08001311   Thumb Code    18  state57.o(.text.ti57_is_error)
    ti57_next                                0x08001325   Thumb Code   158  ti57.o(.text.ti57_next)
    utils57_display_to_str                   0x080014a1   Thumb Code    88  utils57.o(.text.utils57_display_to_str)
    kb_row                                   0x08001608   Data           8  main.o(.rodata.kb_row)
    Region$$Table$$Base                      0x08001610   Number         0  anon$$obj.o(Region$$Table)
    Region$$Table$$Limit                     0x08001630   Number         0  anon$$obj.o(Region$$Table)
    ROM57                                    0x20000000   Data        4096  rom57.o(.data.ROM57)
    SystemCoreClock                          0x20001000   Data           4  system_stm32f10x.o(.data.SystemCoreClock)
    __libspace_start                         0x20001008   Data          96  libspace.o(.bss)
    __temporary_stack_top$libspace           0x20001068   Data           0  libspace.o(.bss)
    key_data                                 0x2000106c   Data           8  main.o(.bss.key_data)



==============================================================================

Memory Map of the image

  Image Entry point : 0x080000ed

  Load Region LR_IROM1 (Base: 0x08000000, Size: 0x00002638, Max: 0x00020000, ABSOLUTE)

    Execution Region ER_IROM1 (Exec base: 0x08000000, Load base: 0x08000000, Size: 0x00001630, Max: 0x00020000, ABSOLUTE)

    Exec Addr    Load Addr    Size         Type   Attr      Idx    E Section Name        Object

    0x08000000   0x08000000   0x000000ec   Data   RO          513    RESET               startup_stm32f10x_md.o
    0x080000ec   0x080000ec   0x00000008   Code   RO          550  * !!!main             c_w.l(__main.o)
    0x080000f4   0x080000f4   0x00000034   Code   RO          719    !!!scatter          c_w.l(__scatter.o)
    0x08000128   0x08000128   0x0000001a   Code   RO          721    !!handler_copy      c_w.l(__scatter_copy.o)
    0x08000142   0x08000142   0x00000002   PAD
    0x08000144   0x08000144   0x0000001c   Code   RO          723    !!handler_zi        c_w.l(__scatter_zi.o)
    0x08000160   0x08000160   0x00000002   Code   RO          583    .ARM.Collect$$libinit$$00000000  c_w.l(libinit.o)
    0x08000162   0x08000162   0x00000000   Code   RO          590    .ARM.Collect$$libinit$$00000002  c_w.l(libinit2.o)
    0x08000162   0x08000162   0x00000000   Code   RO          592    .ARM.Collect$$libinit$$00000004  c_w.l(libinit2.o)
    0x08000162   0x08000162   0x00000000   Code   RO          595    .ARM.Collect$$libinit$$0000000A  c_w.l(libinit2.o)
    0x08000162   0x08000162   0x00000000   Code   RO          597    .ARM.Collect$$libinit$$0000000C  c_w.l(libinit2.o)
    0x08000162   0x08000162   0x00000000   Code   RO          599    .ARM.Collect$$libinit$$0000000E  c_w.l(libinit2.o)
    0x08000162   0x08000162   0x00000000   Code   RO          602    .ARM.Collect$$libinit$$00000011  c_w.l(libinit2.o)
    0x08000162   0x08000162   0x00000000   Code   RO          604    .ARM.Collect$$libinit$$00000013  c_w.l(libinit2.o)
    0x08000162   0x08000162   0x00000000   Code   RO          606    .ARM.Collect$$libinit$$00000015  c_w.l(libinit2.o)
    0x08000162   0x08000162   0x00000000   Code   RO          608    .ARM.Collect$$libinit$$00000017  c_w.l(libinit2.o)
    0x08000162   0x08000162   0x00000000   Code   RO          610    .ARM.Collect$$libinit$$00000019  c_w.l(libinit2.o)
    0x08000162   0x08000162   0x00000000   Code   RO          612    .ARM.Collect$$libinit$$0000001B  c_w.l(libinit2.o)
    0x08000162   0x08000162   0x00000000   Code   RO          614    .ARM.Collect$$libinit$$0000001D  c_w.l(libinit2.o)
    0x08000162   0x08000162   0x00000000   Code   RO          616    .ARM.Collect$$libinit$$0000001F  c_w.l(libinit2.o)
    0x08000162   0x08000162   0x00000000   Code   RO          618    .ARM.Collect$$libinit$$00000021  c_w.l(libinit2.o)
    0x08000162   0x08000162   0x00000000   Code   RO          620    .ARM.Collect$$libinit$$00000023  c_w.l(libinit2.o)
    0x08000162   0x08000162   0x00000000   Code   RO          622    .ARM.Collect$$libinit$$00000025  c_w.l(libinit2.o)
    0x08000162   0x08000162   0x00000000   Code   RO          626    .ARM.Collect$$libinit$$0000002C  c_w.l(libinit2.o)
    0x08000162   0x08000162   0x00000000   Code   RO          628    .ARM.Collect$$libinit$$0000002E  c_w.l(libinit2.o)
    0x08000162   0x08000162   0x00000000   Code   RO          630    .ARM.Collect$$libinit$$00000030  c_w.l(libinit2.o)
    0x08000162   0x08000162   0x00000000   Code   RO          632    .ARM.Collect$$libinit$$00000032  c_w.l(libinit2.o)
    0x08000162   0x08000162   0x00000002   Code   RO          633    .ARM.Collect$$libinit$$00000033  c_w.l(libinit2.o)
    0x08000164   0x08000164   0x00000002   Code   RO          655    .ARM.Collect$$libshutdown$$00000000  c_w.l(libshutdown.o)
    0x08000166   0x08000166   0x00000000   Code   RO          670    .ARM.Collect$$libshutdown$$00000002  c_w.l(libshutdown2.o)
    0x08000166   0x08000166   0x00000000   Code   RO          672    .ARM.Collect$$libshutdown$$00000004  c_w.l(libshutdown2.o)
    0x08000166   0x08000166   0x00000000   Code   RO          675    .ARM.Collect$$libshutdown$$00000007  c_w.l(libshutdown2.o)
    0x08000166   0x08000166   0x00000000   Code   RO          678    .ARM.Collect$$libshutdown$$0000000A  c_w.l(libshutdown2.o)
    0x08000166   0x08000166   0x00000000   Code   RO          680    .ARM.Collect$$libshutdown$$0000000C  c_w.l(libshutdown2.o)
    0x08000166   0x08000166   0x00000000   Code   RO          683    .ARM.Collect$$libshutdown$$0000000F  c_w.l(libshutdown2.o)
    0x08000166   0x08000166   0x00000002   Code   RO          684    .ARM.Collect$$libshutdown$$00000010  c_w.l(libshutdown2.o)
    0x08000168   0x08000168   0x00000000   Code   RO          552    .ARM.Collect$$rtentry$$00000000  c_w.l(__rtentry.o)
    0x08000168   0x08000168   0x00000000   Code   RO          558    .ARM.Collect$$rtentry$$00000002  c_w.l(__rtentry2.o)
    0x08000168   0x08000168   0x00000006   Code   RO          570    .ARM.Collect$$rtentry$$00000004  c_w.l(__rtentry4.o)
    0x0800016e   0x0800016e   0x00000000   Code   RO          560    .ARM.Collect$$rtentry$$00000009  c_w.l(__rtentry2.o)
    0x0800016e   0x0800016e   0x00000004   Code   RO          561    .ARM.Collect$$rtentry$$0000000A  c_w.l(__rtentry2.o)
    0x08000172   0x08000172   0x00000000   Code   RO          563    .ARM.Collect$$rtentry$$0000000C  c_w.l(__rtentry2.o)
    0x08000172   0x08000172   0x00000008   Code   RO          564    .ARM.Collect$$rtentry$$0000000D  c_w.l(__rtentry2.o)
    0x0800017a   0x0800017a   0x00000002   Code   RO          587    .ARM.Collect$$rtexit$$00000000  c_w.l(rtexit.o)
    0x0800017c   0x0800017c   0x00000000   Code   RO          635    .ARM.Collect$$rtexit$$00000002  c_w.l(rtexit2.o)
    0x0800017c   0x0800017c   0x00000004   Code   RO          636    .ARM.Collect$$rtexit$$00000003  c_w.l(rtexit2.o)
    0x08000180   0x08000180   0x00000006   Code   RO          637    .ARM.Collect$$rtexit$$00000004  c_w.l(rtexit2.o)
    0x08000186   0x08000186   0x00000002   PAD
    0x08000188   0x08000188   0x00000040   Code   RO          514    .text               startup_stm32f10x_md.o
    0x080001c8   0x080001c8   0x0000004e   Code   RO          546    .text               c_w.l(rt_memclr_w.o)
    0x08000216   0x08000216   0x00000006   Code   RO          548    .text               c_w.l(heapauxi.o)
    0x0800021c   0x0800021c   0x0000004a   Code   RO          574    .text               c_w.l(sys_stackheap_outer.o)
    0x08000266   0x08000266   0x00000012   Code   RO          576    .text               c_w.l(exit.o)
    0x08000278   0x08000278   0x00000008   Code   RO          584    .text               c_w.l(libspace.o)
    0x08000280   0x08000280   0x0000000c   Code   RO          645    .text               c_w.l(sys_exit.o)
    0x0800028c   0x0800028c   0x00000002   Code   RO          660    .text               c_w.l(use_no_semi.o)
    0x0800028e   0x0800028e   0x00000000   Code   RO          662    .text               c_w.l(indicate_semi.o)
    0x0800028e   0x0800028e   0x00000002   PAD
    0x08000290   0x08000290   0x000000b0   Code   RO          278    .text.GPIO_Init     stm32f10x_gpio.o
    0x08000340   0x08000340   0x0000007a   Code   RO          304    .text.GPIO_PinRemapConfig  stm32f10x_gpio.o
    0x080003ba   0x080003ba   0x00000002   PAD
    0x080003bc   0x080003bc   0x00000006   Code   RO          284    .text.GPIO_ReadInputData  stm32f10x_gpio.o
    0x080003c2   0x080003c2   0x00000002   PAD
    0x080003c4   0x080003c4   0x00000004   Code   RO          292    .text.GPIO_ResetBits  stm32f10x_gpio.o
    0x080003c8   0x080003c8   0x00000004   Code   RO          290    .text.GPIO_SetBits  stm32f10x_gpio.o
    0x080003cc   0x080003cc   0x00000148   Code   RO           12    .text.InitGPIO      main.o
    0x08000514   0x08000514   0x00000020   Code   RO           18    .text.InitSysTick   main.o
    0x08000534   0x08000534   0x0000003e   Code   RO           16    .text.InitUSART     main.o
    0x08000572   0x08000572   0x00000002   PAD
    0x08000574   0x08000574   0x00000018   Code   RO          362    .text.RCC_APB2PeriphClockCmd  stm32f10x_rcc.o
    0x0800058c   0x0800058c   0x000000a0   Code   RO          358    .text.RCC_GetClocksFreq  stm32f10x_rcc.o
    0x0800062c   0x0800062c   0x0000000a   Code   RO          430    .text.SPI_I2S_GetFlagStatus  stm32f10x_spi.o
    0x08000636   0x08000636   0x00000002   PAD
    0x08000638   0x08000638   0x00000004   Code   RO          410    .text.SPI_I2S_SendData  stm32f10x_spi.o
    0x0800063c   0x0800063c   0x00000008   Code   RO          523    .text.SetSysClock   system_stm32f10x.o
    0x08000644   0x08000644   0x000000ba   Code   RO          527    .text.SetSysClockTo36  system_stm32f10x.o
    0x080006fe   0x080006fe   0x00000002   PAD
    0x08000700   0x08000700   0x00000024   Code   RO           20    .text.SysTick_Config  main.o
    0x08000724   0x08000724   0x00000018   Code   RO           22    .text.SysTick_Handler  main.o
    0x0800073c   0x0800073c   0x00000056   Code   RO          521    .text.SystemInit    system_stm32f10x.o
    0x08000792   0x08000792   0x00000002   PAD
    0x08000794   0x08000794   0x00000014   Code   RO          456    .text.USART_Cmd     stm32f10x_usart.o
    0x080007a8   0x080007a8   0x000000b6   Code   RO          448    .text.USART_Init    stm32f10x_usart.o
    0x0800085e   0x0800085e   0x00000002   PAD
    0x08000860   0x08000860   0x0000000a   Code   RO          195    .text.UU_PutChar    usart_utilities.o
    0x0800086a   0x0800086a   0x00000002   PAD
    0x0800086c   0x0800086c   0x00000054   Code   RO          199    .text.UU_PutNumber  usart_utilities.o
    0x080008c0   0x080008c0   0x00000022   Code   RO          197    .text.UU_PutString  usart_utilities.o
    0x080008e2   0x080008e2   0x00000002   PAD
    0x080008e4   0x080008e4   0x0000000e   Code   RO           26    .text.__NVIC_SetPriority  main.o
    0x080008f2   0x080008f2   0x00000002   PAD
    0x080008f4   0x080008f4   0x0000007a   Code   RO           72    .text.add           ti57.o
    0x0800096e   0x0800096e   0x00000002   PAD
    0x08000970   0x08000970   0x00000038   Code   RO           76    .text.exchange      ti57.o
    0x080009a8   0x080009a8   0x00000018   Code   RO           80    .text.get_base      ti57.o
    0x080009c0   0x080009c0   0x00000012   Code   RO          234    .text.hw_cat4016_blank_negate  cat4016.o
    0x080009d2   0x080009d2   0x00000002   PAD
    0x080009d4   0x080009d4   0x00000032   Code   RO          238    .text.hw_cat4016_initialize  cat4016.o
    0x08000a06   0x08000a06   0x00000002   PAD
    0x08000a08   0x08000a08   0x00000014   Code   RO          232    .text.hw_cat4016_latch_assert  cat4016.o
    0x08000a1c   0x08000a1c   0x00000014   Code   RO          230    .text.hw_cat4016_latch_negate  cat4016.o
    0x08000a30   0x08000a30   0x00000022   Code   RO          242    .text.hw_cat4016_send_data_blocking  cat4016.o
    0x08000a52   0x08000a52   0x00000002   PAD
    0x08000a54   0x08000a54   0x00000012   Code   RO          244    .text.hw_cat4016_send_data_nonblocking  cat4016.o
    0x08000a66   0x08000a66   0x00000002   PAD
    0x08000a68   0x08000a68   0x0000000c   Code   RO          246    .text.hw_cat4016_update_outputs  cat4016.o
    0x08000a74   0x08000a74   0x00000082   Code   RO            6    .text.hw_display_cycle  main.o
    0x08000af6   0x08000af6   0x00000002   PAD
    0x08000af8   0x08000af8   0x00000014   Code   RO            8    .text.hw_read_key_columns  main.o
    0x08000b0c   0x08000b0c   0x00000020   Code   RO            4    .text.hw_segment_disable_all  main.o
    0x08000b2c   0x08000b2c   0x000000aa   Code   RO           10    .text.hw_segment_enable  main.o
    0x08000bd6   0x08000bd6   0x00000002   PAD
    0x08000bd8   0x08000bd8   0x00000038   Code   RO           82    .text.is_pc_in      ti57.o
    0x08000c10   0x08000c10   0x0000002a   Code   RO           68    .text.left_shift    ti57.o
    0x08000c3a   0x08000c3a   0x00000002   PAD
    0x08000c3c   0x08000c3c   0x00000144   Code   RO            2    .text.main          main.o
    0x08000d80   0x08000d80   0x000000dc   Code   RO          183    .text.mux57_which_outputs  mux57.o
    0x08000e5c   0x08000e5c   0x00000026   Code   RO           44    .text.op_branch     ti57.o
    0x08000e82   0x08000e82   0x00000002   PAD
    0x08000e84   0x08000e84   0x00000020   Code   RO           46    .text.op_call       ti57.o
    0x08000ea4   0x08000ea4   0x0000007c   Code   RO           50    .text.op_flag       ti57.o
    0x08000f20   0x08000f20   0x000001d0   Code   RO           52    .text.op_mask       ti57.o
    0x080010f0   0x080010f0   0x00000108   Code   RO           48    .text.op_misc       ti57.o
    0x080011f8   0x080011f8   0x00000030   Code   RO           66    .text.right_shift   ti57.o
    0x08001228   0x08001228   0x00000010   Code   RO           64    .text.stack_pop     ti57.o
    0x08001238   0x08001238   0x0000000e   Code   RO           62    .text.stack_push    ti57.o
    0x08001246   0x08001246   0x00000002   PAD
    0x08001248   0x08001248   0x00000034   Code   RO           74    .text.store         ti57.o
    0x0800127c   0x0800127c   0x00000088   Code   RO           70    .text.subtract      ti57.o
    0x08001304   0x08001304   0x0000000c   Code   RO           40    .text.ti57_init     ti57.o
    0x08001310   0x08001310   0x00000012   Code   RO          108    .text.ti57_is_error  state57.o
    0x08001322   0x08001322   0x00000002   PAD
    0x08001324   0x08001324   0x0000009e   Code   RO           42    .text.ti57_next     ti57.o
    0x080013c2   0x080013c2   0x00000002   PAD
    0x080013c4   0x080013c4   0x0000001c   Code   RO           78    .text.update_R5     ti57.o
    0x080013e0   0x080013e0   0x00000090   Code   RO           56    .text.update_activity  ti57.o
    0x08001470   0x08001470   0x00000030   Code   RO           54    .text.update_mode   ti57.o
    0x080014a0   0x080014a0   0x0000006c   Code   RO          164    .text.utils57_display_to_str  utils57.o
    0x0800150c   0x0800150c   0x00000004   Data   RO          383    .rodata.ADCPrescTable  stm32f10x_rcc.o
    0x08001510   0x08001510   0x00000010   Data   RO          382    .rodata.APBAHBPrescTable  stm32f10x_rcc.o
    0x08001520   0x08001520   0x000000d8   Data   RO          185    .rodata.SEGMENT_MAP  mux57.o
    0x080015f8   0x080015f8   0x00000010   Data   RO          186    .rodata.cst16       mux57.o
    0x08001608   0x08001608   0x00000008   Data   RO           28    .rodata.kb_row      main.o
    0x08001610   0x08001610   0x00000020   Data   RO          718    Region$$Table       anon$$obj.o


    Execution Region RW_IRAM1 (Exec base: 0x20000000, Load base: 0x08001630, Size: 0x00001690, Max: 0x00005000, ABSOLUTE)

    Exec Addr    Load Addr    Size         Type   Attr      Idx    E Section Name        Object

    0x20000000   0x08001630   0x00001000   Data   RW           92    .data.ROM57         rom57.o
    0x20001000   0x08002630   0x00000004   Data   RW          529    .data.SystemCoreClock  system_stm32f10x.o
    0x20001004   0x08002634   0x00000004   PAD
    0x20001008        -       0x00000060   Zero   RW          585    .bss                c_w.l(libspace.o)
    0x20001068        -       0x00000004   Zero   RW           30    .bss.TimingDelay    main.o
    0x2000106c        -       0x00000008   Zero   RW           29    .bss.key_data       main.o
    0x20001074        -       0x00000019   Zero   RW          170    .bss.utils57_display_to_str.str  utils57.o
    0x2000108d   0x08002634   0x00000003   PAD
    0x20001090        -       0x00000200   Zero   RW          512    HEAP                startup_stm32f10x_md.o
    0x20001290        -       0x00000400   Zero   RW          511    STACK               startup_stm32f10x_md.o


==============================================================================

Image component sizes


      Code (inc. data)   RO Data    RW Data    ZI Data      Debug   Object Name

       172          0          0          0          0       3388   cat4016.o
      1172         32          8          0         12       9756   main.o
       220          0        232          0          0       2128   mux57.o
         0          0          0       4096          0        348   rom57.o
        64         26        236          0       1536        836   startup_stm32f10x_md.o
        18          0          0          0          0       6979   state57.o
       312          0          0          0          0       6186   stm32f10x_gpio.o
       184          0         20          0          0       8072   stm32f10x_rcc.o
        14          0          0          0          0       7506   stm32f10x_spi.o
       202          0          0          0          0       8665   stm32f10x_usart.o
       280          0          0          4          0       2871   system_stm32f10x.o
      1878         32          0          0          0      10896   ti57.o
       128          0          0          0          0       1860   usart_utilities.o
       108         20          0          0         25       3474   utils57.o

    ----------------------------------------------------------------------
      4796        110        528       4100       1580      72965   Object Totals
         0          0         32          0          0          0   (incl. Generated)
        44          0          0          0          7          0   (incl. Padding)

    ----------------------------------------------------------------------

      Code (inc. data)   RO Data    RW Data    ZI Data      Debug   Library Member Name

         8          0          0          0          0         68   __main.o
         0          0          0          0          0          0   __rtentry.o
        12          0          0          0          0          0   __rtentry2.o
         6          0          0          0          0          0   __rtentry4.o
        52          8          0          0          0          0   __scatter.o
        26          0          0          0          0          0   __scatter_copy.o
        28          0          0          0          0          0   __scatter_zi.o
        18          0          0          0          0         80   exit.o
         6          0          0          0          0        152   heapauxi.o
         0          0          0          0          0          0   indicate_semi.o
         2          0          0          0          0          0   libinit.o
         2          0          0          0          0          0   libinit2.o
         2          0          0          0          0          0   libshutdown.o
         2          0          0          0          0          0   libshutdown2.o
         8          4          0          0         96         68   libspace.o
        78          0          0          0          0         80   rt_memclr_w.o
         2          0          0          0          0          0   rtexit.o
        10          0          0          0          0          0   rtexit2.o
        12          4          0          0          0         68   sys_exit.o
        74          0          0          0          0         80   sys_stackheap_outer.o
         2          0          0          0          0         68   use_no_semi.o

    ----------------------------------------------------------------------
       356         16          0          0         96        664   Library Totals
         6          0          0          0          0          0   (incl. Padding)

    ----------------------------------------------------------------------

      Code (inc. data)   RO Data    RW Data    ZI Data      Debug   Library Name

       350         16          0          0         96        664   c_w.l

    ----------------------------------------------------------------------
       356         16          0          0         96        664   Library Totals

    ----------------------------------------------------------------------

==============================================================================


      Code (inc. data)   RO Data    RW Data    ZI Data      Debug   

      5152        126        528       4100       1676      73249   Grand Totals
      5152        126        528       4100       1676      73249   ELF Image Totals
      5152        126        528       4100          0          0   ROM Totals

==============================================================================

    Total RO  Size (Code + RO Data)                 5680 (   5.55kB)
    Total RW  Size (RW Data + ZI Data)              5776 (   5.64kB)
    Total ROM Size (Code + RO Data + RW Data)       9780 (   9.55kB)

==============================================================================

